2026-09-19T01:56:14.571Z preyvr_smoke_start version=0.3.1-static-ik-integration dll="D:\Dev Debug\PreyVR-integration\build\integration\Release\PreyVR.dll" dllSha256=32AD102CCD96FF08A0C8FB67D10D69BBF31004332014359E1AC5A747D8915CA2 host="D:\SteamLibrary\steamapps\common\Prey\Binaries\Danielle\x64\Release\Prey.exe" expectedLandmarks=34 hooks=compiled_default_off openxr=preflight_only
2026-09-19T01:56:14.572Z preyvr_landmark id=renderer.begin rva=0xF7D710 status=match
2026-09-19T01:56:14.572Z preyvr_landmark id=renderer.end rva=0xF7E210 status=match
2026-09-19T01:56:14.572Z preyvr_landmark id=renderer.present rva=0xF7E48A status=match
2026-09-19T01:56:14.572Z preyvr_landmark id=renderer.device_removed rva=0xF7E4DA status=match
2026-09-19T01:56:14.572Z preyvr_landmark id=renderer.dispatch rva=0xFE9D14 status=match
2026-09-19T01:56:14.572Z preyvr_landmark id=renderer.device_init rva=0xF50000 status=match
2026-09-19T01:56:14.572Z preyvr_landmark id=camera.update_view rva=0x148B820 status=match
2026-09-19T01:56:14.572Z preyvr_landmark id=camera.set_custom_view rva=0x1456460 status=match
2026-09-19T01:56:14.572Z preyvr_landmark id=camera.custom_view rva=0x15CA580 status=match
2026-09-19T01:56:14.572Z preyvr_landmark id=player.get_instance rva=0x157C990 status=match
2026-09-19T01:56:14.572Z preyvr_landmark id=aim.update_cached_ray rva=0x1585320 status=match
2026-09-19T01:56:14.572Z preyvr_landmark id=aim.get_cached_ray rva=0x157CBB0 status=match
2026-09-19T01:56:14.572Z preyvr_landmark id=aim.weapon_firing_query rva=0x1694890 status=match
2026-09-19T01:56:14.572Z preyvr_landmark id=aim.weapon_reticle_position rva=0x1694A20 status=match
2026-09-19T01:56:14.572Z preyvr_landmark id=anim.process_adik rva=0x877B50 status=match
2026-09-19T01:56:14.572Z preyvr_landmark id=movement.get_state rva=0x159AF10 status=match
2026-09-19T01:56:14.572Z preyvr_landmark id=wrench.attack_primary rva=0x16B1FD0 status=match
2026-09-19T01:56:14.572Z preyvr_landmark id=wrench.weapon_hit rva=0x16B2BC0 status=match
2026-09-19T01:56:14.572Z preyvr_landmark id=wrench.component_hit rva=0x13BF730 status=match
2026-09-19T01:56:14.572Z preyvr_landmark id=wrench.get_hits rva=0x13BD620 status=match
2026-09-19T01:56:14.572Z preyvr_landmark id=interaction.player_dispatch rva=0x15850DC status=match
2026-09-19T01:56:14.572Z preyvr_landmark id=interaction.select_candidates rva=0x159A660 status=match
2026-09-19T01:56:14.572Z preyvr_landmark id=interaction.interact rva=0x1593690 status=match
2026-09-19T01:56:14.572Z preyvr_landmark id=view.set_camera rva=0xEE7E80 status=match
2026-09-19T01:56:14.572Z preyvr_landmark id=view.ctor rva=0xEDF390 status=match
2026-09-19T01:56:14.572Z preyvr_landmark id=view.get_for_thread rva=0xFE5620 status=match
2026-09-19T01:56:14.572Z preyvr_landmark id=view.collect_looking_glass rva=0xEE44D0 status=match
2026-09-19T01:56:14.572Z preyvr_landmark id=view.enable_looking_glass rva=0xEE4B00 status=match
2026-09-19T01:56:14.572Z preyvr_landmark id=view.job_post_write rva=0xEE63C0 status=match
2026-09-19T01:56:14.572Z preyvr_landmark id=pass.create_general rva=0x1E5B30 status=match
2026-09-19T01:56:14.572Z preyvr_landmark id=world.render_world rva=0x21F520 status=match
2026-09-19T01:56:14.572Z preyvr_landmark id=system.render_begin rva=0xE0BD80 status=match
2026-09-19T01:56:14.572Z preyvr_landmark id=system.get_view_camera rva=0xDF2BB0 status=match
2026-09-19T01:56:14.572Z preyvr_landmark id=system.set_view_camera rva=0xDF4560 status=match
2026-09-19T01:56:14.572Z preyvr_frame_observer_plan status=ready targetRva=0xF7E210 target=0x7FFE1887E210 enabled=0
2026-09-19T01:56:14.572Z preyvr_snapshot module_base=0x7FFE17900000 gEnv=0x7FFE19B4D980
2026-09-19T01:56:14.572Z preyvr_snapshot ptr=gEnv.pSystem value=0x1F8E5529FB0 read=yes plausible=yes
2026-09-19T01:56:14.572Z preyvr_snapshot ptr=gEnv.pRenderer value=0x7FFE1A424E80 read=yes plausible=yes
2026-09-19T01:56:14.573Z preyvr_snapshot ptr=gEnv.p3DEngine value=0x0 read=yes plausible=no
2026-09-19T01:56:14.573Z preyvr_snapshot ptr=renderer.singleton value=0x7FFE1A424E80 read=yes plausible=yes
2026-09-19T01:56:14.573Z preyvr_snapshot identity system_vtable=yes engine_vtable=no render_world_slot=no renderer_agrees=yes
2026-09-19T01:56:14.573Z preyvr_snapshot view_camera pos=0.0000,0.0000,0.0000 fov=0.959931 res=640x480 ratio=1.333333 near=0.1000 far=8000.00
2026-09-19T01:56:14.573Z preyvr_snapshot view_camera_asym l=0.000000 r=0.000000 b=0.000000 t=0.000000 plausible=yes
2026-09-19T01:56:14.573Z preyvr_snapshot result=partial
2026-09-19T01:56:14.580Z preyvr_openxr_preflight status=ready runtimeSource=environment runtimeManifest="C:\Users\meise\AppData\Local\xr-sim\runtime\xrsim-x64.json" loader="D:\Dev Debug\PreyVR-integration\build\integration\Release\openxr_loader.dll" action=none
2026-09-19T01:56:14.580Z preyvr_channel result=0 detail=armed
2026-09-19T01:56:14.580Z preyvr_lifecycle module=pinned unload=process_exit_only
2026-09-19T01:56:14.580Z preyvr_smoke_result status=verified landmarks=34 hooks=compiled_default_off observer=ready module=pinned openxr=preflight_only openxrStatus=ready next=supported_host_smoke
2026-09-19T01:56:14.580Z preyvr_channel result=0 detail=started commands="D:\Dev Debug\PreyVR-integration\build\live\runs\run-20260919-115603\log\commands.txt" results="D:\Dev Debug\PreyVR-integration\build\live\runs\run-20260919-115603\log\results.txt"
2026-09-19T01:56:38.694Z preyvr_minhook result=0 detail=initialised
2026-09-19T01:56:38.863Z preyvr_frame_observer_result status=enabled mutation=none telemetry=bounded
2026-09-19T01:56:39.033Z preyvr_camera_edit result=ready targetRva=0xE0BA30 target=0x7FFE1870BA30
2026-09-19T01:56:39.033Z preyvr_camera_edit result=0 detail=native_projection enabled=1
2026-09-19T01:56:39.211Z preyvr_head_tracking result=0 detail=view_hook_installed target=ArkPlayerCamera::UpdateView
2026-09-19T01:56:39.211Z preyvr_head_tracking result=0 detail=view_observing value=1
2026-09-19T01:56:39.211Z preyvr_vr state=waiting_for_renderer controls=F11_enable,F12_recenter
2026-09-19T01:56:39.871Z preyvr_input_path result=0 detail=resolved gEnv=0x7ffe19b4d980 pInput=0x1f901a78e20 vtable=0x7ffe1965c4f0 alignment_pair_slot=10 confirmed=1 post_input_event_slot=12 post_input_event_rva=0x9d6d30
2026-09-19T01:56:39.871Z preyvr_input_path result=0 detail=vtable_slots 0=0x9d1860 1=0x9d5d20 2=0x9d7160 3=0x9d5c40 4=0x9826f0 5=0x9d5e60 6=0x9d71b0 7=0x9843b0 8=0x16fe0d0 9=0x9d5e00 10=0x9d6310 11=0x9d6a60 12=0x9d6d30 13=0x9d6fd0 14=0x1706520 15=0x9d6350 16=0x9d6480 17=0x9d1940 18=0x9d6ce0 19=0x9d1b70
2026-09-19T01:56:39.871Z preyvr_input_path result=0 detail=resolved gEnv=0x7ffe19b4d980 pInput=0x1f901a78e20 vtable=0x7ffe1965c4f0 alignment_pair_slot=10 confirmed=1 post_input_event_slot=12 post_input_event_rva=0x9d6d30
2026-09-19T01:56:39.871Z preyvr_input_path result=0 detail=vtable_slots 0=0x9d1860 1=0x9d5d20 2=0x9d7160 3=0x9d5c40 4=0x9826f0 5=0x9d5e60 6=0x9d71b0 7=0x9843b0 8=0x16fe0d0 9=0x9d5e00 10=0x9d6310 11=0x9d6a60 12=0x9d6d30 13=0x9d6fd0 14=0x1706520 15=0x9d6350 16=0x9d6480 17=0x9d1940 18=0x9d6ce0 19=0x9d1b70
2026-09-19T01:56:39.871Z preyvr_input_post result=0 detail=resolved slot=10
2026-09-19T01:56:39.871Z preyvr_input_post result=0 detail=enabled value=1
2026-09-19T01:56:39.871Z preyvr_xr_session result=0 detail=prefer_srgb enabled=1
2026-09-19T01:56:39.876Z preyvr_input_post result=0 detail=drain_thread id=32420
2026-09-19T01:56:39.961Z preyvr_xr_session xr_depth extension_supported=0
2026-09-19T01:56:39.961Z preyvr_xr_session ui_cylinder supported=0 flat_fallback=1
2026-09-19T01:56:40.011Z preyvr_xr_session instance created api_version=1.1.60
2026-09-19T01:56:40.045Z preyvr_xr_session runtime name="xr-sim"
2026-09-19T01:56:40.089Z preyvr_xr_session adapter prey_luid=0x0:1584e required_luid=0x0:1584e prey_index=0 required_index=0
2026-09-19T01:56:40.089Z preyvr_xr_session adapter result=agree
2026-09-19T01:56:40.224Z preyvr_xr_session tracking_space selected=STAGE
2026-09-19T01:56:40.224Z preyvr_xr_input result=0 detail=input_created profile=oculus/touch_controller
2026-09-19T01:56:40.224Z preyvr_xr_session result=0 detail=view_configuration views=2 recommended=2064x2208 max=16384x16384 recommendedSamples=1 maxSamples=1 viewsDiffer=0 submitting=1344x1440 note=submitted_size_is_preys_backbuffer_not_the_recommendation
2026-09-19T01:56:40.225Z preyvr_xr_session swapchain created 1344x1440 format=29 arraySize=2 images=3 colour_conversion=yes
2026-09-19T01:56:40.225Z preyvr_xr_session result=0 detail=started
2026-09-19T01:56:40.225Z preyvr_xr_input result=0 detail=menu_nav_gate value=1
2026-09-19T01:56:40.225Z preyvr_xr_input result=0 detail=menu_navigation value=1
2026-09-19T01:56:40.225Z preyvr_vr state=starting renderer=settled
2026-09-19T01:56:40.230Z preyvr_console result=0 detail=queued_to_engine command="r_MotionBlur 0"
2026-09-19T01:56:40.237Z preyvr_console result=0 detail=verified_readback command="r_MotionBlur 0"
2026-09-19T01:56:40.245Z preyvr_console result=0 detail=queued_to_engine command="r_AntialiasingMode 1"
2026-09-19T01:56:40.252Z preyvr_console result=0 detail=verified_readback command="r_AntialiasingMode 1"
2026-09-19T01:56:40.265Z preyvr_vr state=waiting_for_headset put_on_headset=1
2026-09-19T01:56:40.329Z preyvr_xr_session session begun
2026-09-19T01:56:40.330Z preyvr_xr_session result=0 detail=ui_panel active=1
2026-09-19T01:56:40.330Z preyvr_xr_session ui_surface angle_degrees=0.000000
2026-09-19T01:56:40.334Z preyvr_xr_session ui_pointer texture_ready=1
2026-09-19T01:56:40.334Z preyvr_xr_session result=0 detail=first_frame_submitted
2026-09-19T01:56:40.369Z preyvr_head_tracking result=0 detail=recentered yawRadians=-0 origin=0,1.6,0 heightCalibrated=0
2026-09-19T01:56:40.369Z preyvr_head_tracking result=0 detail=view_applying value=1
2026-09-19T01:56:40.369Z preyvr_view_hook result=0 detail=position_applying value=1
2026-09-19T01:56:40.369Z preyvr_camera_edit result=0 detail=stereo_armed ipd=0.063 halfFovDegrees=50 projectionPolicy=prey_native
2026-09-19T01:56:40.369Z preyvr_xr_session result=0 detail=stereo_submission enabled=1
2026-09-19T01:56:40.374Z preyvr_xr_session ui_surface angle_degrees=0.000000
2026-09-19T01:56:40.522Z preyvr_pointer inventory_capture_hook=installed
2026-09-19T01:56:40.527Z preyvr_render_contract head_missing valid=0 thread=32420
2026-09-19T01:56:40.527Z preyvr_camera_edit result=0 detail=first_application mode=stereo ipd=0.063 eye=0 originalPos=0,0,0 applied=1
2026-09-19T01:56:40.684Z preyvr_near_stereo result=0 detail=hook_installed target=PackViewInfo rva=0xFB57A0
2026-09-19T01:56:40.686Z preyvr_near_stereo result=0 detail=enabled value=1
2026-09-19T01:56:40.847Z preyvr_near_fov result=0 detail=hook_installed seam=RT_BeginFrame_return
2026-09-19T01:56:40.847Z preyvr_near_fov result=0 detail=setting_accepted
2026-09-19T01:56:41.171Z preyvr_move result=0 detail=hooks_installed x=0x158FD20 y=0x158FD80
2026-09-19T01:56:41.171Z preyvr_input_post result=0 detail=enabled value=1
2026-09-19T01:56:41.171Z preyvr_move result=0 detail=mode value=2
2026-09-19T01:56:41.171Z preyvr_input_post result=0 detail=enabled value=1
2026-09-19T01:56:41.171Z preyvr_move result=0 detail=turn value=1
2026-09-19T01:56:41.171Z preyvr_input_post result=0 detail=enabled value=1
2026-09-19T01:56:41.171Z preyvr_move result=0 detail=fire value=1
2026-09-19T01:56:41.338Z preyvr_aim_takeover result=0 detail=hook_installed target=ArkPlayer::UpdateCachedReticleViewPosAndDir
2026-09-19T01:56:41.338Z preyvr_aim_takeover result=0 detail=enabled value=1
2026-09-19T01:56:41.338Z preyvr_reticle result=0 detail=enabled value=1
2026-09-19T01:56:41.338Z preyvr_reticle result=0 detail=dispatch value=1
2026-09-19T01:56:41.501Z preyvr_weapon_attach result=0 detail=hook_installed target=CArkWeapon::AttachToHand
2026-09-19T01:56:41.661Z preyvr_weapon_attach result=0 detail=observing value=1 note=re-equip a weapon to capture
2026-09-19T01:56:41.840Z preyvr_anim_ik result=0 detail=hook_installed target=ProcessAnimationDrivenIK rva=0x877B50
2026-09-19T01:56:41.840Z preyvr_anim_ik result=0 detail=mode value=2
2026-09-19T01:56:41.840Z preyvr_anim_ik result=0 detail=controller_drive value=1
2026-09-19T01:56:41.840Z preyvr_anim_ik result=0 detail=hands mask=3
2026-09-19T01:56:41.840Z preyvr_anim_ik result=0 detail=reach_percent value=65
2026-09-19T01:56:42.013Z preyvr_vr state=active panel=automatic recenter=F12_or_grips_and_left_Y
2026-09-19T01:56:43.846Z preyvr_render_contract head_missing valid=0 thread=32420
2026-09-19T01:56:47.181Z preyvr_render_contract head_missing valid=0 thread=32420
2026-09-19T01:56:50.514Z preyvr_render_contract head_missing valid=0 thread=32420
2026-09-19T01:57:15.838Z preyvr_report smoke=n/a observerFrames=1336 xrSession=1 xrFrames=1125 fovAgreed=0 fovDiverged=0 projectionPolicy=prey_native cameraEdit=2 lastEye=1 viewObserved=0 viewApplied=0 viewPoseFallback=0 posApplied=0 posRefused=0 posOffsetMm=0 nearApplied=0 nearRefused=0 nearNoEye=0 nearReentered=0 nearAlreadyOffset=0 nearNoProvenance=4430 eyeLookupMiss=4430 nearDeltaUm=0 handMatched=0 handSkipped=0 handApplied=0 handRefused=0 handSubtree=0 handRightMm=0 handLeftMm=0 handNoPose=0 handJoints=0 handMode=0 handDriveArmed=0 handCalibrated=0 handRightJoint=-1 handLeftJoint=-1 handWristArmed=0 handWristApplied=0 handTurnYaw=0 ikMode=2 ikHooked=1 ikOwner=0x0 ikEquipGen=0 ikPoseSeq=0 ikNoOwner=0 ikBusy=0 ikCalls=0 ikMatched=0 ikRig=0x0 ikJoints=0 ikGate=0 ikCvar=-1 ikTargetR=-1 ikWeightR=-1 ikLimbEndR=-1 ikLimbTagR=0x0 ikTargetL=-1 ikWeightL=-1 ikLimbEndL=-1 ikWrittenR=0 ikWrittenL=0 ikNoPose=0 ikClamped=0 ikReach=65 ikCalR=0 ikCalL=0 ikLocMm=0,0,0 ikLocYawMdeg=0 ikGoalMm=0,0,0 handZeroRightMm=0,0,0 handWorldRightMm=0,0,0 handCalibYawMdeg=0 handLastYawMdeg=0 handLastCharacter=0x0 weaponAttachment=0x0 weaponBone=-1 weaponSim=0x0 muzzleHooked=1 muzzleSamples=0 muzzleSample=unavailable aimOriginApplied=0 aimSamples=0 aimOriginMode=0 aimMuzzleApplied=0 aimMuzzleUnavailable=0 barrelCalibrations=0 barrelOffsetMm=0,0,0 reticleApplied=0 reticleOffScreen=0 reticleXY=500,500 reticleCanvasXY=500,500 reticleCanvasMode=1 reticleNativeCanvas=0 reticleNativeCanvasFailed=0 reticleDispatched=0 reticleDispatchFailed=0 reticleProjection=unavailable aimDirMilli=0,0,0 aimRawQMilli=0,0,0 recenters=0 reticleOriginMm=0 reticleConvergeMm=10000 hudElement=0x0 hudCalls=0 hudRefused=0 captures=0 aimBodyYaw=1 camYawMdeg=0 headYawMdeg=0 playYawMdeg=0 eyeMm=0,0,0 headMm=0,0,0 yawHeld=0 yawUnavailable=0 weaponMountMm=0,0,0 weaponApplied=0 weaponRefused=0 weaponRotApplied=0 weaponRotNoPose=0 weaponRotDrive=0 weaponRotCalib=0 weaponBaseline=0 weaponAimUsable=0 aimApplied=0 aimNoPose=0 aimNoPlayer=0 aimCompose=0 aimNativeMagMilli=0 frameCaptures=0 frameTracked=0 frameOverrideApplied=0 frameOverrideRefused=0 menuActions=0 inputPosted=2 menuDiscarded=0 moveMode=2 moveHooked=1 moveOursX=0 moveOursY=0 moveNative=0 movePosted=0 moveDropped=0 moveInputObj=0x0 moveAxisMilli=0,0 moveCinematic=0 turnEnabled=1 turnPosted=0 turnRefused=0 fireEnabled=1 firePressed=0 fireReleased=0 fireRefused=0 mirrorFovPct=100 xrSyncs=1122 xrNotFocused=3 xrLocatedL=1122 xrLocatedR=1122 stickL=unavailable stickR=unavailable inputDropped=0 inputDrainThread=32420 channelProcessed=5 channelRejected=0
2026-09-19T01:57:29.976Z preyvr_xr_session result=0 detail=ui_panel active=0
2026-09-19T01:57:29.976Z preyvr_xr_session result=refused detail=render_contract eye=0 valid=0 time=0 lag=0 dropped=0
2026-09-19T01:57:30.252Z preyvr_anim_ik result=0 detail=rig_identified skeleton=0x1f97767f5f0 joints=101 adik=2 rTarget=38 rWeight=4 rHand=45 rLimb=40/41/45 lTarget=39 lWeight=5 lHand=72 lLimb=67/68/72
2026-09-19T01:57:30.257Z preyvr_anim_ik result=0 detail=calibration_requested
2026-09-19T01:57:30.315Z preyvr_xr_session result=0 detail=ui_panel active=1
2026-09-19T01:57:30.315Z preyvr_xr_session ui_surface angle_degrees=0.000000
2026-09-19T01:57:49.842Z preyvr_report smoke=n/a observerFrames=1946 xrSession=1 xrFrames=1728 fovAgreed=0 fovDiverged=7 projectionPolicy=prey_native cameraEdit=2 lastEye=1 viewObserved=604 viewApplied=604 viewPoseFallback=0 posApplied=604 posRefused=0 posOffsetMm=0 nearApplied=69069 nearRefused=0 nearNoEye=0 nearReentered=0 nearAlreadyOffset=0 nearNoProvenance=4453 eyeLookupMiss=4453 nearDeltaUm=-31500 handMatched=0 handSkipped=0 handApplied=0 handRefused=0 handSubtree=0 handRightMm=0 handLeftMm=0 handNoPose=0 handJoints=0 handMode=0 handDriveArmed=0 handCalibrated=0 handRightJoint=-1 handLeftJoint=-1 handWristArmed=0 handWristApplied=0 handTurnYaw=0 ikMode=2 ikHooked=1 ikOwner=0x1f98f541dd0 ikEquipGen=4 ikPoseSeq=1130 ikNoOwner=19 ikBusy=1 ikCalls=34 ikMatched=1 ikRig=0x1f97767f5f0 ikJoints=101 ikGate=1 ikCvar=1 ikTargetR=38 ikWeightR=4 ikLimbEndR=45 ikLimbTagR=0x4b494232 ikTargetL=39 ikWeightL=5 ikLimbEndL=72 ikWrittenR=1 ikWrittenL=1 ikNoPose=0 ikClamped=2 ikReach=65 ikCalR=0 ikCalL=0 ikLocMm=315001,743742,479500 ikLocYawMdeg=72491 ikGoalMm=205,43,967 handZeroRightMm=0,0,0 handWorldRightMm=0,0,0 handCalibYawMdeg=0 handLastYawMdeg=0 handLastCharacter=0x0 weaponAttachment=0x1f982fcc070 weaponBone=47 weaponSim=0x0 muzzleHooked=1 muzzleSamples=0 muzzleSample=unavailable aimOriginApplied=0 aimSamples=610 aimOriginMode=0 aimMuzzleApplied=0 aimMuzzleUnavailable=0 barrelCalibrations=0 barrelOffsetMm=0,0,0 reticleApplied=610 reticleOffScreen=7 reticleXY=499,726 reticleCanvasXY=499,726 reticleCanvasMode=1 reticleNativeCanvas=0 reticleNativeCanvasFailed=0 reticleDispatched=610 reticleDispatchFailed=0 reticleProjection=fresh rpIndex=610 rpStampNs=773333535025600 rpAgeNs=123800 rpContext=1 rpSeq=1732 rpEpoch=4 rpRef=2 rpDisplayTime=773333476683533 rpPlayYaw=1.26520741 rpHeadPos=0,1.60000002,0 rpHeadQ=0,0,0,1 rpRawPos=0.200000003,1.29999995,-0.349999994 rpRawQ=-0.342020154,0,0,0.939692736 rpOrigin=314.868439,743.785095,481.139557 rpDir=-0.730553627,0.230468154,-0.642787635 rpCamera=0.300854921,-0.953669965,0,314.973022,0.953669965,0.300854921,0,743.784241,0,0,1,481.22348 rpTans=-1.73205101,1.73205101,-1.85576892,1.85576892 rpDistance=10 rpRawXY=0.498859823,0.726079285 rpXY=0.498859823,0.726079285 rpClamped=0 rpDispatch=1 rpDispatchResults=0,0 aimDirMilli=-730,230,-642 aimRawQMilli=-342,0,0 recenters=0 reticleOriginMm=134 reticleConvergeMm=10000 hudElement=0x1f92917aca0 hudCalls=1220 hudRefused=0 captures=0 aimBodyYaw=1 camYawMdeg=72491 headYawMdeg=0 playYawMdeg=72491 eyeMm=314868,743785,481139 headMm=0,1600,0 yawHeld=0 yawUnavailable=0 weaponMountMm=551,89,1058 weaponApplied=0 weaponRefused=0 weaponRotApplied=0 weaponRotNoPose=0 weaponRotDrive=0 weaponRotCalib=0 weaponBaseline=1 weaponAimUsable=1 aimApplied=610 aimNoPose=0 aimNoPlayer=0 aimCompose=0 aimNativeMagMilli=1000 frameCaptures=0 frameTracked=0 frameOverrideApplied=0 frameOverrideRefused=0 menuActions=0 inputPosted=13 menuDiscarded=0 moveMode=2 moveHooked=1 moveOursX=0 moveOursY=0 moveNative=0 movePosted=2 moveDropped=0 moveInputObj=0x0 moveAxisMilli=0,0 moveCinematic=0 turnEnabled=1 turnPosted=1 turnRefused=0 fireEnabled=1 firePressed=0 fireReleased=0 fireRefused=0 mirrorFovPct=100 xrSyncs=1732 xrNotFocused=3 xrLocatedL=1732 xrLocatedR=1732 stickL=0,0 trigL=0 gripL=-200,1300,-350 gripLok=1 stickR=0,0 trigR=0 gripR=200,1300,-350 gripRok=1 inputDropped=0 inputDrainThread=32420 channelProcessed=10 channelRejected=0
2026-09-19T01:58:43.764Z preyvr_xr_input result=0 detail=menu_nav_gate value=1
2026-09-19T01:58:44.220Z preyvr_anim_ik result=0 detail=calibrated hand=1
2026-09-19T01:58:44.224Z preyvr_xr_session result=0 detail=ui_panel active=0
2026-09-19T01:58:44.224Z preyvr_xr_session render_contract accepted eye=0 sourceTime=773387892203811 pose=-0.0315,1.6,0 q=0,0,0,1
2026-09-19T01:58:44.236Z preyvr_xr_session render_contract accepted eye=1 sourceTime=773387892203811 pose=0.0315,1.6,0 q=0,0,0,1
2026-09-19T01:58:44.247Z preyvr_xr_session render_contract accepted eye=0 sourceTime=773387914426033 pose=-0.0315,1.6,0 q=0,0,0,1
2026-09-19T01:58:44.258Z preyvr_xr_session render_contract accepted eye=1 sourceTime=773387925537144 pose=0.0315,1.6,0 q=0,0,0,1
2026-09-19T01:58:48.896Z preyvr_xr_session result=0 detail=ui_panel active=1
2026-09-19T01:58:48.896Z preyvr_xr_session ui_surface angle_degrees=0.000000
2026-09-19T01:58:57.421Z preyvr_xr_session result=0 detail=ui_panel active=0
2026-09-19T01:58:57.798Z preyvr_xr_session result=0 detail=ui_panel active=1
2026-09-19T01:58:57.798Z preyvr_xr_session ui_surface angle_degrees=0.000000
2026-09-19T01:58:58.382Z preyvr_xr_input result=0 detail=menu_nav_gate value=1
2026-09-19T01:58:59.222Z preyvr_xr_session result=0 detail=ui_panel active=0
2026-09-19T01:59:05.277Z preyvr_xr_session render_contract accepted eye=1 sourceTime=773408957114521 pose=0.0315,1.6,0 q=0,0,0,1
2026-09-19T01:59:10.955Z preyvr_xr_session result=0 detail=ui_panel active=1
2026-09-19T01:59:10.955Z preyvr_xr_session ui_surface angle_degrees=0.000000
2026-09-19T01:59:19.295Z preyvr_frame_capture result=0 frame=6336 tag=1 width=1344 height=1440 format=28 rowPitch=5376 path=D:\Dev Debug\PreyVR-integration\build\integration\Release\frame-6336-tag1.pvrframe
2026-09-19T01:59:19.371Z preyvr_xr_input result=0 detail=menu_nav_gate value=1
2026-09-19T01:59:31.898Z preyvr_xr_session result=0 detail=ui_panel active=0
2026-09-19T01:59:37.330Z preyvr_xr_session render_contract accepted eye=1 sourceTime=773441010881642 pose=0.0315,1.6,0 q=0,0,0,1
2026-09-19T01:59:48.441Z preyvr_xr_session render_contract accepted eye=1 sourceTime=773452121992642 pose=0.0315,1.6,0 q=0,0,0,1
2026-09-19T01:59:56.916Z preyvr_xr_session result=0 detail=ui_panel active=1
2026-09-19T01:59:56.916Z preyvr_xr_session ui_surface angle_degrees=0.000000
2026-09-19T02:00:05.975Z preyvr_xr_session result=0 detail=ui_panel active=0
2026-09-19T02:00:06.722Z preyvr_xr_input result=0 detail=menu_nav_gate value=1
2026-09-19T02:00:07.551Z preyvr_head_tracking result=0 detail=snap_turn degrees=45
2026-09-19T02:00:07.567Z preyvr_anim_ik result=0 detail=calibration_requested
2026-09-19T02:00:07.619Z preyvr_anim_ik result=0 detail=rig_identified skeleton=0x1f97767f5f0 joints=101 adik=2 rTarget=38 rWeight=4 rHand=45 rLimb=40/41/45 lTarget=39 lWeight=5 lHand=72 lLimb=67/68/72
2026-09-19T02:00:10.783Z preyvr_anim_ik result=0 detail=calibrated hand=1
2026-09-19T02:00:14.539Z preyvr_xr_session render_contract accepted eye=0 sourceTime=773478181962722 pose=-0.0315,1.6,0 q=0,0,0,1
2026-09-19T02:00:20.455Z preyvr_head_tracking result=0 detail=snap_turn degrees=-45
2026-09-19T02:00:20.474Z preyvr_anim_ik result=0 detail=calibration_requested
2026-09-19T02:00:20.524Z preyvr_anim_ik result=0 detail=rig_identified skeleton=0x1f97767f5f0 joints=101 adik=2 rTarget=38 rWeight=4 rHand=45 rLimb=40/41/45 lTarget=39 lWeight=5 lHand=72 lLimb=67/68/72
2026-09-19T02:00:23.427Z preyvr_anim_ik result=0 detail=calibrated hand=1
2026-09-19T02:00:41.867Z preyvr_report smoke=n/a observerFrames=11051 xrSession=1 xrFrames=10824 fovAgreed=4822 fovDiverged=9 projectionPolicy=prey_native cameraEdit=2 lastEye=1 viewObserved=9708 viewApplied=9708 viewPoseFallback=0 posApplied=9708 posRefused=0 posOffsetMm=0 nearApplied=1009042 nearRefused=0 nearNoEye=0 nearReentered=0 nearAlreadyOffset=0 nearNoProvenance=4453 eyeLookupMiss=4453 nearDeltaUm=31500 handMatched=0 handSkipped=0 handApplied=0 handRefused=0 handSubtree=0 handRightMm=0 handLeftMm=0 handNoPose=0 handJoints=0 handMode=0 handDriveArmed=0 handCalibrated=0 handRightJoint=-1 handLeftJoint=-1 handWristArmed=0 handWristApplied=0 handTurnYaw=0 ikMode=2 ikHooked=1 ikOwner=0x1f98f541dd0 ikEquipGen=4 ikPoseSeq=10835 ikNoOwner=21 ikBusy=1 ikCalls=29267 ikMatched=4820 ikRig=0x1f97767f5f0 ikJoints=101 ikGate=1 ikCvar=1 ikTargetR=38 ikWeightR=4 ikLimbEndR=45 ikLimbTagR=0x4b494232 ikTargetL=39 ikWeightL=5 ikLimbEndL=72 ikWrittenR=4820 ikWrittenL=4820 ikNoPose=0 ikClamped=2 ikReach=65 ikCalR=0 ikCalL=1 ikLocMm=330488,745282,479500 ikLocYawMdeg=39746 ikGoalMm=-167,50,716 handZeroRightMm=0,0,0 handWorldRightMm=0,0,0 handCalibYawMdeg=0 handLastYawMdeg=0 handLastCharacter=0x0 weaponAttachment=0x1f982fcc070 weaponBone=47 weaponSim=0x0 muzzleHooked=1 muzzleSamples=0 muzzleSample=unavailable aimOriginApplied=0 aimSamples=9714 aimOriginMode=0 aimMuzzleApplied=0 aimMuzzleUnavailable=0 barrelCalibrations=0 barrelOffsetMm=0,0,0 reticleApplied=9712 reticleOffScreen=7 reticleXY=499,726 reticleCanvasXY=497,1653 reticleCanvasMode=1 reticleNativeCanvas=0 reticleNativeCanvasFailed=0 reticleDispatched=9712 reticleDispatchFailed=0 reticleProjection=fresh rpIndex=9712 rpStampNs=773505531026100 rpAgeNs=29198500 rpContext=1 rpSeq=10836 rpEpoch=4 rpRef=6 rpDisplayTime=773505403057266 rpPlayYaw=0.69370389 rpHeadPos=0,1.60000002,0 rpHeadQ=0,0.707106829,0,0.707106829 rpRawPos=-0.349999994,1.29999995,-0.200000018 rpRawQ=-0.241844773,0.664463043,0.241844773,0.664463043 rpOrigin=330.431183,745.19458,480.416168 rpDir=-0.588998675,-0.489800692,-0.642787635 rpCamera=-0.639389873,-0.768883049,0,330.488434,0.768883049,-0.639389873,0,745.282166,0,0,1,480.5 rpTans=-1.73205101,1.73205101,-1.85576892,1.85576892 rpDistance=10 rpRawXY=0.498856783,0.726075292 rpXY=0.498856783,0.726075292 rpClamped=0 rpDispatch=1 rpDispatchResults=0,0 aimDirMilli=-588,-489,-642 aimRawQMilli=-241,664,241 recenters=0 reticleOriginMm=134 reticleConvergeMm=10000 hudElement=0x1f92917aca0 hudCalls=19424 hudRefused=0 captures=1 aimBodyYaw=1 camYawMdeg=129746 headYawMdeg=90000 playYawMdeg=39746 eyeMm=330431,745194,480416 headMm=0,1600,0 yawHeld=0 yawUnavailable=0 weaponMountMm=551,89,1058 weaponApplied=0 weaponRefused=0 weaponRotApplied=0 weaponRotNoPose=0 weaponRotDrive=0 weaponRotCalib=0 weaponBaseline=1 weaponAimUsable=1 aimApplied=9714 aimNoPose=0 aimNoPlayer=0 aimCompose=0 aimNativeMagMilli=1000 frameCaptures=0 frameTracked=0 frameOverrideApplied=0 frameOverrideRefused=0 menuActions=216 inputPosted=477 menuDiscarded=0 moveMode=2 moveHooked=1 moveOursX=11 moveOursY=9 moveNative=0 movePosted=22 moveDropped=0 moveInputObj=0x1f96179ed30 moveAxisMilli=0,0 moveCinematic=0 turnEnabled=1 turnPosted=3 turnRefused=0 fireEnabled=1 firePressed=0 fireReleased=0 fireRefused=0 mirrorFovPct=100 xrSyncs=10837 xrNotFocused=3 xrLocatedL=10837 xrLocatedR=10837 stickL=0,0 trigL=0 gripL=-350,1300,200 gripLok=1 stickR=0,0 trigR=0 gripR=-350,1300,-200 gripRok=1 inputDropped=0 inputDrainThread=32420 channelProcessed=22 channelRejected=0
2026-09-19T02:00:42.485Z preyvr_head_tracking result=0 detail=recentered yawRadians=-0 origin=0,1.6,0 heightCalibrated=0
2026-09-19T02:00:42.506Z preyvr_anim_ik result=0 detail=calibration_requested
2026-09-19T02:00:42.531Z preyvr_anim_ik result=0 detail=rig_identified skeleton=0x1f97767f5f0 joints=101 adik=2 rTarget=38 rWeight=4 rHand=45 rLimb=40/41/45 lTarget=39 lWeight=5 lHand=72 lLimb=67/68/72
2026-09-19T02:00:43.101Z preyvr_head_tracking result=0 detail=recentered yawRadians=-0 origin=0,1.1,0 heightCalibrated=1
2026-09-19T02:00:43.123Z preyvr_anim_ik result=0 detail=calibration_requested
2026-09-19T02:00:43.137Z preyvr_anim_ik result=0 detail=rig_identified skeleton=0x1f97767f5f0 joints=101 adik=2 rTarget=38 rWeight=4 rHand=45 rLimb=40/41/45 lTarget=39 lWeight=5 lHand=72 lLimb=67/68/72
2026-09-19T02:00:46.086Z preyvr_anim_ik result=0 detail=calibrated hand=1
2026-09-19T02:00:47.747Z preyvr_xr_session render_contract accepted eye=1 sourceTime=773511416685411 pose=0.0315,1.1,0 q=0,0,0,1
2026-09-19T02:01:12.749Z preyvr_head_tracking result=0 detail=recentered yawRadians=-0 origin=0,1.6,0 heightCalibrated=1
2026-09-19T02:01:12.770Z preyvr_anim_ik result=0 detail=calibration_requested
2026-09-19T02:01:12.785Z preyvr_anim_ik result=0 detail=rig_identified skeleton=0x1f97767f5f0 joints=101 adik=2 rTarget=38 rWeight=4 rHand=45 rLimb=40/41/45 lTarget=39 lWeight=5 lHand=72 lLimb=67/68/72
2026-09-19T02:01:13.159Z preyvr_report smoke=n/a observerFrames=11998 xrSession=1 xrFrames=11768 fovAgreed=5769 fovDiverged=9 projectionPolicy=prey_native cameraEdit=2 lastEye=0 viewObserved=10655 viewApplied=10655 viewPoseFallback=0 posApplied=10655 posRefused=0 posOffsetMm=0 nearApplied=1107455 nearRefused=0 nearNoEye=0 nearReentered=0 nearAlreadyOffset=0 nearNoProvenance=4453 eyeLookupMiss=4453 nearDeltaUm=-31500 handMatched=0 handSkipped=0 handApplied=0 handRefused=0 handSubtree=0 handRightMm=0 handLeftMm=0 handNoPose=0 handJoints=0 handMode=0 handDriveArmed=0 handCalibrated=0 handRightJoint=-1 handLeftJoint=-1 handWristArmed=0 handWristApplied=0 handTurnYaw=0 ikMode=2 ikHooked=1 ikOwner=0x1f98f541dd0 ikEquipGen=4 ikPoseSeq=11782 ikNoOwner=23 ikBusy=1 ikCalls=35080 ikMatched=5765 ikRig=0x1f97767f5f0 ikJoints=101 ikGate=1 ikCvar=1 ikTargetR=38 ikWeightR=4 ikLimbEndR=45 ikLimbTagR=0x4b494232 ikTargetL=39 ikWeightL=5 ikLimbEndL=72 ikWrittenR=5765 ikWrittenL=5765 ikNoPose=0 ikClamped=2 ikReach=65 ikCalR=0 ikCalL=0 ikLocMm=330488,745282,479500 ikLocYawMdeg=39746 ikGoalMm=-167,50,716 handZeroRightMm=0,0,0 handWorldRightMm=0,0,0 handCalibYawMdeg=0 handLastYawMdeg=0 handLastCharacter=0x0 weaponAttachment=0x1f982fcc070 weaponBone=47 weaponSim=0x0 muzzleHooked=1 muzzleSamples=0 muzzleSample=unavailable aimOriginApplied=0 aimSamples=10661 aimOriginMode=0 aimMuzzleApplied=0 aimMuzzleUnavailable=0 barrelCalibrations=0 barrelOffsetMm=0,0,0 reticleApplied=10659 reticleOffScreen=7 reticleXY=501,726 reticleCanvasXY=503,1653 reticleCanvasMode=1 reticleNativeCanvas=0 reticleNativeCanvasFailed=0 reticleDispatched=10659 reticleDispatchFailed=0 reticleProjection=fresh rpIndex=10659 rpStampNs=773536840891600 rpAgeNs=11212700 rpContext=1 rpSeq=11783 rpEpoch=4 rpRef=12 rpDisplayTime=773536824991911 rpPlayYaw=0.69370389 rpHeadPos=0,1.60000002,0 rpHeadQ=0,0.707106829,0,0.707106829 rpRawPos=-0.349999994,1.29999995,-0.200000018 rpRawQ=-0.241844773,0.664463043,0.241844773,0.664463043 rpOrigin=330.432159,745.19342,480.416168 rpDir=-0.588998675,-0.489800692,-0.642787635 rpCamera=-0.639389873,-0.768883049,0,330.528717,0.768883049,-0.639389873,0,745.233704,0,0,1,480.5 rpTans=-1.73205101,1.73205101,-1.85576892,1.85576892 rpDistance=10 rpRawXY=0.501144528,0.726076007 rpXY=0.501144528,0.726076007 rpClamped=0 rpDispatch=1 rpDispatchResults=0,0 aimDirMilli=-588,-489,-642 aimRawQMilli=-241,664,241 recenters=0 reticleOriginMm=134 reticleConvergeMm=10000 hudElement=0x1f92917aca0 hudCalls=21318 hudRefused=0 captures=1 aimBodyYaw=1 camYawMdeg=129746 headYawMdeg=90000 playYawMdeg=39746 eyeMm=330432,745193,480416 headMm=0,1600,0 yawHeld=0 yawUnavailable=0 weaponMountMm=551,89,1058 weaponApplied=0 weaponRefused=0 weaponRotApplied=0 weaponRotNoPose=0 weaponRotDrive=0 weaponRotCalib=0 weaponBaseline=1 weaponAimUsable=1 aimApplied=10661 aimNoPose=0 aimNoPlayer=0 aimCompose=0 aimNativeMagMilli=1000 frameCaptures=0 frameTracked=0 frameOverrideApplied=0 frameOverrideRefused=0 menuActions=216 inputPosted=477 menuDiscarded=0 moveMode=2 moveHooked=1 moveOursX=11 moveOursY=9 moveNative=0 movePosted=22 moveDropped=0 moveInputObj=0x1f96179ed30 moveAxisMilli=0,0 moveCinematic=0 turnEnabled=1 turnPosted=3 turnRefused=0 fireEnabled=1 firePressed=0 fireReleased=0 fireRefused=0 mirrorFovPct=100 xrSyncs=11784 xrNotFocused=3 xrLocatedL=11784 xrLocatedR=11784 stickL=0,0 trigL=0 gripL=-350,1300,200 gripLok=1 stickR=0,0 trigR=0 gripR=-350,1300,-200 gripRok=1 inputDropped=0 inputDrainThread=32420 channelProcessed=28 channelRejected=0
2026-09-19T02:01:15.806Z preyvr_anim_ik result=0 detail=calibrated hand=1
2026-09-19T02:01:20.952Z preyvr_xr_session render_contract accepted eye=1 sourceTime=773544555232044 pose=-3.72529e-09,1.6,-0.0315 q=0,0.707107,0,0.707107
2026-09-19T02:01:31.257Z preyvr_report smoke=n/a observerFrames=12593 xrSession=1 xrFrames=12363 fovAgreed=6364 fovDiverged=9 projectionPolicy=prey_native cameraEdit=2 lastEye=1 viewObserved=11252 viewApplied=11252 viewPoseFallback=0 posApplied=11252 posRefused=0 posOffsetMm=0 nearApplied=1207395 nearRefused=0 nearNoEye=0 nearReentered=0 nearAlreadyOffset=0 nearNoProvenance=4453 eyeLookupMiss=4453 nearDeltaUm=-31500 handMatched=0 handSkipped=0 handApplied=0 handRefused=0 handSubtree=0 handRightMm=0 handLeftMm=0 handNoPose=0 handJoints=0 handMode=0 handDriveArmed=0 handCalibrated=0 handRightJoint=-1 handLeftJoint=-1 handWristArmed=0 handWristApplied=0 handTurnYaw=0 ikMode=2 ikHooked=1 ikOwner=0x1f98f541dd0 ikEquipGen=4 ikPoseSeq=12378 ikNoOwner=23 ikBusy=1 ikCalls=44038 ikMatched=6362 ikRig=0x1f97767f5f0 ikJoints=101 ikGate=1 ikCvar=1 ikTargetR=38 ikWeightR=4 ikLimbEndR=45 ikLimbTagR=0x4b494232 ikTargetL=39 ikWeightL=5 ikLimbEndL=72 ikWrittenR=6362 ikWrittenL=6362 ikNoPose=0 ikClamped=2 ikReach=65 ikCalR=0 ikCalL=1 ikLocMm=330488,745282,479500 ikLocYawMdeg=39746 ikGoalMm=-167,50,716 handZeroRightMm=0,0,0 handWorldRightMm=0,0,0 handCalibYawMdeg=0 handLastYawMdeg=0 handLastCharacter=0x0 weaponAttachment=0x1f982fcc070 weaponBone=47 weaponSim=0x0 muzzleHooked=1 muzzleSamples=0 muzzleSample=unavailable aimOriginApplied=0 aimSamples=11258 aimOriginMode=0 aimMuzzleApplied=0 aimMuzzleUnavailable=0 barrelCalibrations=0 barrelOffsetMm=0,0,0 reticleApplied=11256 reticleOffScreen=7 reticleXY=499,726 reticleCanvasXY=497,1653 reticleCanvasMode=1 reticleNativeCanvas=0 reticleNativeCanvasFailed=0 reticleDispatched=11256 reticleDispatchFailed=0 reticleProjection=fresh rpIndex=11256 rpStampNs=773554949722800 rpAgeNs=279600 rpContext=1 rpSeq=12379 rpEpoch=4 rpRef=12 rpDisplayTime=773554956246890 rpPlayYaw=0.693705797 rpHeadPos=0,1.60000002,0 rpHeadQ=0,0.707106829,0,0.707106829 rpRawPos=-0.349999994,1.29999995,-0.200000018 rpRawQ=-0.241844773,0.664463043,0.241844773,0.664463043 rpOrigin=330.431183,745.19458,480.416168 rpDir=-0.588997722,-0.489801943,-0.642787576 rpCamera=-0.639390945,-0.768881798,0,330.488434,0.768881798,-0.639390945,0,745.282166,0,0,1,480.5 rpTans=-1.73205101,1.73205101,-1.85576892,1.85576892 rpDistance=10 rpRawXY=0.498856634,0.726075292 rpXY=0.498856634,0.726075292 rpClamped=0 rpDispatch=1 rpDispatchResults=0,0 aimDirMilli=-588,-489,-642 aimRawQMilli=-241,664,241 recenters=0 reticleOriginMm=134 reticleConvergeMm=10000 hudElement=0x1f92917aca0 hudCalls=22512 hudRefused=0 captures=1 aimBodyYaw=1 camYawMdeg=129746 headYawMdeg=90000 playYawMdeg=39746 eyeMm=330431,745194,480416 headMm=0,1600,0 yawHeld=0 yawUnavailable=0 weaponMountMm=551,89,1058 weaponApplied=0 weaponRefused=0 weaponRotApplied=0 weaponRotNoPose=0 weaponRotDrive=0 weaponRotCalib=0 weaponBaseline=1 weaponAimUsable=1 aimApplied=11258 aimNoPose=0 aimNoPlayer=0 aimCompose=0 aimNativeMagMilli=1000 frameCaptures=0 frameTracked=0 frameOverrideApplied=0 frameOverrideRefused=0 menuActions=216 inputPosted=477 menuDiscarded=0 moveMode=2 moveHooked=1 moveOursX=11 moveOursY=9 moveNative=0 movePosted=22 moveDropped=0 moveInputObj=0x1f96179ed30 moveAxisMilli=0,0 moveCinematic=0 turnEnabled=1 turnPosted=3 turnRefused=0 fireEnabled=1 firePressed=0 fireReleased=0 fireRefused=0 mirrorFovPct=100 xrSyncs=12379 xrNotFocused=3 xrLocatedL=12379 xrLocatedR=12379 stickL=0,0 trigL=0 gripL=-350,1300,200 gripLok=1 stickR=0,0 trigR=0 gripR=-350,1300,-200 gripRok=1 inputDropped=0 inputDrainThread=32420 channelProcessed=29 channelRejected=0
2026-09-19T02:01:32.413Z preyvr_xr_session result=0 detail=ui_panel active=1
2026-09-19T02:01:32.413Z preyvr_xr_session ui_surface angle_degrees=0.000000
2026-09-19T02:01:35.608Z preyvr_xr_session result=0 detail=ui_panel active=0
2026-09-19T02:01:40.119Z preyvr_xr_session result=0 detail=ui_panel active=1
2026-09-19T02:01:40.119Z preyvr_xr_session ui_surface angle_degrees=0.000000
2026-09-19T02:01:43.830Z preyvr_xr_session result=0 detail=ui_panel active=0
2026-09-19T02:01:45.276Z preyvr_xr_session render_contract accepted eye=1 sourceTime=773568954850316 pose=0.0315,1.6,0 q=0,0,0,1
2026-09-19T02:01:56.385Z preyvr_xr_session render_contract accepted eye=1 sourceTime=773580065961316 pose=0.0315,1.6,0 q=0,0,0,1
2026-09-19T02:02:01.159Z preyvr_xr_session result=0 detail=ui_panel active=1
2026-09-19T02:02:01.159Z preyvr_xr_session ui_surface angle_degrees=0.000000
2026-09-19T02:02:13.913Z preyvr_xr_session result=0 detail=ui_panel active=0
2026-09-19T02:02:15.914Z preyvr_xr_input result=0 detail=menu_nav_gate value=1
2026-09-19T02:02:25.364Z preyvr_report smoke=n/a observerFrames=15657 xrSession=1 xrFrames=15424 fovAgreed=8765 fovDiverged=9 projectionPolicy=prey_native cameraEdit=2 lastEye=1 viewObserved=14314 viewApplied=14314 viewPoseFallback=0 posApplied=14314 posRefused=0 posOffsetMm=0 nearApplied=1527659 nearRefused=0 nearNoEye=0 nearReentered=0 nearAlreadyOffset=0 nearNoProvenance=4453 eyeLookupMiss=4453 nearDeltaUm=31500 handMatched=0 handSkipped=0 handApplied=0 handRefused=0 handSubtree=0 handRightMm=0 handLeftMm=0 handNoPose=0 handJoints=0 handMode=0 handDriveArmed=0 handCalibrated=0 handRightJoint=-1 handLeftJoint=-1 handWristArmed=0 handWristApplied=0 handTurnYaw=0 ikMode=2 ikHooked=1 ikOwner=0x1f98f541dd0 ikEquipGen=4 ikPoseSeq=15441 ikNoOwner=23 ikBusy=1 ikCalls=61818 ikMatched=8758 ikRig=0x1f97767f5f0 ikJoints=101 ikGate=1 ikCvar=1 ikTargetR=38 ikWeightR=4 ikLimbEndR=45 ikLimbTagR=0x4b494232 ikTargetL=39 ikWeightL=5 ikLimbEndL=72 ikWrittenR=8758 ikWrittenL=8758 ikNoPose=0 ikClamped=2 ikReach=65 ikCalR=0 ikCalL=1 ikLocMm=330488,745282,479500 ikLocYawMdeg=39746 ikGoalMm=-169,47,719 handZeroRightMm=0,0,0 handWorldRightMm=0,0,0 handCalibYawMdeg=0 handLastYawMdeg=0 handLastCharacter=0x0 weaponAttachment=0x1f982fcc070 weaponBone=47 weaponSim=0x0 muzzleHooked=1 muzzleSamples=0 muzzleSample=unavailable aimOriginApplied=0 aimSamples=14320 aimOriginMode=0 aimMuzzleApplied=0 aimMuzzleUnavailable=0 barrelCalibrations=0 barrelOffsetMm=0,0,0 reticleApplied=14318 reticleOffScreen=7 reticleXY=499,726 reticleCanvasXY=497,1653 reticleCanvasMode=1 reticleNativeCanvas=0 reticleNativeCanvasFailed=0 reticleDispatched=14318 reticleDispatchFailed=0 reticleProjection=fresh rpIndex=14318 rpStampNs=773609026117300 rpAgeNs=30608000 rpContext=1 rpSeq=15442 rpEpoch=4 rpRef=12 rpDisplayTime=773608922281555 rpPlayYaw=0.741705179 rpHeadPos=0,1.60000002,0 rpHeadQ=0,0.707106829,0,0.707106829 rpRawPos=-0.349999994,1.29999995,-0.200000018 rpRawQ=-0.241844773,0.664463043,0.241844773,0.664463043 rpOrigin=330.428833,745.199219,480.416077 rpDir=-0.564818203,-0.517498434,-0.642787576 rpCamera=-0.675546288,-0.737317741,0,330.481781,0.737317741,-0.675546288,0,745.28949,0,0,1,480.5 rpTans=-1.73205101,1.73205101,-1.85576892,1.85576892 rpDistance=10 rpRawXY=0.498854697,0.726078451 rpXY=0.498854697,0.726078451 rpClamped=0 rpDispatch=1 rpDispatchResults=0,0 aimDirMilli=-564,-517,-642 aimRawQMilli=-241,664,241 recenters=0 reticleOriginMm=134 reticleConvergeMm=10000 hudElement=0x1f92917aca0 hudCalls=28636 hudRefused=0 captures=1 aimBodyYaw=1 camYawMdeg=132496 headYawMdeg=90000 playYawMdeg=42496 eyeMm=330428,745199,480416 headMm=0,1600,0 yawHeld=0 yawUnavailable=0 weaponMountMm=551,89,1058 weaponApplied=0 weaponRefused=0 weaponRotApplied=0 weaponRotNoPose=0 weaponRotDrive=0 weaponRotCalib=0 weaponBaseline=1 weaponAimUsable=1 aimApplied=14320 aimNoPose=0 aimNoPlayer=0 aimCompose=0 aimNativeMagMilli=1000 frameCaptures=0 frameTracked=0 frameOverrideApplied=0 frameOverrideRefused=0 menuActions=216 inputPosted=488 menuDiscarded=0 moveMode=2 moveHooked=1 moveOursX=14 moveOursY=12 moveNative=0 movePosted=28 moveDropped=0 moveInputObj=0x1f96179ed30 moveAxisMilli=0,0 moveCinematic=0 turnEnabled=1 turnPosted=3 turnRefused=0 fireEnabled=1 firePressed=0 fireReleased=0 fireRefused=0 mirrorFovPct=100 xrSyncs=15443 xrNotFocused=3 xrLocatedL=15443 xrLocatedR=15443 stickL=0,0 trigL=0 gripL=-350,1300,200 gripLok=1 stickR=0,0 trigR=0 gripR=-350,1300,-200 gripRok=1 inputDropped=0 inputDrainThread=32420 channelProcessed=32 channelRejected=0
2026-09-19T02:02:33.131Z preyvr_xr_session render_contract accepted eye=0 sourceTime=773616711865655 pose=-0.0315,1.6,0 q=0,0,0,1
2026-09-19T02:03:05.950Z preyvr_xr_session render_contract accepted eye=0 sourceTime=773649550947444 pose=-0.0315,1.6,0 q=0,0,0,1
2026-09-19T02:03:17.863Z preyvr_xr_input result=0 detail=menu_nav_gate value=1
2026-09-19T02:03:18.685Z preyvr_report smoke=n/a observerFrames=17279 xrSession=1 xrFrames=17046 fovAgreed=10387 fovDiverged=9 projectionPolicy=prey_native cameraEdit=2 lastEye=1 viewObserved=15936 viewApplied=15936 viewPoseFallback=0 posApplied=15936 posRefused=0 posOffsetMm=0 nearApplied=1690256 nearRefused=0 nearNoEye=0 nearReentered=0 nearAlreadyOffset=0 nearNoProvenance=4453 eyeLookupMiss=4453 nearDeltaUm=31500 handMatched=0 handSkipped=0 handApplied=0 handRefused=0 handSubtree=0 handRightMm=0 handLeftMm=0 handNoPose=0 handJoints=0 handMode=0 handDriveArmed=0 handCalibrated=0 handRightJoint=-1 handLeftJoint=-1 handWristArmed=0 handWristApplied=0 handTurnYaw=0 ikMode=2 ikHooked=1 ikOwner=0x1f98f541dd0 ikEquipGen=4 ikPoseSeq=17063 ikNoOwner=23 ikBusy=1 ikCalls=71802 ikMatched=10380 ikRig=0x1f97767f5f0 ikJoints=101 ikGate=1 ikCvar=1 ikTargetR=38 ikWeightR=4 ikLimbEndR=45 ikLimbTagR=0x4b494232 ikTargetL=39 ikWeightL=5 ikLimbEndL=72 ikWrittenR=10380 ikWrittenL=10380 ikNoPose=0 ikClamped=2 ikReach=65 ikCalR=0 ikCalL=1 ikLocMm=330214,745034,479500 ikLocYawMdeg=42318 ikGoalMm=-144,55,719 handZeroRightMm=0,0,0 handWorldRightMm=0,0,0 handCalibYawMdeg=0 handLastYawMdeg=0 handLastCharacter=0x0 weaponAttachment=0x1f982fcc070 weaponBone=47 weaponSim=0x0 muzzleHooked=1 muzzleSamples=0 muzzleSample=unavailable aimOriginApplied=0 aimSamples=15942 aimOriginMode=0 aimMuzzleApplied=0 aimMuzzleUnavailable=0 barrelCalibrations=0 barrelOffsetMm=0,0,0 reticleApplied=15940 reticleOffScreen=7 reticleXY=499,726 reticleCanvasXY=497,1653 reticleCanvasMode=1 reticleNativeCanvas=0 reticleNativeCanvasFailed=0 reticleDispatched=15940 reticleDispatchFailed=0 reticleProjection=fresh rpIndex=15940 rpStampNs=773662359447300 rpAgeNs=18216500 rpContext=1 rpSeq=17064 rpEpoch=4 rpRef=12 rpDisplayTime=773662297793233 rpPlayYaw=0.741705179 rpHeadPos=0,1.60000002,0 rpHeadQ=0,0.707106829,0,0.707106829 rpRawPos=-0.349999994,1.29999995,-0.200000018 rpRawQ=-0.241844773,0.664463043,0.241844773,0.664463043 rpOrigin=330.155609,744.950745,480.416077 rpDir=-0.564818203,-0.517498434,-0.642787576 rpCamera=-0.675546288,-0.737317502,0,330.208557,0.737317502,-0.675546288,0,745.040955,0,0,1,480.5 rpTans=-1.73205101,1.73205101,-1.85576892,1.85576892 rpDistance=10 rpRawXY=0.498856425,0.726079702 rpXY=0.498856425,0.726079702 rpClamped=0 rpDispatch=1 rpDispatchResults=0,0 aimDirMilli=-564,-517,-642 aimRawQMilli=-241,664,241 recenters=0 reticleOriginMm=134 reticleConvergeMm=10000 hudElement=0x1f92917aca0 hudCalls=31880 hudRefused=0 captures=1 aimBodyYaw=1 camYawMdeg=132496 headYawMdeg=90000 playYawMdeg=42496 eyeMm=330155,744950,480416 headMm=0,1600,0 yawHeld=0 yawUnavailable=0 weaponMountMm=551,89,1058 weaponApplied=0 weaponRefused=0 weaponRotApplied=0 weaponRotNoPose=0 weaponRotDrive=0 weaponRotCalib=0 weaponBaseline=1 weaponAimUsable=1 aimApplied=15942 aimNoPose=0 aimNoPlayer=0 aimCompose=0 aimNativeMagMilli=1000 frameCaptures=0 frameTracked=0 frameOverrideApplied=0 frameOverrideRefused=0 menuActions=216 inputPosted=489 menuDiscarded=0 moveMode=2 moveHooked=1 moveOursX=15 moveOursY=12 moveNative=0 movePosted=29 moveDropped=0 moveInputObj=0x1f96179ed30 moveAxisMilli=-647,0 moveCinematic=0 turnEnabled=1 turnPosted=3 turnRefused=0 fireEnabled=1 firePressed=0 fireReleased=0 fireRefused=0 mirrorFovPct=100 xrSyncs=17065 xrNotFocused=3 xrLocatedL=17065 xrLocatedR=17065 stickL=0,700 trigL=0 gripL=-350,1300,200 gripLok=1 stickR=0,700 trigR=0 gripR=-350,1300,-200 gripRok=1 inputDropped=0 inputDrainThread=32420 channelProcessed=34 channelRejected=0
2026-09-19T02:03:39.035Z preyvr_xr_session render_contract accepted eye=0 sourceTime=773682682110422 pose=-0.0315,1.6,0 q=0,0,0,1
2026-09-19T02:03:49.135Z preyvr_camera_edit result=0 detail=stereo_disarmed
2026-09-19T02:03:49.135Z preyvr_head_tracking result=0 detail=view_applying value=0
2026-09-19T02:03:49.135Z preyvr_view_hook result=0 detail=position_applying value=0
2026-09-19T02:03:49.135Z preyvr_near_stereo result=0 detail=enabled value=0
2026-09-19T02:03:49.135Z preyvr_near_fov result=0 detail=setting_accepted
2026-09-19T02:03:49.135Z preyvr_reticle result=0 detail=enabled value=0
2026-09-19T02:03:49.135Z preyvr_aim_takeover result=0 detail=enabled value=0
2026-09-19T02:03:49.135Z preyvr_anim_ik result=0 detail=controller_drive value=0
2026-09-19T02:03:49.135Z preyvr_anim_ik result=0 detail=mode value=0
2026-09-19T02:03:49.135Z preyvr_xr_input result=0 detail=menu_navigation value=0
2026-09-19T02:03:49.135Z preyvr_move result=0 detail=mode value=0
2026-09-19T02:03:49.135Z preyvr_move result=0 detail=turn value=0
2026-09-19T02:03:49.135Z preyvr_move result=0 detail=fire value=0
2026-09-19T02:03:49.135Z preyvr_vr state=off
2026-09-19T02:03:49.166Z preyvr_xr_session result=0 detail=torn_down
