[08:25:33.605] xrsim: negotiate ok (loader iface 1..1, api 1.0.0..1.1023.4095) -> runtime iface 1 api 1.0.34
[08:25:33.610] xrsim: instance created for app 'PreyVR' (engine 'CryEngine', api 1.1); graphics extensions: d3d9=0 d3d10=0 d3d11=1 d3d12=0 gl=0 vk=0 vk2=0 headless=0
[08:25:33.610] xrsim: control channel live at D:/Dev Debug/PreyVR/docs/evidence/ui-pointer-2026-09-10/state-b
[08:25:33.684] xrsim: reporting adapter 'NVIDIA GeForce RTX 5070 Ti' LUID 00000000-000155A0 (15995 MB)
[08:25:33.712] xrsim: compositor ready
[08:25:33.712] xrsim: session state -> IDLE
[08:25:33.712] xrsim: session created with D3D11 graphics
[08:25:33.712] xrsim: action set 'preyvr' created
[08:25:33.712] xrsim: 15 binding(s) suggested on the touch profile, 15 driven
[08:25:33.713] xrsim: 15 binding(s) suggested on the index profile, 15 driven
[08:25:33.713] xrsim: action set(s) attached to the session
[08:25:33.713] xrsim: swapchain 0 created 2560x1440x2 fmt 29 (3 images)
[08:25:33.942] xrsim: session state -> READY
[08:25:33.942] xrsim: session state -> SYNCHRONIZED
[08:25:33.942] xrsim: session running - the app is now paced by the simulated headset
[08:25:33.944] xrsim: swapchain 1 created 1024x160x1 fmt 91 (3 images)
[08:25:33.945] xrsim: swapchain 2 created 32x32x1 fmt 29 (3 images)
[08:25:33.945] xrsim: session state -> VISIBLE
[08:25:33.983] xrsim: session state -> FOCUSED
[08:26:11.343] xrsim: applied 1 command(s): hand r point 0 0
[08:26:13.340] xrsim: applied 1 command(s): hand r point 16.6843 12.465
[08:26:15.339] xrsim: applied 1 command(s): trigger r pull 250
[08:26:26.725] xrsim: applied 1 command(s): shot shell-pointer-02b
[08:26:26.812] xrsim: capture written shell-pointer-02b (1032x1104)
[08:27:57.755] xrsim: applied 1 command(s): btn a press 180
[08:28:24.020] xrsim: applied 1 command(s): shot main-before-pointer-02b
[08:28:24.088] xrsim: capture written main-before-pointer-02b (1032x1104)
[08:29:28.979] xrsim: swapchain 3 created 2560x1440x1 fmt 28 (3 images)
[08:29:40.688] xrsim: applied 1 command(s): shot after-key-02b
[08:29:40.784] xrsim: capture written after-key-02b (1032x1104)
[08:31:08.074] xrsim: applied 1 command(s): btn menu press 180
[08:31:36.360] xrsim: applied 2 command(s): hand r point 16 13 | shot keyboard-hover-02b
[08:31:36.445] xrsim: capture written keyboard-hover-02b (1032x1104)
[08:33:48.914] xrsim: applied 1 command(s): trigger r pull 250
[08:34:03.375] xrsim: applied 1 command(s): shot after-keyboard-click-02b
[08:34:03.466] xrsim: capture written after-keyboard-click-02b (1032x1104)
[08:34:44.172] xrsim: applied 1 command(s): btn b press 180
[08:35:39.739] xrsim: session torn down
[08:35:39.739] xrsim: instance destroyed
