2026-09-13T21:50:20.258Z preyvr_smoke_start version=0.3.1-static-ik-integration dll="D:\Dev Debug\PreyVR\build\inventory-stereo\Release\PreyVR.dll" dllSha256=BFCDBB272FFF37663233F5631D1741EEE386FAFF2CF01584E74C6E8D47FA01E4 host="D:\SteamLibrary\steamapps\common\Prey\Binaries\Danielle\x64\Release\Prey.exe" expectedLandmarks=34 hooks=compiled_default_off openxr=preflight_only
2026-09-13T21:50:20.259Z preyvr_landmark id=renderer.begin rva=0xF7D710 status=match
2026-09-13T21:50:20.259Z preyvr_landmark id=renderer.end rva=0xF7E210 status=match
2026-09-13T21:50:20.259Z preyvr_landmark id=renderer.present rva=0xF7E48A status=match
2026-09-13T21:50:20.259Z preyvr_landmark id=renderer.device_removed rva=0xF7E4DA status=match
2026-09-13T21:50:20.259Z preyvr_landmark id=renderer.dispatch rva=0xFE9D14 status=match
2026-09-13T21:50:20.260Z preyvr_landmark id=renderer.device_init rva=0xF50000 status=match
2026-09-13T21:50:20.260Z preyvr_landmark id=camera.update_view rva=0x148B820 status=match
2026-09-13T21:50:20.260Z preyvr_landmark id=camera.set_custom_view rva=0x1456460 status=match
2026-09-13T21:50:20.260Z preyvr_landmark id=camera.custom_view rva=0x15CA580 status=match
2026-09-13T21:50:20.260Z preyvr_landmark id=player.get_instance rva=0x157C990 status=match
2026-09-13T21:50:20.260Z preyvr_landmark id=aim.update_cached_ray rva=0x1585320 status=match
2026-09-13T21:50:20.260Z preyvr_landmark id=aim.get_cached_ray rva=0x157CBB0 status=match
2026-09-13T21:50:20.260Z preyvr_landmark id=aim.weapon_firing_query rva=0x1694890 status=match
2026-09-13T21:50:20.260Z preyvr_landmark id=aim.weapon_reticle_position rva=0x1694A20 status=match
2026-09-13T21:50:20.260Z preyvr_landmark id=anim.process_adik rva=0x877B50 status=match
2026-09-13T21:50:20.260Z preyvr_landmark id=movement.get_state rva=0x159AF10 status=match
2026-09-13T21:50:20.260Z preyvr_landmark id=wrench.attack_primary rva=0x16B1FD0 status=match
2026-09-13T21:50:20.260Z preyvr_landmark id=wrench.weapon_hit rva=0x16B2BC0 status=match
2026-09-13T21:50:20.260Z preyvr_landmark id=wrench.component_hit rva=0x13BF730 status=match
2026-09-13T21:50:20.260Z preyvr_landmark id=wrench.get_hits rva=0x13BD620 status=match
2026-09-13T21:50:20.260Z preyvr_landmark id=interaction.player_dispatch rva=0x15850DC status=match
2026-09-13T21:50:20.260Z preyvr_landmark id=interaction.select_candidates rva=0x159A660 status=match
2026-09-13T21:50:20.260Z preyvr_landmark id=interaction.interact rva=0x1593690 status=match
2026-09-13T21:50:20.260Z preyvr_landmark id=view.set_camera rva=0xEE7E80 status=match
2026-09-13T21:50:20.260Z preyvr_landmark id=view.ctor rva=0xEDF390 status=match
2026-09-13T21:50:20.260Z preyvr_landmark id=view.get_for_thread rva=0xFE5620 status=match
2026-09-13T21:50:20.260Z preyvr_landmark id=view.collect_looking_glass rva=0xEE44D0 status=match
2026-09-13T21:50:20.260Z preyvr_landmark id=view.enable_looking_glass rva=0xEE4B00 status=match
2026-09-13T21:50:20.260Z preyvr_landmark id=view.job_post_write rva=0xEE63C0 status=match
2026-09-13T21:50:20.260Z preyvr_landmark id=pass.create_general rva=0x1E5B30 status=match
2026-09-13T21:50:20.260Z preyvr_landmark id=world.render_world rva=0x21F520 status=match
2026-09-13T21:50:20.260Z preyvr_landmark id=system.render_begin rva=0xE0BD80 status=match
2026-09-13T21:50:20.260Z preyvr_landmark id=system.get_view_camera rva=0xDF2BB0 status=match
2026-09-13T21:50:20.260Z preyvr_landmark id=system.set_view_camera rva=0xDF4560 status=match
2026-09-13T21:50:20.260Z preyvr_frame_observer_plan status=ready targetRva=0xF7E210 target=0x7FFE0740E210 enabled=0
2026-09-13T21:50:20.260Z preyvr_snapshot module_base=0x7FFE06490000 gEnv=0x7FFE086DD980
2026-09-13T21:50:20.260Z preyvr_snapshot ptr=gEnv.pSystem value=0x176A4642EC0 read=yes plausible=yes
2026-09-13T21:50:20.260Z preyvr_snapshot ptr=gEnv.pRenderer value=0x7FFE08FB4E80 read=yes plausible=yes
2026-09-13T21:50:20.260Z preyvr_snapshot ptr=gEnv.p3DEngine value=0x0 read=yes plausible=no
2026-09-13T21:50:20.260Z preyvr_snapshot ptr=renderer.singleton value=0x7FFE08FB4E80 read=yes plausible=yes
2026-09-13T21:50:20.260Z preyvr_snapshot identity system_vtable=yes engine_vtable=no render_world_slot=no renderer_agrees=yes
2026-09-13T21:50:20.260Z preyvr_snapshot view_camera pos=0.0000,0.0000,0.0000 fov=0.959931 res=640x480 ratio=1.333333 near=0.1000 far=8000.00
2026-09-13T21:50:20.260Z preyvr_snapshot view_camera_asym l=0.000000 r=0.000000 b=0.000000 t=0.000000 plausible=yes
2026-09-13T21:50:20.260Z preyvr_snapshot result=partial
2026-09-13T21:50:20.261Z preyvr_openxr_preflight status=ready runtimeSource=environment runtimeManifest="C:\Users\meise\AppData\Local\xr-sim\runtime\xrsim-x64.json" loader="D:\Dev Debug\PreyVR\build\inventory-stereo\Release\openxr_loader.dll" action=none
2026-09-13T21:50:20.261Z preyvr_channel result=0 detail=armed
2026-09-13T21:50:20.261Z preyvr_lifecycle module=pinned unload=process_exit_only
2026-09-13T21:50:20.261Z preyvr_smoke_result status=verified landmarks=34 hooks=compiled_default_off observer=ready module=pinned openxr=preflight_only openxrStatus=ready next=supported_host_smoke
2026-09-13T21:50:20.262Z preyvr_channel result=0 detail=started commands="D:\Dev Debug\PreyVR\build\twohand-live\runs\run-20260914-075011\log\commands.txt" results="D:\Dev Debug\PreyVR\build\twohand-live\runs\run-20260914-075011\log\results.txt"
2026-09-13T21:50:50.373Z preyvr_minhook result=0 detail=initialised
2026-09-13T21:50:50.485Z preyvr_frame_observer_result status=enabled mutation=none telemetry=bounded
2026-09-13T21:50:50.594Z preyvr_camera_edit result=ready targetRva=0xE0BA30 target=0x7FFE0729BA30
2026-09-13T21:50:50.595Z preyvr_camera_edit result=0 detail=native_projection enabled=1
2026-09-13T21:50:50.709Z preyvr_head_tracking result=0 detail=view_hook_installed target=ArkPlayerCamera::UpdateView
2026-09-13T21:50:50.709Z preyvr_head_tracking result=0 detail=view_observing value=1
2026-09-13T21:50:50.709Z preyvr_vr state=waiting_for_renderer controls=F11_enable,F12_recenter
2026-09-13T21:50:51.497Z preyvr_input_path result=0 detail=resolved gEnv=0x7ffe086dd980 pInput=0x17725ef3b90 vtable=0x7ffe081ec4f0 alignment_pair_slot=10 confirmed=1 post_input_event_slot=12 post_input_event_rva=0x9d6d30
2026-09-13T21:50:51.497Z preyvr_input_path result=0 detail=vtable_slots 0=0x9d1860 1=0x9d5d20 2=0x9d7160 3=0x9d5c40 4=0x9826f0 5=0x9d5e60 6=0x9d71b0 7=0x9843b0 8=0x16fe0d0 9=0x9d5e00 10=0x9d6310 11=0x9d6a60 12=0x9d6d30 13=0x9d6fd0 14=0x1706520 15=0x9d6350 16=0x9d6480 17=0x9d1940 18=0x9d6ce0 19=0x9d1b70
2026-09-13T21:50:51.497Z preyvr_input_path result=0 detail=resolved gEnv=0x7ffe086dd980 pInput=0x17725ef3b90 vtable=0x7ffe081ec4f0 alignment_pair_slot=10 confirmed=1 post_input_event_slot=12 post_input_event_rva=0x9d6d30
2026-09-13T21:50:51.497Z preyvr_input_path result=0 detail=vtable_slots 0=0x9d1860 1=0x9d5d20 2=0x9d7160 3=0x9d5c40 4=0x9826f0 5=0x9d5e60 6=0x9d71b0 7=0x9843b0 8=0x16fe0d0 9=0x9d5e00 10=0x9d6310 11=0x9d6a60 12=0x9d6d30 13=0x9d6fd0 14=0x1706520 15=0x9d6350 16=0x9d6480 17=0x9d1940 18=0x9d6ce0 19=0x9d1b70
2026-09-13T21:50:51.497Z preyvr_input_post result=0 detail=resolved slot=10
2026-09-13T21:50:51.497Z preyvr_input_post result=0 detail=enabled value=1
2026-09-13T21:50:51.497Z preyvr_xr_session result=0 detail=prefer_srgb enabled=1
2026-09-13T21:50:51.498Z preyvr_input_post result=0 detail=drain_thread id=71228
2026-09-13T21:50:51.512Z preyvr_xr_session xr_depth extension_supported=0
2026-09-13T21:50:51.512Z preyvr_xr_session ui_cylinder supported=0 flat_fallback=1
2026-09-13T21:50:51.525Z preyvr_xr_session instance created api_version=1.1.60
2026-09-13T21:50:51.552Z preyvr_xr_session runtime name="xr-sim"
2026-09-13T21:50:51.607Z preyvr_xr_session adapter prey_luid=0x0:1584e required_luid=0x0:1584e prey_index=0 required_index=0
2026-09-13T21:50:51.607Z preyvr_xr_session adapter result=agree
2026-09-13T21:50:51.622Z preyvr_xr_input result=0 detail=input_created profile=oculus/touch_controller
2026-09-13T21:50:51.622Z preyvr_xr_session result=0 detail=view_configuration views=2 recommended=2064x2208 max=16384x16384 recommendedSamples=1 maxSamples=1 viewsDiffer=0 submitting=1344x1440 note=submitted_size_is_preys_backbuffer_not_the_recommendation
2026-09-13T21:50:51.623Z preyvr_xr_session swapchain created 1344x1440 format=29 arraySize=2 images=3 colour_conversion=yes
2026-09-13T21:50:51.623Z preyvr_xr_session result=0 detail=started
2026-09-13T21:50:51.623Z preyvr_xr_input result=0 detail=menu_nav_gate value=1
2026-09-13T21:50:51.623Z preyvr_xr_input result=0 detail=menu_navigation value=1
2026-09-13T21:50:51.623Z preyvr_vr state=starting renderer=settled
2026-09-13T21:50:51.631Z preyvr_console result=0 detail=queued_to_engine command="r_MotionBlur 0"
2026-09-13T21:50:51.646Z preyvr_console result=0 detail=queued_to_engine command="r_AntialiasingMode 1"
2026-09-13T21:50:51.665Z preyvr_vr state=waiting_for_headset put_on_headset=1
2026-09-13T21:50:51.852Z preyvr_xr_session session begun
2026-09-13T21:50:51.854Z preyvr_xr_session result=0 detail=ui_panel active=1
2026-09-13T21:50:51.854Z preyvr_xr_session ui_surface angle_degrees=0.000000
2026-09-13T21:50:51.857Z preyvr_xr_session ui_pointer texture_ready=1
2026-09-13T21:50:51.857Z preyvr_xr_session result=0 detail=first_frame_submitted
2026-09-13T21:50:51.891Z preyvr_head_tracking result=0 detail=recentered yawRadians=-0 origin=0,1.6,0
2026-09-13T21:50:51.891Z preyvr_head_tracking result=0 detail=view_applying value=1
2026-09-13T21:50:51.891Z preyvr_view_hook result=0 detail=position_applying value=1
2026-09-13T21:50:51.891Z preyvr_camera_edit result=0 detail=stereo_armed ipd=0.063 halfFovDegrees=50 projectionPolicy=prey_native
2026-09-13T21:50:51.891Z preyvr_xr_session result=0 detail=stereo_submission enabled=1
2026-09-13T21:50:51.899Z preyvr_xr_session ui_surface angle_degrees=0.000000
2026-09-13T21:50:52.016Z preyvr_pointer inventory_capture_hook=installed
2026-09-13T21:50:52.018Z preyvr_camera_edit result=0 detail=first_application mode=stereo ipd=0.063 eye=0 originalPos=0,0,0 applied=1
2026-09-13T21:50:52.145Z preyvr_near_stereo result=0 detail=hook_installed target=PackViewInfo rva=0xFB57A0
2026-09-13T21:50:52.145Z preyvr_near_stereo result=0 detail=enabled value=1
2026-09-13T21:50:52.272Z preyvr_near_fov result=0 detail=hook_installed seam=RT_BeginFrame_return
2026-09-13T21:50:52.272Z preyvr_near_fov result=0 detail=setting_accepted
2026-09-13T21:50:52.522Z preyvr_move result=0 detail=hooks_installed x=0x158FD20 y=0x158FD80
2026-09-13T21:50:52.522Z preyvr_input_post result=0 detail=enabled value=1
2026-09-13T21:50:52.522Z preyvr_move result=0 detail=mode value=2
2026-09-13T21:50:52.522Z preyvr_input_post result=0 detail=enabled value=1
2026-09-13T21:50:52.522Z preyvr_move result=0 detail=turn value=1
2026-09-13T21:50:52.522Z preyvr_input_post result=0 detail=enabled value=1
2026-09-13T21:50:52.522Z preyvr_move result=0 detail=fire value=1
2026-09-13T21:50:52.640Z preyvr_aim_takeover result=0 detail=hook_installed target=ArkPlayer::UpdateCachedReticleViewPosAndDir
2026-09-13T21:50:52.640Z preyvr_aim_takeover result=0 detail=enabled value=1
2026-09-13T21:50:52.640Z preyvr_reticle result=0 detail=enabled value=1
2026-09-13T21:50:52.640Z preyvr_reticle result=0 detail=dispatch value=1
2026-09-13T21:50:52.759Z preyvr_weapon_attach result=0 detail=hook_installed target=CArkWeapon::AttachToHand
2026-09-13T21:50:52.876Z preyvr_weapon_attach result=0 detail=observing value=1 note=re-equip a weapon to capture
2026-09-13T21:50:52.997Z preyvr_anim_ik result=0 detail=hook_installed target=ProcessAnimationDrivenIK rva=0x877B50
2026-09-13T21:50:52.997Z preyvr_anim_ik result=0 detail=mode value=2
2026-09-13T21:50:52.997Z preyvr_anim_ik result=0 detail=controller_drive value=1
2026-09-13T21:50:52.997Z preyvr_anim_ik result=0 detail=hands mask=3
2026-09-13T21:50:52.997Z preyvr_anim_ik result=0 detail=reach_percent value=65
2026-09-13T21:50:53.123Z preyvr_vr state=active panel=automatic recenter=F12_or_grips_and_left_Y
2026-09-13T21:51:30.018Z preyvr_head_tracking result=0 detail=recentered yawRadians=-0 origin=0,1.65,0
2026-09-13T21:51:30.021Z preyvr_xr_session ui_surface angle_degrees=0.000000
2026-09-13T21:52:42.382Z preyvr_xr_session result=0 detail=ui_panel active=0
2026-09-13T21:52:42.511Z preyvr_anim_ik result=0 detail=rig_identified skeleton=0x17724936560 joints=101 adik=2 rTarget=38 rWeight=4 rHand=45 rLimb=40/41/45 lTarget=39 lWeight=5 lHand=72 lLimb=67/68/72
2026-09-13T21:52:42.517Z preyvr_anim_ik result=0 detail=calibration_requested
2026-09-13T21:52:42.609Z preyvr_xr_session result=0 detail=ui_panel active=1
2026-09-13T21:52:42.609Z preyvr_xr_session ui_surface angle_degrees=0.000000
2026-09-13T21:53:23.677Z preyvr_anim_ik result=0 detail=calibrated hand=1
2026-09-13T21:53:23.688Z preyvr_xr_session result=0 detail=ui_panel active=0
2026-09-13T21:53:40.540Z preyvr_report smoke=n/a observerFrames=10458 xrSession=1 xrFrames=10260 fovAgreed=1534 fovDiverged=0 projectionPolicy=prey_native cameraEdit=2 lastEye=1 viewObserved=5218 viewApplied=5218 viewPoseFallback=0 posApplied=5218 posRefused=0 posOffsetMm=0 nearApplied=597052 nearRefused=0 nearNoEye=0 nearReentered=0 nearAlreadyOffset=0 nearNoProvenance=20080 eyeLookupMiss=20080 nearDeltaUm=-31500 handMatched=0 handSkipped=0 handApplied=0 handRefused=0 handSubtree=0 handRightMm=0 handLeftMm=0 handNoPose=0 handJoints=0 handMode=0 handDriveArmed=0 handCalibrated=0 handRightJoint=-1 handLeftJoint=-1 handWristArmed=0 handWristApplied=0 handTurnYaw=0 ikMode=2 ikHooked=1 ikOwner=0x1778dabfb00 ikEquipGen=4 ikPoseSeq=10258 ikNoOwner=19 ikBusy=0 ikCalls=9066 ikMatched=1519 ikRig=0x17724936560 ikJoints=101 ikGate=1 ikCvar=1 ikTargetR=38 ikWeightR=4 ikLimbEndR=45 ikLimbTagR=0x4b494232 ikTargetL=39 ikWeightL=5 ikLimbEndL=72 ikWrittenR=1519 ikWrittenL=1519 ikNoPose=0 ikClamped=2 ikReach=65 ikCalR=0 ikCalL=1 ikLocMm=315001,743742,479500 ikLocYawMdeg=72491 ikGoalMm=177,162,1391 handZeroRightMm=0,0,0 handWorldRightMm=0,0,0 handCalibYawMdeg=0 handLastYawMdeg=0 handLastCharacter=0x0 weaponAttachment=0x177816a0e90 weaponBone=47 weaponSim=0x0 muzzleHooked=1 muzzleSamples=0 muzzleSample=unavailable aimOriginApplied=0 aimSamples=5233 aimOriginMode=0 aimMuzzleApplied=0 aimMuzzleUnavailable=0 barrelCalibrations=0 barrelOffsetMm=0,0,0 reticleApplied=5233 reticleOffScreen=0 reticleXY=499,500 reticleCanvasXY=498,500 reticleCanvasMode=1 reticleNativeCanvas=0 reticleNativeCanvasFailed=0 reticleDispatched=5233 reticleDispatchFailed=0 reticleProjection=fresh rpIndex=5233 rpStampNs=326684229610400 rpAgeNs=3056300 rpContext=1 rpSeq=10259 rpEpoch=4 rpRef=4 rpDisplayTime=326684233871554 rpPlayYaw=1.26520741 rpHeadPos=0,1.64999998,0 rpHeadQ=0,0,0,1 rpRawPos=0.180000007,1.29999995,-0.349999994 rpRawQ=0,0,0,1 rpOrigin=314.912628,743.770935,481.199951 rpDir=-0.953669965,0.300854921,0 rpCamera=0.300854921,-0.953669965,0,315.017303,0.953669965,0.300854921,0,743.770264,0,0,1,481.200012 rpTans=-1.73205101,1.73205101,-1.85576892,1.85576892 rpDistance=10 rpRawXY=0.499118209,0.500001669 rpXY=0.499118209,0.500001669 rpClamped=0 rpDispatch=1 rpDispatchResults=0,0 aimDirMilli=-953,300,0 aimRawQMilli=0,0,0 recenters=0 reticleOriginMm=105 reticleConvergeMm=10000 hudElement=0x17749a9b1c0 hudCalls=10466 hudRefused=0 captures=0 aimBodyYaw=1 camYawMdeg=72491 headYawMdeg=0 playYawMdeg=72491 eyeMm=314912,743770,481199 headMm=0,1650,0 yawHeld=0 yawUnavailable=0 weaponMountMm=551,89,1058 weaponApplied=0 weaponRefused=0 weaponRotApplied=0 weaponRotNoPose=0 weaponRotDrive=0 weaponRotCalib=0 weaponBaseline=1 weaponAimUsable=1 aimApplied=5233 aimNoPose=0 aimNoPlayer=0 aimCompose=0 aimNativeMagMilli=1000 frameCaptures=0 frameTracked=0 frameOverrideApplied=0 frameOverrideRefused=0 menuActions=0 inputPosted=17 menuDiscarded=0 moveMode=2 moveHooked=1 moveOursX=1 moveOursY=1 moveNative=0 movePosted=4 moveDropped=0 moveInputObj=0x17725f82880 moveAxisMilli=0,0 moveCinematic=0 turnEnabled=1 turnPosted=1 turnRefused=0 fireEnabled=1 firePressed=0 fireReleased=0 fireRefused=0 mirrorFovPct=100 xrSyncs=10259 xrNotFocused=3 xrLocatedL=10259 xrLocatedR=10259 stickL=0,0 trigL=0 gripL=34,1325,-561 gripLok=1 stickR=0,0 trigR=0 gripR=180,1300,-350 gripRok=1 inputDropped=0 inputDrainThread=71228 channelProcessed=12 channelRejected=0
2026-09-13T21:55:01.867Z preyvr_report smoke=n/a observerFrames=17777 xrSession=1 xrFrames=17580 fovAgreed=8854 fovDiverged=0 projectionPolicy=prey_native cameraEdit=2 lastEye=0 viewObserved=12538 viewApplied=12538 viewPoseFallback=0 posApplied=12538 posRefused=0 posOffsetMm=0 nearApplied=1403964 nearRefused=0 nearNoEye=0 nearReentered=0 nearAlreadyOffset=0 nearNoProvenance=20080 eyeLookupMiss=20080 nearDeltaUm=-31500 handMatched=0 handSkipped=0 handApplied=0 handRefused=0 handSubtree=0 handRightMm=0 handLeftMm=0 handNoPose=0 handJoints=0 handMode=0 handDriveArmed=0 handCalibrated=0 handRightJoint=-1 handLeftJoint=-1 handWristArmed=0 handWristApplied=0 handTurnYaw=0 ikMode=2 ikHooked=1 ikOwner=0x1778dabfb00 ikEquipGen=4 ikPoseSeq=17578 ikNoOwner=19 ikBusy=0 ikCalls=52986 ikMatched=8839 ikRig=0x17724936560 ikJoints=101 ikGate=1 ikCvar=1 ikTargetR=38 ikWeightR=4 ikLimbEndR=45 ikLimbTagR=0x4b494232 ikTargetL=39 ikWeightL=5 ikLimbEndL=72 ikWrittenR=8839 ikWrittenL=8839 ikNoPose=0 ikClamped=42 ikReach=65 ikCalR=0 ikCalL=1 ikLocMm=315001,743742,479500 ikLocYawMdeg=72491 ikGoalMm=177,162,1391 handZeroRightMm=0,0,0 handWorldRightMm=0,0,0 handCalibYawMdeg=0 handLastYawMdeg=0 handLastCharacter=0x0 weaponAttachment=0x177816a0e90 weaponBone=47 weaponSim=0x0 muzzleHooked=1 muzzleSamples=0 muzzleSample=unavailable aimOriginApplied=0 aimSamples=12553 aimOriginMode=0 aimMuzzleApplied=0 aimMuzzleUnavailable=0 barrelCalibrations=0 barrelOffsetMm=0,0,0 reticleApplied=12552 reticleOffScreen=0 reticleXY=501,500 reticleCanvasXY=502,501 reticleCanvasMode=1 reticleNativeCanvas=0 reticleNativeCanvasFailed=0 reticleDispatched=12552 reticleDispatchFailed=0 reticleProjection=fresh rpIndex=12552 rpStampNs=326765551421200 rpAgeNs=9307500 rpContext=1 rpSeq=17578 rpEpoch=4 rpRef=4 rpDisplayTime=326765556092963 rpPlayYaw=1.26520741 rpHeadPos=0,1.64999998,0 rpHeadQ=0,0,0,1 rpRawPos=0.180000007,1.29999995,-0.349999994 rpRawQ=0,0,0,1 rpOrigin=314.912231,743.769653,481.19986 rpDir=-0.95393312,0.300018489,-0.000854847138 rpCamera=0.300854921,-0.953669965,0,314.998322,0.953669965,0.300854921,0,743.710205,0,0,1,481.200012 rpTans=-1.73205101,1.73205101,-1.85576892,1.85576892 rpDistance=10 rpRawXY=0.500629485,0.5002321 rpXY=0.500629485,0.5002321 rpClamped=0 rpDispatch=1 rpDispatchResults=0,0 aimDirMilli=-953,300,0 aimRawQMilli=0,0,0 recenters=0 reticleOriginMm=105 reticleConvergeMm=10000 hudElement=0x17749a9b1c0 hudCalls=25104 hudRefused=0 captures=0 aimBodyYaw=1 camYawMdeg=72491 headYawMdeg=0 playYawMdeg=72491 eyeMm=314912,743770,481199 headMm=0,1650,0 yawHeld=0 yawUnavailable=0 weaponMountMm=551,89,1058 weaponApplied=0 weaponRefused=0 weaponRotApplied=0 weaponRotNoPose=0 weaponRotDrive=0 weaponRotCalib=0 weaponBaseline=1 weaponAimUsable=1 aimApplied=12553 aimNoPose=0 aimNoPlayer=0 aimCompose=0 aimNativeMagMilli=1000 frameCaptures=0 frameTracked=0 frameOverrideApplied=0 frameOverrideRefused=0 menuActions=0 inputPosted=17 menuDiscarded=0 moveMode=2 moveHooked=1 moveOursX=1 moveOursY=1 moveNative=0 movePosted=4 moveDropped=0 moveInputObj=0x17725f82880 moveAxisMilli=0,0 moveCinematic=0 turnEnabled=1 turnPosted=1 turnRefused=0 fireEnabled=1 firePressed=0 fireReleased=0 fireRefused=0 mirrorFovPct=100 xrSyncs=17579 xrNotFocused=3 xrLocatedL=17579 xrLocatedR=17579 stickL=0,0 trigL=0 gripL=34,1325,-561 gripLok=1 stickR=0,0 trigR=0 gripR=180,1300,-350 gripRok=1 inputDropped=0 inputDrainThread=71228 channelProcessed=14 channelRejected=0
2026-09-13T21:55:22.446Z preyvr_report smoke=n/a observerFrames=19630 xrSession=1 xrFrames=19432 fovAgreed=10706 fovDiverged=0 projectionPolicy=prey_native cameraEdit=2 lastEye=1 viewObserved=14390 viewApplied=14390 viewPoseFallback=0 posApplied=14390 posRefused=0 posOffsetMm=0 nearApplied=1606225 nearRefused=0 nearNoEye=0 nearReentered=0 nearAlreadyOffset=0 nearNoProvenance=20080 eyeLookupMiss=20080 nearDeltaUm=-31500 handMatched=0 handSkipped=0 handApplied=0 handRefused=0 handSubtree=0 handRightMm=0 handLeftMm=0 handNoPose=0 handJoints=0 handMode=0 handDriveArmed=0 handCalibrated=0 handRightJoint=-1 handLeftJoint=-1 handWristArmed=0 handWristApplied=0 handTurnYaw=0 ikMode=2 ikHooked=1 ikOwner=0x1778dabfb00 ikEquipGen=4 ikPoseSeq=19430 ikNoOwner=19 ikBusy=0 ikCalls=64098 ikMatched=10691 ikRig=0x17724936560 ikJoints=101 ikGate=1 ikCvar=1 ikTargetR=38 ikWeightR=4 ikLimbEndR=45 ikLimbTagR=0x4b494232 ikTargetL=39 ikWeightL=5 ikLimbEndL=72 ikWrittenR=10691 ikWrittenL=10691 ikNoPose=0 ikClamped=1894 ikReach=65 ikCalR=0 ikCalL=1 ikLocMm=315001,743742,479500 ikLocYawMdeg=72491 ikGoalMm=177,162,1391 handZeroRightMm=0,0,0 handWorldRightMm=0,0,0 handCalibYawMdeg=0 handLastYawMdeg=0 handLastCharacter=0x0 weaponAttachment=0x177816a0e90 weaponBone=47 weaponSim=0x0 muzzleHooked=1 muzzleSamples=0 muzzleSample=unavailable aimOriginApplied=0 aimSamples=14405 aimOriginMode=0 aimMuzzleApplied=0 aimMuzzleUnavailable=0 barrelCalibrations=0 barrelOffsetMm=0,0,0 reticleApplied=14405 reticleOffScreen=0 reticleXY=627,450 reticleCanvasXY=840,246 reticleCanvasMode=1 reticleNativeCanvas=0 reticleNativeCanvasFailed=0 reticleDispatched=14405 reticleDispatchFailed=0 reticleProjection=fresh rpIndex=14405 rpStampNs=326786137079100 rpAgeNs=1735600 rpContext=1 rpSeq=19431 rpEpoch=4 rpRef=4 rpDisplayTime=326786144981646 rpPlayYaw=1.26520741 rpHeadPos=0,1.64999998,0 rpHeadQ=0,0,0,1 rpRawPos=0.180000007,1.29999995,-0.349999994 rpRawQ=0,0,0,1 rpOrigin=314.938049,743.851624,481.218475 rpDir=-0.741670012,0.649680018,0.166857421 rpCamera=0.300854921,-0.953669965,0,315.017303,0.953669965,0.300854921,0,743.770264,0,0,1,481.200012 rpTans=-1.73205101,1.73205101,-1.85576892,1.85576892 rpDistance=10 rpRawXY=0.627080083,0.450202465 rpXY=0.627080083,0.450202465 rpClamped=0 rpDispatch=1 rpDispatchResults=0,0 aimDirMilli=-741,649,166 aimRawQMilli=0,0,0 recenters=0 reticleOriginMm=115 reticleConvergeMm=10000 hudElement=0x17749a9b1c0 hudCalls=28810 hudRefused=0 captures=0 aimBodyYaw=1 camYawMdeg=72491 headYawMdeg=0 playYawMdeg=72491 eyeMm=314938,743851,481218 headMm=0,1650,0 yawHeld=0 yawUnavailable=0 weaponMountMm=551,89,1058 weaponApplied=0 weaponRefused=0 weaponRotApplied=0 weaponRotNoPose=0 weaponRotDrive=0 weaponRotCalib=0 weaponBaseline=1 weaponAimUsable=1 aimApplied=14405 aimNoPose=0 aimNoPlayer=0 aimCompose=0 aimNativeMagMilli=1000 frameCaptures=0 frameTracked=0 frameOverrideApplied=0 frameOverrideRefused=0 menuActions=0 inputPosted=17 menuDiscarded=0 moveMode=2 moveHooked=1 moveOursX=1 moveOursY=1 moveNative=0 movePosted=4 moveDropped=0 moveInputObj=0x17725f82880 moveAxisMilli=0,0 moveCinematic=0 turnEnabled=1 turnPosted=1 turnRefused=0 fireEnabled=1 firePressed=0 fireReleased=0 fireRefused=0 mirrorFovPct=100 xrSyncs=19431 xrNotFocused=3 xrLocatedL=19431 xrLocatedR=19431 stickL=0,0 trigL=0 gripL=200,1400,-560 gripLok=1 stickR=0,0 trigR=0 gripR=180,1300,-350 gripRok=1 inputDropped=0 inputDrainThread=71228 channelProcessed=16 channelRejected=0
2026-09-13T21:55:22.860Z preyvr_ik result=0 detail=trace enabled=1
2026-09-13T21:55:22.860Z preyvr_ik_trace ikTraceR=none ikTraceL=none
2026-09-13T21:56:34.653Z preyvr_report smoke=n/a observerFrames=26128 xrSession=1 xrFrames=25930 fovAgreed=17204 fovDiverged=0 projectionPolicy=prey_native cameraEdit=2 lastEye=1 viewObserved=20888 viewApplied=20888 viewPoseFallback=0 posApplied=20888 posRefused=0 posOffsetMm=0 nearApplied=2312363 nearRefused=0 nearNoEye=0 nearReentered=0 nearAlreadyOffset=0 nearNoProvenance=20080 eyeLookupMiss=20080 nearDeltaUm=-31500 handMatched=0 handSkipped=0 handApplied=0 handRefused=0 handSubtree=0 handRightMm=0 handLeftMm=0 handNoPose=0 handJoints=0 handMode=0 handDriveArmed=0 handCalibrated=0 handRightJoint=-1 handLeftJoint=-1 handWristArmed=0 handWristApplied=0 handTurnYaw=0 ikMode=2 ikHooked=1 ikOwner=0x1778dabfb00 ikEquipGen=4 ikPoseSeq=25928 ikNoOwner=19 ikBusy=0 ikCalls=103086 ikMatched=17189 ikRig=0x17724936560 ikJoints=101 ikGate=1 ikCvar=1 ikTargetR=38 ikWeightR=4 ikLimbEndR=45 ikLimbTagR=0x4b494232 ikTargetL=39 ikWeightL=5 ikLimbEndL=72 ikWrittenR=17189 ikWrittenL=17189 ikNoPose=0 ikClamped=8347 ikReach=65 ikCalR=0 ikCalL=1 ikLocMm=315001,743742,479500 ikLocYawMdeg=72491 ikGoalMm=177,162,1391 handZeroRightMm=0,0,0 handWorldRightMm=0,0,0 handCalibYawMdeg=0 handLastYawMdeg=0 handLastCharacter=0x0 weaponAttachment=0x177816a0e90 weaponBone=47 weaponSim=0x0 muzzleHooked=1 muzzleSamples=0 muzzleSample=unavailable aimOriginApplied=0 aimSamples=20903 aimOriginMode=0 aimMuzzleApplied=0 aimMuzzleUnavailable=0 barrelCalibrations=0 barrelOffsetMm=0,0,0 reticleApplied=20903 reticleOffScreen=0 reticleXY=499,500 reticleCanvasXY=498,500 reticleCanvasMode=1 reticleNativeCanvas=0 reticleNativeCanvasFailed=0 reticleDispatched=20903 reticleDispatchFailed=0 reticleProjection=fresh rpIndex=20903 rpStampNs=326858337861900 rpAgeNs=7859900 rpContext=1 rpSeq=25929 rpEpoch=4 rpRef=4 rpDisplayTime=326858344980924 rpPlayYaw=1.26520741 rpHeadPos=0,1.64999998,0 rpHeadQ=0,0,0,1 rpRawPos=0.180000007,1.29999995,-0.349999994 rpRawQ=0,0,0,1 rpOrigin=314.912628,743.770935,481.199951 rpDir=-0.953669965,0.300854921,0 rpCamera=0.300854921,-0.953669965,0,315.017303,0.953669965,0.300854921,0,743.770264,0,0,1,481.200012 rpTans=-1.73205101,1.73205101,-1.85576892,1.85576892 rpDistance=10 rpRawXY=0.499118209,0.500001669 rpXY=0.499118209,0.500001669 rpClamped=0 rpDispatch=1 rpDispatchResults=0,0 aimDirMilli=-953,300,0 aimRawQMilli=0,0,0 recenters=0 reticleOriginMm=105 reticleConvergeMm=10000 hudElement=0x17749a9b1c0 hudCalls=41806 hudRefused=0 captures=0 aimBodyYaw=1 camYawMdeg=72491 headYawMdeg=0 playYawMdeg=72491 eyeMm=314912,743770,481199 headMm=0,1650,0 yawHeld=0 yawUnavailable=0 weaponMountMm=551,89,1058 weaponApplied=0 weaponRefused=0 weaponRotApplied=0 weaponRotNoPose=0 weaponRotDrive=0 weaponRotCalib=0 weaponBaseline=1 weaponAimUsable=1 aimApplied=20903 aimNoPose=0 aimNoPlayer=0 aimCompose=0 aimNativeMagMilli=1000 frameCaptures=0 frameTracked=0 frameOverrideApplied=0 frameOverrideRefused=0 menuActions=0 inputPosted=17 menuDiscarded=0 moveMode=2 moveHooked=1 moveOursX=1 moveOursY=1 moveNative=0 movePosted=4 moveDropped=0 moveInputObj=0x17725f82880 moveAxisMilli=0,0 moveCinematic=0 turnEnabled=1 turnPosted=1 turnRefused=0 fireEnabled=1 firePressed=0 fireReleased=0 fireRefused=0 mirrorFovPct=100 xrSyncs=25929 xrNotFocused=3 xrLocatedL=25929 xrLocatedR=25929 stickL=0,0 trigL=0 gripL=200,1400,-560 gripLok=1 stickR=0,0 trigR=0 gripR=180,1300,-350 gripRok=1 inputDropped=0 inputDrainThread=71228 channelProcessed=19 channelRejected=0
2026-09-13T21:57:21.431Z preyvr_xr_session result=0 detail=ui_panel active=1
2026-09-13T21:57:21.431Z preyvr_xr_session ui_surface angle_degrees=0.000000
2026-09-13T21:57:56.388Z preyvr_xr_session result=0 detail=ui_panel active=0
2026-09-13T21:57:56.780Z preyvr_xr_session result=0 detail=ui_scale percent=200
2026-09-13T21:57:57.050Z preyvr_anim_ik result=0 detail=calibration_requested
2026-09-13T21:57:57.053Z preyvr_anim_ik result=0 detail=rig_identified skeleton=0x17724936560 joints=101 adik=2 rTarget=38 rWeight=4 rHand=45 rLimb=40/41/45 lTarget=39 lWeight=5 lHand=72 lLimb=67/68/72
2026-09-13T21:57:57.053Z preyvr_anim_ik result=0 detail=calibrated hand=1
2026-09-13T21:58:37.368Z preyvr_xr_session result=0 detail=ui_panel active=1
2026-09-13T21:58:37.368Z preyvr_xr_session ui_surface angle_degrees=0.000000
2026-09-13T21:59:47.775Z preyvr_xr_session result=0 detail=ui_panel active=0
2026-09-13T21:59:48.421Z preyvr_anim_ik result=0 detail=calibration_requested
2026-09-13T21:59:48.421Z preyvr_anim_ik result=0 detail=rig_identified skeleton=0x17724936560 joints=101 adik=2 rTarget=38 rWeight=4 rHand=45 rLimb=40/41/45 lTarget=39 lWeight=5 lHand=72 lLimb=67/68/72
2026-09-13T21:59:48.421Z preyvr_anim_ik result=0 detail=calibrated hand=1
2026-09-13T22:02:26.555Z preyvr_report smoke=n/a observerFrames=57799 xrSession=1 xrFrames=57600 fovAgreed=39392 fovDiverged=0 projectionPolicy=prey_native cameraEdit=2 lastEye=0 viewObserved=52560 viewApplied=52560 viewPoseFallback=0 posApplied=52560 posRefused=0 posOffsetMm=0 nearApplied=5064978 nearRefused=0 nearNoEye=0 nearReentered=0 nearAlreadyOffset=0 nearNoProvenance=201794 eyeLookupMiss=201794 nearDeltaUm=-31500 handMatched=0 handSkipped=0 handApplied=0 handRefused=0 handSubtree=0 handRightMm=0 handLeftMm=0 handNoPose=0 handJoints=0 handMode=0 handDriveArmed=0 handCalibrated=0 handRightJoint=-1 handLeftJoint=-1 handWristArmed=0 handWristApplied=0 handTurnYaw=0 ikMode=2 ikHooked=1 ikOwner=0x1778dabfb00 ikEquipGen=6 ikPoseSeq=57600 ikNoOwner=252 ikBusy=0 ikCalls=221896 ikMatched=39143 ikRig=0x17724936560 ikJoints=101 ikGate=1 ikCvar=1 ikTargetR=38 ikWeightR=4 ikLimbEndR=45 ikLimbTagR=0x4b494232 ikTargetL=39 ikWeightL=5 ikLimbEndL=72 ikWrittenR=39143 ikWrittenL=39143 ikNoPose=0 ikClamped=10158 ikReach=65 ikCalR=0 ikCalL=1 ikLocMm=315001,743742,479500 ikLocYawMdeg=72491 ikGoalMm=189,182,681 handZeroRightMm=0,0,0 handWorldRightMm=0,0,0 handCalibYawMdeg=0 handLastYawMdeg=0 handLastCharacter=0x0 weaponAttachment=0x177816a0e90 weaponBone=47 weaponSim=0x0 muzzleHooked=1 muzzleSamples=0 muzzleSample=unavailable aimOriginApplied=0 aimSamples=52575 aimOriginMode=0 aimMuzzleApplied=0 aimMuzzleUnavailable=0 barrelCalibrations=0 barrelOffsetMm=0,0,0 reticleApplied=52574 reticleOffScreen=0 reticleXY=501,500 reticleCanvasXY=501,500 reticleCanvasMode=1 reticleNativeCanvas=0 reticleNativeCanvasFailed=0 reticleDispatched=52574 reticleDispatchFailed=0 reticleProjection=fresh rpIndex=52574 rpStampNs=327210238253700 rpAgeNs=9898600 rpContext=1 rpSeq=57600 rpEpoch=4 rpRef=4 rpDisplayTime=327210244977405 rpPlayYaw=1.26520741 rpHeadPos=0,1.64999998,0 rpHeadQ=0,0,0,1 rpRawPos=0.180000007,1.29999995,-0.349999994 rpRawQ=0,0,0,1 rpOrigin=314.912292,743.769897,480.500092 rpDir=-0.953669965,0.300854921,0 rpCamera=0.300854921,-0.953669965,0,314.998322,0.953669965,0.300854921,0,743.710205,0,0,1,480.5 rpTans=-1.73205101,1.73205101,-1.85576892,1.85576892 rpDistance=10 rpRawXY=0.500887275,0.499997556 rpXY=0.500887275,0.499997556 rpClamped=0 rpDispatch=1 rpDispatchResults=0,0 aimDirMilli=-953,300,0 aimRawQMilli=0,0,0 recenters=0 reticleOriginMm=105 reticleConvergeMm=10000 hudElement=0x17749a9b1c0 hudCalls=105148 hudRefused=0 captures=0 aimBodyYaw=1 camYawMdeg=72491 headYawMdeg=0 playYawMdeg=72491 eyeMm=314912,743770,480500 headMm=0,1650,0 yawHeld=0 yawUnavailable=0 weaponMountMm=551,89,1058 weaponApplied=0 weaponRefused=0 weaponRotApplied=0 weaponRotNoPose=0 weaponRotDrive=0 weaponRotCalib=0 weaponBaseline=1 weaponAimUsable=1 aimApplied=52575 aimNoPose=0 aimNoPlayer=0 aimCompose=0 aimNativeMagMilli=1000 frameCaptures=0 frameTracked=0 frameOverrideApplied=0 frameOverrideRefused=0 menuActions=0 inputPosted=39 menuDiscarded=0 moveMode=2 moveHooked=1 moveOursX=3 moveOursY=3 moveNative=0 movePosted=8 moveDropped=0 moveInputObj=0x17725f82880 moveAxisMilli=0,0 moveCinematic=0 turnEnabled=1 turnPosted=1 turnRefused=0 fireEnabled=1 firePressed=0 fireReleased=0 fireRefused=0 mirrorFovPct=100 xrSyncs=57601 xrNotFocused=3 xrLocatedL=57601 xrLocatedR=57601 stickL=0,0 trigL=0 gripL=34,1325,-561 gripLok=1 stickR=0,0 trigR=0 gripR=180,1300,-350 gripRok=1 inputDropped=0 inputDrainThread=71228 channelProcessed=45 channelRejected=0
2026-09-13T22:02:26.760Z preyvr_camera_edit result=0 detail=stereo_disarmed
2026-09-13T22:02:26.760Z preyvr_head_tracking result=0 detail=view_applying value=0
2026-09-13T22:02:26.760Z preyvr_view_hook result=0 detail=position_applying value=0
2026-09-13T22:02:26.760Z preyvr_near_stereo result=0 detail=enabled value=0
2026-09-13T22:02:26.760Z preyvr_near_fov result=0 detail=setting_accepted
2026-09-13T22:02:26.760Z preyvr_reticle result=0 detail=enabled value=0
2026-09-13T22:02:26.760Z preyvr_aim_takeover result=0 detail=enabled value=0
2026-09-13T22:02:26.760Z preyvr_anim_ik result=0 detail=controller_drive value=0
2026-09-13T22:02:26.760Z preyvr_anim_ik result=0 detail=mode value=0
2026-09-13T22:02:26.760Z preyvr_xr_input result=0 detail=menu_navigation value=0
2026-09-13T22:02:26.760Z preyvr_move result=0 detail=mode value=0
2026-09-13T22:02:26.760Z preyvr_move result=0 detail=turn value=0
2026-09-13T22:02:26.760Z preyvr_move result=0 detail=fire value=0
2026-09-13T22:02:26.760Z preyvr_vr state=off
2026-09-13T22:02:26.776Z preyvr_xr_session result=0 detail=torn_down
