2026-09-09T16:12:13.850Z preyvr_smoke_start version=0.3.1-static-ik-integration dll="D:\Dev Debug\PreyVR\build\packages\20260910-player-preview-06\PreyVR.dll" dllSha256=EC37AA09D7D160D699AA7D58C353649537E2C6A8D26F108E6C5BCF53E941645A host="D:\SteamLibrary\steamapps\common\Prey\Binaries\Danielle\x64\Release\Prey.exe" expectedLandmarks=34 hooks=compiled_default_off openxr=preflight_only
2026-09-09T16:12:13.850Z preyvr_landmark id=renderer.begin rva=0xF7D710 status=match
2026-09-09T16:12:13.850Z preyvr_landmark id=renderer.end rva=0xF7E210 status=match
2026-09-09T16:12:13.850Z preyvr_landmark id=renderer.present rva=0xF7E48A status=match
2026-09-09T16:12:13.850Z preyvr_landmark id=renderer.device_removed rva=0xF7E4DA status=match
2026-09-09T16:12:13.851Z preyvr_landmark id=renderer.dispatch rva=0xFE9D14 status=match
2026-09-09T16:12:13.851Z preyvr_landmark id=renderer.device_init rva=0xF50000 status=match
2026-09-09T16:12:13.851Z preyvr_landmark id=camera.update_view rva=0x148B820 status=match
2026-09-09T16:12:13.851Z preyvr_landmark id=camera.set_custom_view rva=0x1456460 status=match
2026-09-09T16:12:13.851Z preyvr_landmark id=camera.custom_view rva=0x15CA580 status=match
2026-09-09T16:12:13.851Z preyvr_landmark id=player.get_instance rva=0x157C990 status=match
2026-09-09T16:12:13.851Z preyvr_landmark id=aim.update_cached_ray rva=0x1585320 status=match
2026-09-09T16:12:13.851Z preyvr_landmark id=aim.get_cached_ray rva=0x157CBB0 status=match
2026-09-09T16:12:13.851Z preyvr_landmark id=aim.weapon_firing_query rva=0x1694890 status=match
2026-09-09T16:12:13.851Z preyvr_landmark id=aim.weapon_reticle_position rva=0x1694A20 status=match
2026-09-09T16:12:13.851Z preyvr_landmark id=anim.process_adik rva=0x877B50 status=match
2026-09-09T16:12:13.851Z preyvr_landmark id=movement.get_state rva=0x159AF10 status=match
2026-09-09T16:12:13.851Z preyvr_landmark id=wrench.attack_primary rva=0x16B1FD0 status=match
2026-09-09T16:12:13.851Z preyvr_landmark id=wrench.weapon_hit rva=0x16B2BC0 status=match
2026-09-09T16:12:13.851Z preyvr_landmark id=wrench.component_hit rva=0x13BF730 status=match
2026-09-09T16:12:13.851Z preyvr_landmark id=wrench.get_hits rva=0x13BD620 status=match
2026-09-09T16:12:13.851Z preyvr_landmark id=interaction.player_dispatch rva=0x15850DC status=match
2026-09-09T16:12:13.851Z preyvr_landmark id=interaction.select_candidates rva=0x159A660 status=match
2026-09-09T16:12:13.851Z preyvr_landmark id=interaction.interact rva=0x1593690 status=match
2026-09-09T16:12:13.851Z preyvr_landmark id=view.set_camera rva=0xEE7E80 status=match
2026-09-09T16:12:13.851Z preyvr_landmark id=view.ctor rva=0xEDF390 status=match
2026-09-09T16:12:13.851Z preyvr_landmark id=view.get_for_thread rva=0xFE5620 status=match
2026-09-09T16:12:13.851Z preyvr_landmark id=view.collect_looking_glass rva=0xEE44D0 status=match
2026-09-09T16:12:13.851Z preyvr_landmark id=view.enable_looking_glass rva=0xEE4B00 status=match
2026-09-09T16:12:13.851Z preyvr_landmark id=view.job_post_write rva=0xEE63C0 status=match
2026-09-09T16:12:13.851Z preyvr_landmark id=pass.create_general rva=0x1E5B30 status=match
2026-09-09T16:12:13.851Z preyvr_landmark id=world.render_world rva=0x21F520 status=match
2026-09-09T16:12:13.851Z preyvr_landmark id=system.render_begin rva=0xE0BD80 status=match
2026-09-09T16:12:13.851Z preyvr_landmark id=system.get_view_camera rva=0xDF2BB0 status=match
2026-09-09T16:12:13.851Z preyvr_landmark id=system.set_view_camera rva=0xDF4560 status=match
2026-09-09T16:12:13.851Z preyvr_frame_observer_plan status=ready targetRva=0xF7E210 target=0x7FFD2BEAE210 enabled=0
2026-09-09T16:12:13.852Z preyvr_snapshot module_base=0x7FFD2AF30000 gEnv=0x7FFD2D17D980
2026-09-09T16:12:13.852Z preyvr_snapshot ptr=gEnv.pSystem value=0x14048C9DD30 read=yes plausible=yes
2026-09-09T16:12:13.852Z preyvr_snapshot ptr=gEnv.pRenderer value=0x7FFD2DA54E80 read=yes plausible=yes
2026-09-09T16:12:13.852Z preyvr_snapshot ptr=gEnv.p3DEngine value=0x140B1594080 read=yes plausible=yes
2026-09-09T16:12:13.852Z preyvr_snapshot ptr=renderer.singleton value=0x7FFD2DA54E80 read=yes plausible=yes
2026-09-09T16:12:13.852Z preyvr_snapshot identity system_vtable=yes engine_vtable=yes render_world_slot=yes renderer_agrees=yes
2026-09-09T16:12:13.852Z preyvr_snapshot view_camera pos=0.0000,0.0000,0.0000 fov=0.959931 res=640x480 ratio=1.333333 near=0.1000 far=8000.00
2026-09-09T16:12:13.852Z preyvr_snapshot view_camera_asym l=0.000000 r=0.000000 b=0.000000 t=0.000000 plausible=yes
2026-09-09T16:12:13.852Z preyvr_snapshot result=complete
2026-09-09T16:12:13.853Z preyvr_openxr_preflight status=ready runtimeSource=environment runtimeManifest="D:\Dev Debug\PreyVR\build\validation-runtime\build\bin\Release\xrsim-x64.json" loader="D:\Dev Debug\PreyVR\build\packages\20260910-player-preview-06\openxr_loader.dll" action=none
2026-09-09T16:12:13.854Z preyvr_channel result=0 detail=armed
2026-09-09T16:12:13.854Z preyvr_lifecycle module=pinned unload=process_exit_only
2026-09-09T16:12:13.854Z preyvr_smoke_result status=verified landmarks=34 hooks=compiled_default_off observer=ready module=pinned openxr=preflight_only openxrStatus=ready next=supported_host_smoke
2026-09-09T16:12:13.854Z preyvr_channel result=0 detail=started commands="D:\Dev Debug\PreyVR\docs\evidence\vr-interface-2026-09-09\runs\player-20260910-021201\commands.txt" results="D:\Dev Debug\PreyVR\docs\evidence\vr-interface-2026-09-09\runs\player-20260910-021201\results.txt"
2026-09-09T16:12:14.040Z preyvr_minhook result=0 detail=initialised
2026-09-09T16:12:14.233Z preyvr_frame_observer_result status=enabled mutation=none telemetry=bounded
2026-09-09T16:12:14.412Z preyvr_camera_edit result=ready targetRva=0xE0BA30 target=0x7FFD2BD3BA30
2026-09-09T16:12:14.412Z preyvr_camera_edit result=0 detail=native_projection enabled=1
2026-09-09T16:12:14.611Z preyvr_head_tracking result=0 detail=view_hook_installed target=ArkPlayerCamera::UpdateView
2026-09-09T16:12:14.611Z preyvr_head_tracking result=0 detail=view_observing value=1
2026-09-09T16:12:14.611Z preyvr_input_path result=0 detail=resolved gEnv=0x7ffd2d17d980 pInput=0x1408a0a2e30 vtable=0x7ffd2cc8c4f0 alignment_pair_slot=10 confirmed=1 post_input_event_slot=12 post_input_event_rva=0x9d6d30
2026-09-09T16:12:14.611Z preyvr_input_path result=0 detail=vtable_slots 0=0x9d1860 1=0x9d5d20 2=0x9d7160 3=0x9d5c40 4=0x9826f0 5=0x9d5e60 6=0x9d71b0 7=0x9843b0 8=0x16fe0d0 9=0x9d5e00 10=0x9d6310 11=0x9d6a60 12=0x9d6d30 13=0x9d6fd0 14=0x1706520 15=0x9d6350 16=0x9d6480 17=0x9d1940 18=0x9d6ce0 19=0x9d1b70
2026-09-09T16:12:14.611Z preyvr_input_post result=0 detail=resolved slot=10
2026-09-09T16:12:14.611Z preyvr_input_post result=0 detail=enabled value=1
2026-09-09T16:12:14.611Z preyvr_vr state=waiting_for_renderer controls=F11_enable,F12_recenter
2026-09-09T16:12:17.393Z preyvr_input_post result=0 detail=drain_thread id=107112
2026-09-09T16:12:18.464Z preyvr_xr_session result=0 detail=prefer_srgb enabled=1
2026-09-09T16:12:18.480Z preyvr_xr_session instance created api_version=1.1.60
2026-09-09T16:12:18.511Z preyvr_xr_session runtime name="xr-sim"
2026-09-09T16:12:18.553Z preyvr_xr_session adapter prey_luid=0x0:155a0 required_luid=0x0:155a0 prey_index=0 required_index=0
2026-09-09T16:12:18.553Z preyvr_xr_session adapter result=agree
2026-09-09T16:12:18.571Z preyvr_xr_input result=0 detail=input_created profile=oculus/touch_controller
2026-09-09T16:12:18.572Z preyvr_xr_session result=0 detail=view_configuration views=2 recommended=2064x2208 max=16384x16384 recommendedSamples=1 maxSamples=1 viewsDiffer=0 submitting=2560x1440 note=submitted_size_is_preys_backbuffer_not_the_recommendation
2026-09-09T16:12:18.572Z preyvr_xr_session swapchain created 2560x1440 format=29 arraySize=2 images=3 colour_conversion=yes
2026-09-09T16:12:18.572Z preyvr_xr_session result=0 detail=started
2026-09-09T16:12:18.572Z preyvr_xr_input result=0 detail=menu_nav_gate value=1
2026-09-09T16:12:18.572Z preyvr_xr_input result=0 detail=menu_navigation value=1
2026-09-09T16:12:18.572Z preyvr_vr state=starting renderer=settled
2026-09-09T16:12:18.578Z preyvr_console result=0 detail=queued_to_engine command="r_MotionBlur 0"
2026-09-09T16:12:18.601Z preyvr_console result=0 detail=queued_to_engine command="r_AntialiasingMode 1"
2026-09-09T16:12:18.612Z preyvr_vr state=waiting_for_headset put_on_headset=1
2026-09-09T16:12:18.798Z preyvr_xr_session session begun
2026-09-09T16:12:18.799Z preyvr_xr_session result=0 detail=ui_panel active=1
2026-09-09T16:12:18.817Z preyvr_xr_session result=0 detail=first_frame_submitted
2026-09-09T16:12:18.861Z preyvr_head_tracking result=0 detail=recentered yawRadians=-0 origin=0,1.6,0
2026-09-09T16:12:18.861Z preyvr_head_tracking result=0 detail=view_applying value=1
2026-09-09T16:12:18.861Z preyvr_view_hook result=0 detail=position_applying value=1
2026-09-09T16:12:18.861Z preyvr_camera_edit result=0 detail=stereo_armed ipd=0.063 halfFovDegrees=50 projectionPolicy=prey_native
2026-09-09T16:12:18.861Z preyvr_xr_session result=0 detail=stereo_submission enabled=1
2026-09-09T16:12:18.869Z preyvr_camera_edit result=0 detail=first_application mode=stereo ipd=0.063 eye=0 originalPos=0,0,0 applied=1
2026-09-09T16:12:19.076Z preyvr_near_stereo result=0 detail=hook_installed target=PackViewInfo rva=0xFB57A0
2026-09-09T16:12:19.076Z preyvr_near_stereo result=0 detail=enabled value=1
2026-09-09T16:12:19.289Z preyvr_near_fov result=0 detail=hook_installed seam=RT_BeginFrame_return
2026-09-09T16:12:19.289Z preyvr_near_fov result=0 detail=setting_accepted
2026-09-09T16:12:19.610Z preyvr_move result=0 detail=hooks_installed x=0x158FD20 y=0x158FD80
2026-09-09T16:12:19.610Z preyvr_input_post result=0 detail=enabled value=1
2026-09-09T16:12:19.610Z preyvr_move result=0 detail=mode value=2
2026-09-09T16:12:19.610Z preyvr_input_post result=0 detail=enabled value=1
2026-09-09T16:12:19.610Z preyvr_move result=0 detail=turn value=1
2026-09-09T16:12:19.610Z preyvr_input_post result=0 detail=enabled value=1
2026-09-09T16:12:19.610Z preyvr_move result=0 detail=fire value=1
2026-09-09T16:12:19.770Z preyvr_aim_takeover result=0 detail=hook_installed target=ArkPlayer::UpdateCachedReticleViewPosAndDir
2026-09-09T16:12:19.770Z preyvr_aim_takeover result=0 detail=enabled value=1
2026-09-09T16:12:19.770Z preyvr_reticle result=0 detail=enabled value=1
2026-09-09T16:12:19.770Z preyvr_reticle result=0 detail=dispatch value=1
2026-09-09T16:12:19.916Z preyvr_weapon_attach result=0 detail=hook_installed target=CArkWeapon::AttachToHand
2026-09-09T16:12:20.060Z preyvr_weapon_attach result=0 detail=observing value=1 note=re-equip a weapon to capture
2026-09-09T16:12:20.214Z preyvr_anim_ik result=0 detail=hook_installed target=ProcessAnimationDrivenIK rva=0x877B50
2026-09-09T16:12:20.214Z preyvr_anim_ik result=0 detail=mode value=2
2026-09-09T16:12:20.214Z preyvr_anim_ik result=0 detail=controller_drive value=1
2026-09-09T16:12:20.214Z preyvr_anim_ik result=0 detail=hands mask=3
2026-09-09T16:12:20.214Z preyvr_anim_ik result=0 detail=reach_percent value=65
2026-09-09T16:12:20.360Z preyvr_vr state=active panel=automatic recenter=F12_or_both_grips
2026-09-09T16:15:00.685Z preyvr_xr_session result=0 detail=ui_panel active=0
2026-09-09T16:15:00.799Z preyvr_xr_session result=warning detail=declared_fov_differs_from_rendered worstTanDelta=0.806598 declaredTan=[-1.73205,1.73205,0.974279,-0.974279] renderedTan=[-0.925453,0.925453,0.520567,-0.520567]
2026-09-09T16:15:00.830Z preyvr_anim_ik result=0 detail=rig_identified skeleton=0x140403d1890 joints=101 adik=2 rTarget=38 rWeight=4 rHand=45 rLimb=40/41/45 lTarget=39 lWeight=5 lHand=72 lLimb=67/68/72
2026-09-09T16:15:00.835Z preyvr_anim_ik result=0 detail=calibration_requested
2026-09-09T16:15:00.886Z preyvr_xr_session result=0 detail=ui_panel active=1
2026-09-09T16:18:38.200Z preyvr_anim_ik result=0 detail=calibrated hand=1
2026-09-09T16:18:38.231Z preyvr_xr_session result=0 detail=ui_panel active=0
2026-09-09T16:18:57.079Z preyvr_report smoke=n/a observerFrames=28227 xrSession=1 xrFrames=28099 fovAgreed=1393 fovDiverged=1 projectionPolicy=prey_native cameraEdit=2 lastEye=1 viewObserved=17732 viewApplied=17732 viewPoseFallback=0 posApplied=17732 posRefused=0 posOffsetMm=0 nearApplied=2571528 nearRefused=0 nearNoEye=0 nearReentered=0 nearAlreadyOffset=0 nearNoProvenance=31052 eyeLookupMiss=31052 nearDeltaUm=-31500 handMatched=0 handSkipped=0 handApplied=0 handRefused=0 handSubtree=0 handRightMm=0 handLeftMm=0 handNoPose=0 handJoints=0 handMode=0 handDriveArmed=0 handCalibrated=0 handRightJoint=-1 handLeftJoint=-1 handWristArmed=0 handWristApplied=0 handTurnYaw=0 ikMode=2 ikHooked=1 ikOwner=0x14113108ee0 ikEquipGen=4 ikPoseSeq=28096 ikNoOwner=19 ikBusy=0 ikCalls=12521 ikMatched=1388 ikRig=0x140403d1890 ikJoints=101 ikGate=1 ikCvar=1 ikTargetR=38 ikWeightR=4 ikLimbEndR=45 ikLimbTagR=0x4b494232 ikTargetL=39 ikWeightL=5 ikLimbEndL=72 ikWrittenR=1388 ikWrittenL=1388 ikNoPose=0 ikClamped=2 ikReach=65 ikCalR=0 ikCalL=1 ikLocMm=328332,746548,479500 ikLocYawMdeg=111524 ikGoalMm=158,166,1404 handZeroRightMm=0,0,0 handWorldRightMm=0,0,0 handCalibYawMdeg=0 handLastYawMdeg=0 handLastCharacter=0x0 weaponAttachment=0x14104c28890 weaponBone=47 weaponSim=0x0 muzzleHooked=1 muzzleSamples=0 muzzleSample=unavailable aimOriginApplied=0 aimSamples=17738 aimOriginMode=0 aimMuzzleApplied=0 aimMuzzleUnavailable=0 barrelCalibrations=0 barrelOffsetMm=0,0,0 reticleApplied=17738 reticleOffScreen=0 reticleXY=499,500 reticleCanvasXY=497,500 reticleCanvasMode=1 reticleNativeCanvas=0 reticleNativeCanvasFailed=0 reticleDispatched=17738 reticleDispatchFailed=0 reticleProjection=fresh rpIndex=17738 rpStampNs=745094760958500 rpAgeNs=10975100 rpContext=1 rpSeq=28097 rpEpoch=4 rpRef=2 rpDisplayTime=745094685693830 rpPlayYaw=1.94646478 rpHeadPos=0,1.60000002,0 rpHeadQ=0,0,0,1 rpRawPos=0.200000003,1.29999995,-0.349999994 rpRawQ=0,0,0,1 rpOrigin=328.31601,746.542542,481.200043 rpDir=-0.930262566,-0.366894484,0 rpCamera=-0.366894484,-0.930262566,0,328.397583,0.930262566,-0.366894484,0,746.608093,0,0,1,481.200012 rpTans=-1.73205078,1.73205078,-0.974278569,0.974278569 rpDistance=10 rpRawXY=0.499112487,0.49999845 rpXY=0.499112487,0.49999845 rpClamped=0 rpDispatch=1 rpDispatchResults=0,0 aimDirMilli=-930,-366,0 aimRawQMilli=0,0,0 recenters=0 reticleOriginMm=105 reticleConvergeMm=10000 hudElement=0x14089d90fc0 hudCalls=35476 hudRefused=0 captures=0 aimBodyYaw=1 camYawMdeg=111524 headYawMdeg=0 playYawMdeg=111524 eyeMm=328316,746542,481200 headMm=0,1600,0 yawHeld=0 yawUnavailable=0 weaponMountMm=551,89,1058 weaponApplied=0 weaponRefused=0 weaponRotApplied=0 weaponRotNoPose=0 weaponRotDrive=0 weaponRotCalib=0 weaponBaseline=1 weaponAimUsable=1 aimApplied=17738 aimNoPose=0 aimNoPlayer=0 aimCompose=0 aimNativeMagMilli=1000 frameCaptures=0 frameTracked=0 frameOverrideApplied=0 frameOverrideRefused=0 menuActions=3 inputPosted=12 moveMode=2 moveHooked=1 moveOursX=1 moveOursY=1 moveNative=0 movePosted=4 moveDropped=0 moveInputObj=0x140899d58d0 moveAxisMilli=0,0 moveCinematic=0 turnEnabled=1 turnPosted=1 turnRefused=0 fireEnabled=1 firePressed=0 fireReleased=0 fireRefused=0 mirrorFovPct=100 xrSyncs=28098 xrNotFocused=3 xrLocatedL=28098 xrLocatedR=28098 stickL=0,0 trigL=0 gripL=-200,1300,-350 gripLok=1 stickR=0,0 trigR=0 gripR=200,1300,-350 gripRok=1 inputDropped=0 inputDrainThread=107112 channelProcessed=1 channelRejected=0
2026-09-09T16:19:22.517Z preyvr_xr_session result=0 detail=ui_panel active=1
2026-09-09T16:20:28.951Z preyvr_head_tracking result=0 detail=recentered yawRadians=0.436332 origin=0.45,1.8,0.3
2026-09-09T16:20:28.961Z preyvr_anim_ik result=0 detail=calibration_requested
2026-09-09T16:20:40.513Z preyvr_report smoke=n/a observerFrames=36135 xrSession=1 xrFrames=36007 fovAgreed=3263 fovDiverged=1 projectionPolicy=prey_native cameraEdit=2 lastEye=1 viewObserved=25640 viewApplied=25640 viewPoseFallback=0 posApplied=25640 posRefused=0 posOffsetMm=0 nearApplied=2950143 nearRefused=0 nearNoEye=0 nearReentered=0 nearAlreadyOffset=0 nearNoProvenance=33564 eyeLookupMiss=33564 nearDeltaUm=-31500 handMatched=0 handSkipped=0 handApplied=0 handRefused=0 handSubtree=0 handRightMm=0 handLeftMm=0 handNoPose=0 handJoints=0 handMode=0 handDriveArmed=0 handCalibrated=0 handRightJoint=-1 handLeftJoint=-1 handWristArmed=0 handWristApplied=0 handTurnYaw=0 ikMode=2 ikHooked=1 ikOwner=0x14113108ee0 ikEquipGen=4 ikPoseSeq=29918 ikNoOwner=67 ikBusy=0 ikCalls=29390 ikMatched=3210 ikRig=0x140403d1890 ikJoints=101 ikGate=1 ikCvar=1 ikTargetR=38 ikWeightR=4 ikLimbEndR=45 ikLimbTagR=0x4b494232 ikTargetL=39 ikWeightL=5 ikLimbEndL=72 ikWrittenR=3210 ikWrittenL=3210 ikNoPose=0 ikClamped=2 ikReach=65 ikCalR=0 ikCalL=1 ikLocMm=328332,746548,479500 ikLocYawMdeg=111524 ikGoalMm=158,166,1404 handZeroRightMm=0,0,0 handWorldRightMm=0,0,0 handCalibYawMdeg=0 handLastYawMdeg=0 handLastCharacter=0x0 weaponAttachment=0x14104c28890 weaponBone=47 weaponSim=0x0 muzzleHooked=1 muzzleSamples=0 muzzleSample=unavailable aimOriginApplied=0 aimSamples=25646 aimOriginMode=0 aimMuzzleApplied=0 aimMuzzleUnavailable=0 barrelCalibrations=0 barrelOffsetMm=0,0,0 reticleApplied=25645 reticleOffScreen=0 reticleXY=499,500 reticleCanvasXY=499,500 reticleCanvasMode=1 reticleNativeCanvas=0 reticleNativeCanvasFailed=0 reticleDispatched=25645 reticleDispatchFailed=0 reticleProjection=fresh rpIndex=25645 rpStampNs=745198198305000 rpAgeNs=7965300 rpContext=1 rpSeq=36005 rpEpoch=4 rpRef=4 rpDisplayTime=745198096091229 rpPlayYaw=1.51013243 rpHeadPos=0.449999988,1.79999995,0.300000012 rpHeadQ=0,0.21643962,0,0.976296008 rpRawPos=0.483345151,1.5,-0.10173136 rpRawQ=0,0.21643962,0,0.976296008 rpOrigin=328.31601,746.542542,481.200043 rpDir=-0.930262566,-0.366894454,0 rpCamera=-0.366894603,-0.930262685,0,328.397583,0.930262685,-0.366894603,0,746.608093,0,0,1,481.200012 rpTans=-1.73205078,1.73205078,-0.974278569,0.974278569 rpDistance=10 rpRawXY=0.499112517,0.49999845 rpXY=0.499112517,0.49999845 rpClamped=0 rpDispatch=1 rpDispatchResults=0,0 aimDirMilli=-930,-366,0 aimRawQMilli=0,216,0 recenters=1 reticleOriginMm=105 reticleConvergeMm=10000 hudElement=0x14089d90fc0 hudCalls=51290 hudRefused=0 captures=0 aimBodyYaw=1 camYawMdeg=111524 headYawMdeg=25000 playYawMdeg=86524 eyeMm=328316,746542,481200 headMm=450,1800,300 yawHeld=0 yawUnavailable=0 weaponMountMm=551,89,1058 weaponApplied=0 weaponRefused=0 weaponRotApplied=0 weaponRotNoPose=0 weaponRotDrive=0 weaponRotCalib=0 weaponBaseline=1 weaponAimUsable=1 aimApplied=25646 aimNoPose=0 aimNoPlayer=0 aimCompose=0 aimNativeMagMilli=1000 frameCaptures=0 frameTracked=0 frameOverrideApplied=0 frameOverrideRefused=0 menuActions=65 inputPosted=138 moveMode=2 moveHooked=1 moveOursX=1 moveOursY=1 moveNative=0 movePosted=4 moveDropped=0 moveInputObj=0x140899d58d0 moveAxisMilli=0,0 moveCinematic=0 turnEnabled=1 turnPosted=1 turnRefused=0 fireEnabled=1 firePressed=0 fireReleased=0 fireRefused=0 mirrorFovPct=100 xrSyncs=36006 xrNotFocused=3 xrLocatedL=36006 xrLocatedR=36006 stickL=0,0 trigL=0 gripL=120,1500,67 gripLok=1 stickR=1000,0 trigR=1000 gripR=483,1500,-101 gripRok=1 inputDropped=0 inputDrainThread=107112 channelProcessed=4 channelRejected=0
2026-09-09T16:21:08.343Z preyvr_report smoke=n/a observerFrames=38286 xrSession=1 xrFrames=38158 fovAgreed=3263 fovDiverged=1 projectionPolicy=prey_native cameraEdit=2 lastEye=0 viewObserved=27791 viewApplied=27791 viewPoseFallback=0 posApplied=27791 posRefused=0 posOffsetMm=0 nearApplied=2954446 nearRefused=0 nearNoEye=0 nearReentered=0 nearAlreadyOffset=0 nearNoProvenance=33564 eyeLookupMiss=33564 nearDeltaUm=-31500 handMatched=0 handSkipped=0 handApplied=0 handRefused=0 handSubtree=0 handRightMm=0 handLeftMm=0 handNoPose=0 handJoints=0 handMode=0 handDriveArmed=0 handCalibrated=0 handRightJoint=-1 handLeftJoint=-1 handWristArmed=0 handWristApplied=0 handTurnYaw=0 ikMode=2 ikHooked=1 ikOwner=0x14113108ee0 ikEquipGen=4 ikPoseSeq=29918 ikNoOwner=67 ikBusy=0 ikCalls=29390 ikMatched=3210 ikRig=0x140403d1890 ikJoints=101 ikGate=1 ikCvar=1 ikTargetR=38 ikWeightR=4 ikLimbEndR=45 ikLimbTagR=0x4b494232 ikTargetL=39 ikWeightL=5 ikLimbEndL=72 ikWrittenR=3210 ikWrittenL=3210 ikNoPose=0 ikClamped=2 ikReach=65 ikCalR=0 ikCalL=1 ikLocMm=328332,746548,479500 ikLocYawMdeg=111524 ikGoalMm=158,166,1404 handZeroRightMm=0,0,0 handWorldRightMm=0,0,0 handCalibYawMdeg=0 handLastYawMdeg=0 handLastCharacter=0x0 weaponAttachment=0x14104c28890 weaponBone=47 weaponSim=0x0 muzzleHooked=1 muzzleSamples=0 muzzleSample=unavailable aimOriginApplied=0 aimSamples=27797 aimOriginMode=0 aimMuzzleApplied=0 aimMuzzleUnavailable=0 barrelCalibrations=0 barrelOffsetMm=0,0,0 reticleApplied=27796 reticleOffScreen=0 reticleXY=501,500 reticleCanvasXY=501,500 reticleCanvasMode=1 reticleNativeCanvas=0 reticleNativeCanvasFailed=0 reticleDispatched=27796 reticleDispatchFailed=0 reticleProjection=fresh rpIndex=27796 rpStampNs=745226021342100 rpAgeNs=15097600 rpContext=1 rpSeq=38156 rpEpoch=4 rpRef=4 rpDisplayTime=745225968538452 rpPlayYaw=1.51013243 rpHeadPos=0.449999988,1.79999995,0.300000012 rpHeadQ=0,0.21643962,0,0.976296008 rpRawPos=0.483345151,1.5,-0.10173136 rpRawQ=0,0.21643962,0,0.976296008 rpOrigin=328.316254,746.541931,481.200043 rpDir=-0.930262566,-0.366894454,0 rpCamera=-0.366894603,-0.930262685,0,328.420715,0.930262685,-0.366894603,0,746.5495,0,0,1,481.200012 rpTans=-1.73205078,1.73205078,-0.974278569,0.974278569 rpDistance=10 rpRawXY=0.500894189,0.49999845 rpXY=0.500894189,0.49999845 rpClamped=0 rpDispatch=1 rpDispatchResults=0,0 aimDirMilli=-930,-366,0 aimRawQMilli=0,216,0 recenters=1 reticleOriginMm=105 reticleConvergeMm=10000 hudElement=0x14089d90fc0 hudCalls=55592 hudRefused=0 captures=0 aimBodyYaw=1 camYawMdeg=111524 headYawMdeg=25000 playYawMdeg=86524 eyeMm=328316,746541,481200 headMm=450,1800,300 yawHeld=0 yawUnavailable=0 weaponMountMm=551,89,1058 weaponApplied=0 weaponRefused=0 weaponRotApplied=0 weaponRotNoPose=0 weaponRotDrive=0 weaponRotCalib=0 weaponBaseline=1 weaponAimUsable=1 aimApplied=27797 aimNoPose=0 aimNoPlayer=0 aimCompose=0 aimNativeMagMilli=1000 frameCaptures=0 frameTracked=0 frameOverrideApplied=0 frameOverrideRefused=0 menuActions=239 inputPosted=486 moveMode=2 moveHooked=1 moveOursX=1 moveOursY=1 moveNative=0 movePosted=4 moveDropped=0 moveInputObj=0x140899d58d0 moveAxisMilli=0,0 moveCinematic=0 turnEnabled=1 turnPosted=1 turnRefused=0 fireEnabled=1 firePressed=0 fireReleased=0 fireRefused=0 mirrorFovPct=100 xrSyncs=38157 xrNotFocused=3 xrLocatedL=38157 xrLocatedR=38157 stickL=0,0 trigL=0 gripL=120,1500,67 gripLok=1 stickR=1000,0 trigR=1000 gripR=483,1500,-101 gripRok=1 inputDropped=0 inputDrainThread=107112 channelProcessed=6 channelRejected=0
2026-09-09T16:21:21.042Z preyvr_camera_edit result=0 detail=stereo_disarmed
2026-09-09T16:21:21.042Z preyvr_head_tracking result=0 detail=view_applying value=0
2026-09-09T16:21:21.042Z preyvr_view_hook result=0 detail=position_applying value=0
2026-09-09T16:21:21.042Z preyvr_near_stereo result=0 detail=enabled value=0
2026-09-09T16:21:21.042Z preyvr_near_fov result=0 detail=setting_accepted
2026-09-09T16:21:21.042Z preyvr_reticle result=0 detail=enabled value=0
2026-09-09T16:21:21.042Z preyvr_aim_takeover result=0 detail=enabled value=0
2026-09-09T16:21:21.042Z preyvr_anim_ik result=0 detail=controller_drive value=0
2026-09-09T16:21:21.042Z preyvr_anim_ik result=0 detail=mode value=0
2026-09-09T16:21:21.042Z preyvr_xr_input result=0 detail=menu_navigation value=0
2026-09-09T16:21:21.042Z preyvr_move result=0 detail=mode value=0
2026-09-09T16:21:21.042Z preyvr_move result=0 detail=turn value=0
2026-09-09T16:21:21.042Z preyvr_move result=0 detail=fire value=0
2026-09-09T16:21:21.042Z preyvr_vr state=failed step=openxr_session_ended retry=F11
2026-09-09T16:21:21.068Z preyvr_xr_session result=0 detail=torn_down
2026-09-09T16:21:36.952Z preyvr_report smoke=n/a observerFrames=40586 xrSession=5 xrFrames=39166 fovAgreed=3263 fovDiverged=1 projectionPolicy=prey_native cameraEdit=1 lastEye=1 viewObserved=30091 viewApplied=28800 viewPoseFallback=0 posApplied=28800 posRefused=0 posOffsetMm=0 nearApplied=2956463 nearRefused=0 nearNoEye=0 nearReentered=0 nearAlreadyOffset=0 nearNoProvenance=33564 eyeLookupMiss=33564 nearDeltaUm=-31500 handMatched=0 handSkipped=0 handApplied=0 handRefused=0 handSubtree=0 handRightMm=0 handLeftMm=0 handNoPose=0 handJoints=0 handMode=0 handDriveArmed=0 handCalibrated=0 handRightJoint=-1 handLeftJoint=-1 handWristArmed=0 handWristApplied=0 handTurnYaw=0 ikMode=0 ikHooked=1 ikOwner=0x14113108ee0 ikEquipGen=4 ikPoseSeq=29918 ikNoOwner=67 ikBusy=0 ikCalls=29390 ikMatched=3210 ikRig=0x140403d1890 ikJoints=101 ikGate=1 ikCvar=1 ikTargetR=38 ikWeightR=4 ikLimbEndR=45 ikLimbTagR=0x4b494232 ikTargetL=39 ikWeightL=5 ikLimbEndL=72 ikWrittenR=3210 ikWrittenL=3210 ikNoPose=0 ikClamped=2 ikReach=65 ikCalR=0 ikCalL=0 ikLocMm=328332,746548,479500 ikLocYawMdeg=111524 ikGoalMm=158,166,1404 handZeroRightMm=0,0,0 handWorldRightMm=0,0,0 handCalibYawMdeg=0 handLastYawMdeg=0 handLastCharacter=0x0 weaponAttachment=0x14104c28890 weaponBone=47 weaponSim=0x0 muzzleHooked=1 muzzleSamples=0 muzzleSample=unavailable aimOriginApplied=0 aimSamples=28806 aimOriginMode=0 aimMuzzleApplied=0 aimMuzzleUnavailable=0 barrelCalibrations=0 barrelOffsetMm=0,0,0 reticleApplied=28805 reticleOffScreen=0 reticleXY=500,500 reticleCanvasXY=500,500 reticleCanvasMode=1 reticleNativeCanvas=0 reticleNativeCanvasFailed=0 reticleDispatched=28805 reticleDispatchFailed=0 reticleProjection=unavailable aimDirMilli=-930,-366,0 aimRawQMilli=0,216,0 recenters=1 reticleOriginMm=100 reticleConvergeMm=10000 hudElement=0x14089d90fc0 hudCalls=57610 hudRefused=0 captures=0 aimBodyYaw=1 camYawMdeg=111524 headYawMdeg=25000 playYawMdeg=86524 eyeMm=328324,746545,481240 headMm=0,0,0 yawHeld=1290 yawUnavailable=0 weaponMountMm=551,89,1058 weaponApplied=0 weaponRefused=0 weaponRotApplied=0 weaponRotNoPose=0 weaponRotDrive=0 weaponRotCalib=0 weaponBaseline=1 weaponAimUsable=0 aimApplied=28806 aimNoPose=1290 aimNoPlayer=0 aimCompose=0 aimNativeMagMilli=1000 frameCaptures=0 frameTracked=0 frameOverrideApplied=0 frameOverrideRefused=0 menuActions=318 inputPosted=644 moveMode=0 moveHooked=1 moveOursX=1 moveOursY=1 moveNative=0 movePosted=4 moveDropped=0 moveInputObj=0x140899d58d0 moveAxisMilli=0,0 moveCinematic=0 turnEnabled=0 turnPosted=1 turnRefused=0 fireEnabled=0 firePressed=0 fireReleased=0 fireRefused=0 mirrorFovPct=100 xrSyncs=0 xrNotFocused=0 xrLocatedL=0 xrLocatedR=0 stickL=unavailable stickR=unavailable inputDropped=0 inputDrainThread=107112 channelProcessed=10 channelRejected=0
2026-09-09T16:21:47.255Z preyvr_camera_edit result=0 detail=native_projection enabled=1
2026-09-09T16:21:47.255Z preyvr_head_tracking result=0 detail=view_observing value=1
2026-09-09T16:21:47.255Z preyvr_input_post result=0 detail=enabled value=1
2026-09-09T16:21:47.255Z preyvr_vr state=waiting_for_renderer controls=F11_enable,F12_recenter
2026-09-09T16:21:47.276Z preyvr_xr_session result=0 detail=prefer_srgb enabled=1
2026-09-09T16:21:47.292Z preyvr_xr_session instance created api_version=1.1.60
2026-09-09T16:21:47.324Z preyvr_xr_session runtime name="xr-sim"
2026-09-09T16:21:47.373Z preyvr_xr_session adapter prey_luid=0x0:155a0 required_luid=0x0:155a0 prey_index=0 required_index=0
2026-09-09T16:21:47.373Z preyvr_xr_session adapter result=agree
2026-09-09T16:21:47.389Z preyvr_xr_input result=0 detail=input_created profile=oculus/touch_controller
2026-09-09T16:21:47.389Z preyvr_xr_session result=0 detail=view_configuration views=2 recommended=2064x2208 max=16384x16384 recommendedSamples=1 maxSamples=1 viewsDiffer=0 submitting=2560x1440 note=submitted_size_is_preys_backbuffer_not_the_recommendation
2026-09-09T16:21:47.391Z preyvr_xr_session swapchain created 2560x1440 format=29 arraySize=2 images=3 colour_conversion=yes
2026-09-09T16:21:47.391Z preyvr_xr_session result=0 detail=started
2026-09-09T16:21:47.391Z preyvr_xr_input result=0 detail=menu_nav_gate value=1
2026-09-09T16:21:47.391Z preyvr_xr_input result=0 detail=menu_navigation value=1
2026-09-09T16:21:47.391Z preyvr_vr state=starting renderer=settled
2026-09-09T16:21:47.405Z preyvr_console result=0 detail=queued_to_engine command="r_MotionBlur 0"
2026-09-09T16:21:47.417Z preyvr_console result=0 detail=queued_to_engine command="r_AntialiasingMode 1"
2026-09-09T16:21:47.433Z preyvr_vr state=waiting_for_headset put_on_headset=1
2026-09-09T16:21:47.615Z preyvr_xr_session session begun
2026-09-09T16:21:47.616Z preyvr_xr_session result=0 detail=ui_panel active=1
2026-09-09T16:21:47.659Z preyvr_head_tracking result=0 detail=recentered yawRadians=-0 origin=0,1.6,0
2026-09-09T16:21:47.659Z preyvr_head_tracking result=0 detail=view_applying value=1
2026-09-09T16:21:47.659Z preyvr_view_hook result=0 detail=position_applying value=1
2026-09-09T16:21:47.659Z preyvr_camera_edit result=0 detail=stereo_armed ipd=0.063 halfFovDegrees=50 projectionPolicy=prey_native
2026-09-09T16:21:47.659Z preyvr_xr_session result=0 detail=stereo_submission enabled=1
2026-09-09T16:21:47.659Z preyvr_near_stereo result=0 detail=enabled value=1
2026-09-09T16:21:47.659Z preyvr_near_fov result=0 detail=setting_accepted
2026-09-09T16:21:47.659Z preyvr_input_post result=0 detail=enabled value=1
2026-09-09T16:21:47.659Z preyvr_move result=0 detail=mode value=2
2026-09-09T16:21:47.659Z preyvr_input_post result=0 detail=enabled value=1
2026-09-09T16:21:47.659Z preyvr_move result=0 detail=turn value=1
2026-09-09T16:21:47.659Z preyvr_input_post result=0 detail=enabled value=1
2026-09-09T16:21:47.659Z preyvr_move result=0 detail=fire value=1
2026-09-09T16:21:47.659Z preyvr_aim_takeover result=0 detail=enabled value=1
2026-09-09T16:21:47.659Z preyvr_reticle result=0 detail=enabled value=1
2026-09-09T16:21:47.659Z preyvr_reticle result=0 detail=dispatch value=1
2026-09-09T16:21:47.659Z preyvr_weapon_attach result=0 detail=observing value=1 note=re-equip a weapon to capture
2026-09-09T16:21:47.659Z preyvr_anim_ik result=0 detail=mode value=2
2026-09-09T16:21:47.659Z preyvr_anim_ik result=0 detail=controller_drive value=1
2026-09-09T16:21:47.659Z preyvr_anim_ik result=0 detail=hands mask=3
2026-09-09T16:21:47.659Z preyvr_anim_ik result=0 detail=reach_percent value=65
2026-09-09T16:21:47.659Z preyvr_vr state=active panel=automatic recenter=F12_or_both_grips
2026-09-09T16:21:47.659Z preyvr_anim_ik result=0 detail=calibration_requested
2026-09-09T16:21:47.664Z preyvr_camera_edit result=0 detail=first_application mode=stereo ipd=0.063 eye=0 originalPos=328.409,746.579,481.2 applied=39165
2026-09-09T16:22:09.383Z preyvr_report smoke=n/a observerFrames=43145 xrSession=1 xrFrames=40862 fovAgreed=3263 fovDiverged=1 projectionPolicy=prey_native cameraEdit=2 lastEye=1 viewObserved=1723 viewApplied=1692 viewPoseFallback=0 posApplied=1692 posRefused=0 posOffsetMm=0 nearApplied=3384 nearRefused=0 nearNoEye=0 nearReentered=0 nearAlreadyOffset=0 nearNoProvenance=33564 eyeLookupMiss=33564 nearDeltaUm=-31500 handMatched=0 handSkipped=0 handApplied=0 handRefused=0 handSubtree=0 handRightMm=0 handLeftMm=0 handNoPose=0 handJoints=0 handMode=0 handDriveArmed=0 handCalibrated=0 handRightJoint=-1 handLeftJoint=-1 handWristArmed=0 handWristApplied=0 handTurnYaw=0 ikMode=2 ikHooked=1 ikOwner=0x14113108ee0 ikEquipGen=4 ikPoseSeq=29918 ikNoOwner=67 ikBusy=0 ikCalls=29390 ikMatched=3210 ikRig=0x140403d1890 ikJoints=101 ikGate=1 ikCvar=1 ikTargetR=38 ikWeightR=4 ikLimbEndR=45 ikLimbTagR=0x4b494232 ikTargetL=39 ikWeightL=5 ikLimbEndL=72 ikWrittenR=3210 ikWrittenL=3210 ikNoPose=0 ikClamped=2 ikReach=65 ikCalR=0 ikCalL=0 ikLocMm=328332,746548,479500 ikLocYawMdeg=111524 ikGoalMm=158,166,1404 handZeroRightMm=0,0,0 handWorldRightMm=0,0,0 handCalibYawMdeg=0 handLastYawMdeg=0 handLastCharacter=0x0 weaponAttachment=0x14104c28890 weaponBone=47 weaponSim=0x0 muzzleHooked=1 muzzleSamples=0 muzzleSample=unavailable aimOriginApplied=0 aimSamples=30498 aimOriginMode=0 aimMuzzleApplied=0 aimMuzzleUnavailable=0 barrelCalibrations=0 barrelOffsetMm=0,0,0 reticleApplied=1692 reticleOffScreen=0 reticleXY=499,931 reticleCanvasXY=499,931 reticleCanvasMode=1 reticleNativeCanvas=0 reticleNativeCanvasFailed=0 reticleDispatched=1692 reticleDispatchFailed=0 reticleProjection=fresh rpIndex=1692 rpStampNs=745287071502500 rpAgeNs=3910800 rpContext=1 rpSeq=40857 rpEpoch=8 rpRef=6 rpDisplayTime=745286967250529 rpPlayYaw=1.94646478 rpHeadPos=0,1.60000002,0 rpHeadQ=0,0,0,1 rpRawPos=0.200000003,1.29999995,-0.349999994 rpRawQ=-0.342020154,0,0,0.939692736 rpOrigin=328.31601,746.542603,481.11618 rpDir=-0.712622464,-0.281057388,-0.642787695 rpCamera=-0.366894484,-0.930262566,0,328.397583,0.930262566,-0.366894484,0,746.608093,0,0,1,481.200012 rpTans=-1.73205078,1.73205078,-0.974278569,0.974278569 rpDistance=10 rpRawXY=0.498847067,0.930625856 rpXY=0.498847067,0.930625856 rpClamped=0 rpDispatch=1 rpDispatchResults=0,0 aimDirMilli=-712,-281,-642 aimRawQMilli=-342,0,0 recenters=1 reticleOriginMm=134 reticleConvergeMm=10000 hudElement=0x14089d90fc0 hudCalls=60994 hudRefused=0 captures=0 aimBodyYaw=1 camYawMdeg=111524 headYawMdeg=0 playYawMdeg=111524 eyeMm=328316,746542,481116 headMm=0,1600,0 yawHeld=2157 yawUnavailable=0 weaponMountMm=551,89,1058 weaponApplied=0 weaponRefused=0 weaponRotApplied=0 weaponRotNoPose=0 weaponRotDrive=0 weaponRotCalib=0 weaponBaseline=1 weaponAimUsable=1 aimApplied=1692 aimNoPose=0 aimNoPlayer=0 aimCompose=0 aimNativeMagMilli=1000 frameCaptures=0 frameTracked=0 frameOverrideApplied=0 frameOverrideRefused=0 menuActions=319 inputPosted=646 moveMode=2 moveHooked=1 moveOursX=1 moveOursY=1 moveNative=0 movePosted=4 moveDropped=0 moveInputObj=0x140899d58d0 moveAxisMilli=0,0 moveCinematic=0 turnEnabled=1 turnPosted=1 turnRefused=0 fireEnabled=1 firePressed=0 fireReleased=0 fireRefused=0 mirrorFovPct=100 xrSyncs=1693 xrNotFocused=3 xrLocatedL=1693 xrLocatedR=1693 stickL=0,0 trigL=0 gripL=-200,1300,-350 gripLok=1 stickR=0,0 trigR=0 gripR=200,1300,-350 gripRok=1 inputDropped=0 inputDrainThread=107112 channelProcessed=13 channelRejected=0
2026-09-09T16:22:21.002Z preyvr_xr_session result=0 detail=ui_panel active=0
2026-09-09T16:22:21.691Z preyvr_anim_ik result=0 detail=calibration_requested
2026-09-09T16:22:21.695Z preyvr_anim_ik result=0 detail=rig_identified skeleton=0x140403d1890 joints=101 adik=2 rTarget=38 rWeight=4 rHand=45 rLimb=40/41/45 lTarget=39 lWeight=5 lHand=72 lLimb=67/68/72
2026-09-09T16:22:21.695Z preyvr_anim_ik result=0 detail=calibrated hand=1
2026-09-09T16:22:47.272Z preyvr_report smoke=n/a observerFrames=45905 xrSession=1 xrFrames=43620 fovAgreed=5143 fovDiverged=1 projectionPolicy=prey_native cameraEdit=2 lastEye=1 viewObserved=4483 viewApplied=4452 viewPoseFallback=0 posApplied=4452 posRefused=0 posOffsetMm=0 nearApplied=290786 nearRefused=0 nearNoEye=0 nearReentered=0 nearAlreadyOffset=0 nearNoProvenance=33564 eyeLookupMiss=33564 nearDeltaUm=-31500 handMatched=0 handSkipped=0 handApplied=0 handRefused=0 handSubtree=0 handRightMm=0 handLeftMm=0 handNoPose=0 handJoints=0 handMode=0 handDriveArmed=0 handCalibrated=0 handRightJoint=-1 handLeftJoint=-1 handWristArmed=0 handWristApplied=0 handTurnYaw=0 ikMode=2 ikHooked=1 ikOwner=0x14113108ee0 ikEquipGen=5 ikPoseSeq=43616 ikNoOwner=109 ikBusy=0 ikCalls=50048 ikMatched=5048 ikRig=0x140403d1890 ikJoints=101 ikGate=1 ikCvar=1 ikTargetR=38 ikWeightR=4 ikLimbEndR=45 ikLimbTagR=0x4b494232 ikTargetL=39 ikWeightL=5 ikLimbEndL=72 ikWrittenR=5048 ikWrittenL=5048 ikNoPose=0 ikClamped=2 ikReach=65 ikCalR=0 ikCalL=1 ikLocMm=328332,746548,479500 ikLocYawMdeg=111524 ikGoalMm=158,166,649 handZeroRightMm=0,0,0 handWorldRightMm=0,0,0 handCalibYawMdeg=0 handLastYawMdeg=0 handLastCharacter=0x0 weaponAttachment=0x14104c28890 weaponBone=47 weaponSim=0x0 muzzleHooked=1 muzzleSamples=0 muzzleSample=unavailable aimOriginApplied=0 aimSamples=33258 aimOriginMode=0 aimMuzzleApplied=0 aimMuzzleUnavailable=0 barrelCalibrations=0 barrelOffsetMm=0,0,0 reticleApplied=4452 reticleOffScreen=0 reticleXY=499,931 reticleCanvasXY=497,1792 reticleCanvasMode=1 reticleNativeCanvas=0 reticleNativeCanvasFailed=0 reticleDispatched=4452 reticleDispatchFailed=0 reticleProjection=fresh rpIndex=4452 rpStampNs=745324957053700 rpAgeNs=7618900 rpContext=1 rpSeq=43617 rpEpoch=8 rpRef=6 rpDisplayTime=745324947575244 rpPlayYaw=1.9464649 rpHeadPos=0,1.60000002,0 rpHeadQ=0,0,0,1 rpRawPos=0.200000003,1.29999995,-0.349999994 rpRawQ=-0.342020154,0,0,0.939692736 rpOrigin=328.31601,746.542603,480.416168 rpDir=-0.712622464,-0.281057686,-0.642787635 rpCamera=-0.366894603,-0.930262744,0,328.397583,0.930262744,-0.366894603,0,746.608093,0,0,1,480.5 rpTans=-1.73205078,1.73205078,-0.974278569,0.974278569 rpDistance=10 rpRawXY=0.498846978,0.930625677 rpXY=0.498846978,0.930625677 rpClamped=0 rpDispatch=1 rpDispatchResults=0,0 aimDirMilli=-712,-281,-642 aimRawQMilli=-342,0,0 recenters=1 reticleOriginMm=134 reticleConvergeMm=10000 hudElement=0x14089d90fc0 hudCalls=66514 hudRefused=0 captures=0 aimBodyYaw=1 camYawMdeg=111524 headYawMdeg=0 playYawMdeg=111524 eyeMm=328316,746542,480416 headMm=0,1600,0 yawHeld=2157 yawUnavailable=0 weaponMountMm=551,89,1058 weaponApplied=0 weaponRefused=0 weaponRotApplied=0 weaponRotNoPose=0 weaponRotDrive=0 weaponRotCalib=0 weaponBaseline=1 weaponAimUsable=1 aimApplied=4452 aimNoPose=0 aimNoPlayer=0 aimCompose=0 aimNativeMagMilli=1000 frameCaptures=0 frameTracked=0 frameOverrideApplied=0 frameOverrideRefused=0 menuActions=320 inputPosted=652 moveMode=2 moveHooked=1 moveOursX=2 moveOursY=2 moveNative=0 movePosted=6 moveDropped=0 moveInputObj=0x140899d58d0 moveAxisMilli=0,0 moveCinematic=0 turnEnabled=1 turnPosted=1 turnRefused=0 fireEnabled=1 firePressed=0 fireReleased=0 fireRefused=0 mirrorFovPct=100 xrSyncs=4453 xrNotFocused=3 xrLocatedL=4453 xrLocatedR=4453 stickL=0,0 trigL=0 gripL=-200,1300,-350 gripLok=1 stickR=0,0 trigR=0 gripR=200,1300,-350 gripRok=1 inputDropped=0 inputDrainThread=107112 channelProcessed=16 channelRejected=0
2026-09-09T16:22:59.637Z preyvr_camera_edit result=0 detail=stereo_disarmed
2026-09-09T16:22:59.637Z preyvr_head_tracking result=0 detail=view_applying value=0
2026-09-09T16:22:59.637Z preyvr_view_hook result=0 detail=position_applying value=0
2026-09-09T16:22:59.637Z preyvr_near_stereo result=0 detail=enabled value=0
2026-09-09T16:22:59.637Z preyvr_near_fov result=0 detail=setting_accepted
2026-09-09T16:22:59.637Z preyvr_reticle result=0 detail=enabled value=0
2026-09-09T16:22:59.637Z preyvr_aim_takeover result=0 detail=enabled value=0
2026-09-09T16:22:59.637Z preyvr_anim_ik result=0 detail=controller_drive value=0
2026-09-09T16:22:59.637Z preyvr_anim_ik result=0 detail=mode value=0
2026-09-09T16:22:59.637Z preyvr_xr_input result=0 detail=menu_navigation value=0
2026-09-09T16:22:59.637Z preyvr_move result=0 detail=mode value=0
2026-09-09T16:22:59.637Z preyvr_move result=0 detail=turn value=0
2026-09-09T16:22:59.637Z preyvr_move result=0 detail=fire value=0
2026-09-09T16:22:59.637Z preyvr_vr state=failed step=openxr_session_ended retry=F11
2026-09-09T16:22:59.652Z preyvr_xr_session result=0 detail=torn_down
2026-09-09T16:23:11.564Z preyvr_report smoke=n/a observerFrames=48203 xrSession=5 xrFrames=44547 fovAgreed=6070 fovDiverged=1 projectionPolicy=prey_native cameraEdit=1 lastEye=-1 viewObserved=6782 viewApplied=5381 viewPoseFallback=0 posApplied=5381 posRefused=0 posOffsetMm=0 nearApplied=431706 nearRefused=0 nearNoEye=0 nearReentered=0 nearAlreadyOffset=0 nearNoProvenance=33564 eyeLookupMiss=33564 nearDeltaUm=31500 handMatched=0 handSkipped=0 handApplied=0 handRefused=0 handSubtree=0 handRightMm=0 handLeftMm=0 handNoPose=0 handJoints=0 handMode=0 handDriveArmed=0 handCalibrated=0 handRightJoint=-1 handLeftJoint=-1 handWristArmed=0 handWristApplied=0 handTurnYaw=0 ikMode=0 ikHooked=1 ikOwner=0x14113108ee0 ikEquipGen=5 ikPoseSeq=44545 ikNoOwner=109 ikBusy=0 ikCalls=75340 ikMatched=5977 ikRig=0x140403d1890 ikJoints=101 ikGate=1 ikCvar=1 ikTargetR=38 ikWeightR=4 ikLimbEndR=45 ikLimbTagR=0x4b494232 ikTargetL=39 ikWeightL=5 ikLimbEndL=72 ikWrittenR=5977 ikWrittenL=5977 ikNoPose=0 ikClamped=2 ikReach=65 ikCalR=0 ikCalL=0 ikLocMm=328332,746548,479500 ikLocYawMdeg=111524 ikGoalMm=158,166,649 handZeroRightMm=0,0,0 handWorldRightMm=0,0,0 handCalibYawMdeg=0 handLastYawMdeg=0 handLastCharacter=0x0 weaponAttachment=0x14104c28890 weaponBone=47 weaponSim=0x0 muzzleHooked=1 muzzleSamples=0 muzzleSample=unavailable aimOriginApplied=0 aimSamples=34187 aimOriginMode=0 aimMuzzleApplied=0 aimMuzzleUnavailable=0 barrelCalibrations=0 barrelOffsetMm=0,0,0 reticleApplied=5381 reticleOffScreen=0 reticleXY=501,931 reticleCanvasXY=503,1792 reticleCanvasMode=1 reticleNativeCanvas=0 reticleNativeCanvasFailed=0 reticleDispatched=5381 reticleDispatchFailed=0 reticleProjection=unavailable aimDirMilli=-712,-281,-642 aimRawQMilli=-342,0,0 recenters=1 reticleOriginMm=134 reticleConvergeMm=10000 hudElement=0x14089d90fc0 hudCalls=68372 hudRefused=0 captures=0 aimBodyYaw=1 camYawMdeg=111524 headYawMdeg=0 playYawMdeg=111524 eyeMm=328292,746533,480463 headMm=0,0,0 yawHeld=3526 yawUnavailable=0 weaponMountMm=551,89,1058 weaponApplied=0 weaponRefused=0 weaponRotApplied=0 weaponRotNoPose=0 weaponRotDrive=0 weaponRotCalib=0 weaponBaseline=1 weaponAimUsable=0 aimApplied=5381 aimNoPose=1369 aimNoPlayer=0 aimCompose=0 aimNativeMagMilli=1000 frameCaptures=0 frameTracked=0 frameOverrideApplied=0 frameOverrideRefused=0 menuActions=320 inputPosted=652 moveMode=0 moveHooked=1 moveOursX=2 moveOursY=2 moveNative=0 movePosted=6 moveDropped=0 moveInputObj=0x140899d58d0 moveAxisMilli=0,0 moveCinematic=0 turnEnabled=0 turnPosted=1 turnRefused=0 fireEnabled=0 firePressed=0 fireReleased=0 fireRefused=0 mirrorFovPct=100 xrSyncs=0 xrNotFocused=0 xrLocatedL=0 xrLocatedR=0 stickL=unavailable stickR=unavailable inputDropped=0 inputDrainThread=107112 channelProcessed=20 channelRejected=0
2026-09-09T16:23:22.892Z preyvr_camera_edit result=0 detail=native_projection enabled=1
2026-09-09T16:23:22.892Z preyvr_head_tracking result=0 detail=view_observing value=1
2026-09-09T16:23:22.892Z preyvr_input_post result=0 detail=enabled value=1
2026-09-09T16:23:22.892Z preyvr_vr state=waiting_for_renderer controls=F11_enable,F12_recenter
2026-09-09T16:23:22.913Z preyvr_xr_session result=0 detail=prefer_srgb enabled=1
2026-09-09T16:23:22.923Z preyvr_xr_session instance created api_version=1.1.60
2026-09-09T16:23:22.959Z preyvr_xr_session runtime name="xr-sim"
2026-09-09T16:23:23.011Z preyvr_xr_session adapter prey_luid=0x0:155a0 required_luid=0x0:155a0 prey_index=0 required_index=0
2026-09-09T16:23:23.011Z preyvr_xr_session adapter result=agree
2026-09-09T16:23:23.027Z preyvr_xr_input result=0 detail=input_created profile=oculus/touch_controller
2026-09-09T16:23:23.027Z preyvr_xr_session result=0 detail=view_configuration views=2 recommended=2064x2208 max=16384x16384 recommendedSamples=1 maxSamples=1 viewsDiffer=0 submitting=2560x1440 note=submitted_size_is_preys_backbuffer_not_the_recommendation
2026-09-09T16:23:23.028Z preyvr_xr_session swapchain created 2560x1440 format=29 arraySize=2 images=3 colour_conversion=yes
2026-09-09T16:23:23.028Z preyvr_xr_session result=0 detail=started
2026-09-09T16:23:23.028Z preyvr_xr_input result=0 detail=menu_nav_gate value=1
2026-09-09T16:23:23.028Z preyvr_xr_input result=0 detail=menu_navigation value=1
2026-09-09T16:23:23.028Z preyvr_vr state=starting renderer=settled
2026-09-09T16:23:23.036Z preyvr_console result=0 detail=queued_to_engine command="r_MotionBlur 0"
2026-09-09T16:23:23.054Z preyvr_console result=0 detail=queued_to_engine command="r_AntialiasingMode 1"
2026-09-09T16:23:23.070Z preyvr_vr state=waiting_for_headset put_on_headset=1
2026-09-09T16:23:23.254Z preyvr_xr_session session begun
2026-09-09T16:23:23.295Z preyvr_head_tracking result=0 detail=recentered yawRadians=-0 origin=0,1.6,0
2026-09-09T16:23:23.295Z preyvr_head_tracking result=0 detail=view_applying value=1
2026-09-09T16:23:23.295Z preyvr_view_hook result=0 detail=position_applying value=1
2026-09-09T16:23:23.295Z preyvr_camera_edit result=0 detail=stereo_armed ipd=0.063 halfFovDegrees=50 projectionPolicy=prey_native
2026-09-09T16:23:23.295Z preyvr_xr_session result=0 detail=stereo_submission enabled=1
2026-09-09T16:23:23.295Z preyvr_near_stereo result=0 detail=enabled value=1
2026-09-09T16:23:23.295Z preyvr_near_fov result=0 detail=setting_accepted
2026-09-09T16:23:23.295Z preyvr_input_post result=0 detail=enabled value=1
2026-09-09T16:23:23.295Z preyvr_move result=0 detail=mode value=2
2026-09-09T16:23:23.295Z preyvr_input_post result=0 detail=enabled value=1
2026-09-09T16:23:23.295Z preyvr_move result=0 detail=turn value=1
2026-09-09T16:23:23.295Z preyvr_input_post result=0 detail=enabled value=1
2026-09-09T16:23:23.295Z preyvr_move result=0 detail=fire value=1
2026-09-09T16:23:23.295Z preyvr_aim_takeover result=0 detail=enabled value=1
2026-09-09T16:23:23.295Z preyvr_reticle result=0 detail=enabled value=1
2026-09-09T16:23:23.295Z preyvr_reticle result=0 detail=dispatch value=1
2026-09-09T16:23:23.295Z preyvr_weapon_attach result=0 detail=observing value=1 note=re-equip a weapon to capture
2026-09-09T16:23:23.295Z preyvr_anim_ik result=0 detail=mode value=2
2026-09-09T16:23:23.295Z preyvr_anim_ik result=0 detail=controller_drive value=1
2026-09-09T16:23:23.295Z preyvr_anim_ik result=0 detail=hands mask=3
2026-09-09T16:23:23.295Z preyvr_anim_ik result=0 detail=reach_percent value=65
2026-09-09T16:23:23.295Z preyvr_vr state=active panel=automatic recenter=F12_or_both_grips
2026-09-09T16:23:23.295Z preyvr_anim_ik result=0 detail=calibration_requested
2026-09-09T16:23:23.305Z preyvr_camera_edit result=0 detail=first_application mode=stereo ipd=0.063 eye=0 originalPos=328.409,746.579,480.5 applied=44546
2026-09-09T16:23:23.312Z preyvr_anim_ik result=0 detail=rig_identified skeleton=0x140403d1890 joints=101 adik=2 rTarget=38 rWeight=4 rHand=45 rLimb=40/41/45 lTarget=39 lWeight=5 lHand=72 lLimb=67/68/72
2026-09-09T16:23:36.139Z preyvr_xr_session result=0 detail=ui_panel active=1
2026-09-09T16:24:12.356Z preyvr_xr_session result=0 detail=ui_panel active=0
2026-09-09T16:24:13.008Z preyvr_anim_ik result=0 detail=rig_identified skeleton=0x140403d1890 joints=101 adik=2 rTarget=38 rWeight=4 rHand=45 rLimb=40/41/45 lTarget=39 lWeight=5 lHand=72 lLimb=67/68/72
2026-09-09T16:24:13.017Z preyvr_anim_ik result=0 detail=calibration_requested
2026-09-09T16:24:13.023Z preyvr_anim_ik result=0 detail=calibrated hand=1
2026-09-09T16:24:32.020Z preyvr_xr_session result=0 detail=ui_panel active=1
2026-09-09T16:24:41.209Z preyvr_report smoke=n/a observerFrames=55117 xrSession=1 xrFrames=50444 fovAgreed=8438 fovDiverged=1 projectionPolicy=prey_native cameraEdit=2 lastEye=0 viewObserved=5945 viewApplied=5895 viewPoseFallback=0 posApplied=5895 posRefused=0 posOffsetMm=0 nearApplied=511346 nearRefused=0 nearNoEye=0 nearReentered=0 nearAlreadyOffset=0 nearNoProvenance=33722 eyeLookupMiss=33722 nearDeltaUm=31500 handMatched=0 handSkipped=0 handApplied=0 handRefused=0 handSubtree=0 handRightMm=0 handLeftMm=0 handNoPose=0 handJoints=0 handMode=0 handDriveArmed=0 handCalibrated=0 handRightJoint=-1 handLeftJoint=-1 handWristArmed=0 handWristApplied=0 handTurnYaw=0 ikMode=2 ikHooked=1 ikOwner=0x14113108ee0 ikEquipGen=6 ikPoseSeq=49700 ikNoOwner=249 ikBusy=0 ikCalls=110738 ikMatched=8202 ikRig=0x140403d1890 ikJoints=101 ikGate=1 ikCvar=1 ikTargetR=38 ikWeightR=4 ikLimbEndR=45 ikLimbTagR=0x4b494232 ikTargetL=39 ikWeightL=5 ikLimbEndL=72 ikWrittenR=8202 ikWrittenL=8202 ikNoPose=0 ikClamped=2 ikReach=65 ikCalR=0 ikCalL=1 ikLocMm=328332,746548,479500 ikLocYawMdeg=111524 ikGoalMm=158,166,1404 handZeroRightMm=0,0,0 handWorldRightMm=0,0,0 handCalibYawMdeg=0 handLastYawMdeg=0 handLastCharacter=0x0 weaponAttachment=0x14104c28890 weaponBone=47 weaponSim=0x0 muzzleHooked=1 muzzleSamples=0 muzzleSample=unavailable aimOriginApplied=0 aimSamples=40082 aimOriginMode=0 aimMuzzleApplied=0 aimMuzzleUnavailable=0 barrelCalibrations=0 barrelOffsetMm=0,0,0 reticleApplied=5895 reticleOffScreen=0 reticleXY=501,500 reticleCanvasXY=501,500 reticleCanvasMode=1 reticleNativeCanvas=0 reticleNativeCanvasFailed=0 reticleDispatched=5895 reticleDispatchFailed=0 reticleProjection=fresh rpIndex=5895 rpStampNs=745438895070500 rpAgeNs=7227700 rpContext=1 rpSeq=50441 rpEpoch=12 rpRef=8 rpDisplayTime=745438812447697 rpPlayYaw=1.94646478 rpHeadPos=0,1.60000002,0 rpHeadQ=0,0,0,1 rpRawPos=0.200000003,1.29999995,-0.349999994 rpRawQ=0,0,0,1 rpOrigin=328.316254,746.541931,481.200043 rpDir=-0.930262566,-0.366894484,0 rpCamera=-0.366894484,-0.930262566,0,328.420715,0.930262566,-0.366894484,0,746.5495,0,0,1,481.200012 rpTans=-1.73205078,1.73205078,-0.974278569,0.974278569 rpDistance=10 rpRawXY=0.500894189,0.49999845 rpXY=0.500894189,0.49999845 rpClamped=0 rpDispatch=1 rpDispatchResults=0,0 aimDirMilli=-930,-366,0 aimRawQMilli=0,0,0 recenters=1 reticleOriginMm=105 reticleConvergeMm=10000 hudElement=0x14089d90fc0 hudCalls=80162 hudRefused=0 captures=0 aimBodyYaw=1 camYawMdeg=111524 headYawMdeg=0 playYawMdeg=111524 eyeMm=328316,746541,481200 headMm=0,1600,0 yawHeld=4543 yawUnavailable=0 weaponMountMm=551,89,1058 weaponApplied=0 weaponRefused=0 weaponRotApplied=0 weaponRotNoPose=0 weaponRotDrive=0 weaponRotCalib=0 weaponBaseline=1 weaponAimUsable=1 aimApplied=5895 aimNoPose=0 aimNoPlayer=0 aimCompose=0 aimNativeMagMilli=1000 frameCaptures=0 frameTracked=0 frameOverrideApplied=0 frameOverrideRefused=0 menuActions=324 inputPosted=670 moveMode=2 moveHooked=1 moveOursX=4 moveOursY=4 moveNative=0 movePosted=10 moveDropped=0 moveInputObj=0x140899d58d0 moveAxisMilli=0,0 moveCinematic=0 turnEnabled=1 turnPosted=1 turnRefused=0 fireEnabled=1 firePressed=0 fireReleased=0 fireRefused=0 mirrorFovPct=100 xrSyncs=5897 xrNotFocused=3 xrLocatedL=5897 xrLocatedR=5897 stickL=0,0 trigL=0 gripL=-200,1300,-350 gripLok=1 stickR=1000,0 trigR=1000 gripR=200,1300,-350 gripRok=1 inputDropped=0 inputDrainThread=107112 channelProcessed=23 channelRejected=0
2026-09-09T16:24:52.349Z preyvr_xr_session result=0 detail=ui_panel active=0
2026-09-09T16:24:53.012Z preyvr_anim_ik result=0 detail=rig_identified skeleton=0x140403d1890 joints=101 adik=2 rTarget=38 rWeight=4 rHand=45 rLimb=40/41/45 lTarget=39 lWeight=5 lHand=72 lLimb=67/68/72
2026-09-09T16:24:53.017Z preyvr_anim_ik result=0 detail=calibration_requested
2026-09-09T16:24:53.027Z preyvr_anim_ik result=0 detail=calibrated hand=1
2026-09-09T16:25:10.236Z preyvr_report smoke=n/a observerFrames=57334 xrSession=1 xrFrames=52659 fovAgreed=9759 fovDiverged=1 projectionPolicy=prey_native cameraEdit=2 lastEye=1 viewObserved=8162 viewApplied=8112 viewPoseFallback=0 posApplied=8112 posRefused=0 posOffsetMm=0 nearApplied=706288 nearRefused=0 nearNoEye=0 nearReentered=0 nearAlreadyOffset=0 nearNoProvenance=33722 eyeLookupMiss=33722 nearDeltaUm=-31500 handMatched=0 handSkipped=0 handApplied=0 handRefused=0 handSubtree=0 handRightMm=0 handLeftMm=0 handNoPose=0 handJoints=0 handMode=0 handDriveArmed=0 handCalibrated=0 handRightJoint=-1 handLeftJoint=-1 handWristArmed=0 handWristApplied=0 handTurnYaw=0 ikMode=2 ikHooked=1 ikOwner=0x14113108ee0 ikEquipGen=7 ikPoseSeq=52657 ikNoOwner=297 ikBusy=0 ikCalls=122633 ikMatched=9475 ikRig=0x140403d1890 ikJoints=101 ikGate=1 ikCvar=1 ikTargetR=38 ikWeightR=4 ikLimbEndR=45 ikLimbTagR=0x4b494232 ikTargetL=39 ikWeightL=5 ikLimbEndL=72 ikWrittenR=9475 ikWrittenL=9475 ikNoPose=0 ikClamped=2 ikReach=65 ikCalR=0 ikCalL=1 ikLocMm=328332,746548,479500 ikLocYawMdeg=111524 ikGoalMm=158,166,1404 handZeroRightMm=0,0,0 handWorldRightMm=0,0,0 handCalibYawMdeg=0 handLastYawMdeg=0 handLastCharacter=0x0 weaponAttachment=0x14104c28890 weaponBone=47 weaponSim=0x0 muzzleHooked=1 muzzleSamples=0 muzzleSample=unavailable aimOriginApplied=0 aimSamples=42299 aimOriginMode=0 aimMuzzleApplied=0 aimMuzzleUnavailable=0 barrelCalibrations=0 barrelOffsetMm=0,0,0 reticleApplied=8112 reticleOffScreen=0 reticleXY=499,500 reticleCanvasXY=497,500 reticleCanvasMode=1 reticleNativeCanvas=0 reticleNativeCanvasFailed=0 reticleDispatched=8112 reticleDispatchFailed=0 reticleProjection=fresh rpIndex=8112 rpStampNs=745467919281400 rpAgeNs=9975900 rpContext=1 rpSeq=52658 rpEpoch=12 rpRef=8 rpDisplayTime=745467896925843 rpPlayYaw=1.94646478 rpHeadPos=0,1.60000002,0 rpHeadQ=0,0,0,1 rpRawPos=0.200000003,1.29999995,-0.349999994 rpRawQ=0,0,0,1 rpOrigin=328.31601,746.542542,481.200043 rpDir=-0.930262566,-0.366894484,0 rpCamera=-0.366894484,-0.930262566,0,328.397583,0.930262566,-0.366894484,0,746.608093,0,0,1,481.200012 rpTans=-1.73205078,1.73205078,-0.974278569,0.974278569 rpDistance=10 rpRawXY=0.499112487,0.49999845 rpXY=0.499112487,0.49999845 rpClamped=0 rpDispatch=1 rpDispatchResults=0,0 aimDirMilli=-930,-366,0 aimRawQMilli=0,0,0 recenters=1 reticleOriginMm=105 reticleConvergeMm=10000 hudElement=0x14089d90fc0 hudCalls=84596 hudRefused=0 captures=0 aimBodyYaw=1 camYawMdeg=111524 headYawMdeg=0 playYawMdeg=111524 eyeMm=328316,746542,481200 headMm=0,1600,0 yawHeld=4543 yawUnavailable=0 weaponMountMm=551,89,1058 weaponApplied=0 weaponRefused=0 weaponRotApplied=0 weaponRotNoPose=0 weaponRotDrive=0 weaponRotCalib=0 weaponBaseline=1 weaponAimUsable=1 aimApplied=8112 aimNoPose=0 aimNoPlayer=0 aimCompose=0 aimNativeMagMilli=1000 frameCaptures=0 frameTracked=0 frameOverrideApplied=0 frameOverrideRefused=0 menuActions=394 inputPosted=812 moveMode=2 moveHooked=1 moveOursX=5 moveOursY=5 moveNative=0 movePosted=12 moveDropped=0 moveInputObj=0x140899d58d0 moveAxisMilli=0,0 moveCinematic=0 turnEnabled=1 turnPosted=1 turnRefused=0 fireEnabled=1 firePressed=0 fireReleased=0 fireRefused=0 mirrorFovPct=100 xrSyncs=8114 xrNotFocused=3 xrLocatedL=8114 xrLocatedR=8114 stickL=0,0 trigL=0 gripL=-200,1300,-350 gripLok=1 stickR=1000,0 trigR=1000 gripR=200,1300,-350 gripRok=1 inputDropped=0 inputDrainThread=107112 channelProcessed=25 channelRejected=0
2026-09-09T16:25:48.799Z preyvr_xr_session result=0 detail=ui_panel active=1
2026-09-09T16:26:19.479Z preyvr_xr_session result=0 detail=ui_panel active=0
2026-09-09T16:26:20.096Z preyvr_anim_ik result=0 detail=calibration_requested
2026-09-09T16:26:20.103Z preyvr_anim_ik result=0 detail=rig_identified skeleton=0x140403d1890 joints=101 adik=2 rTarget=38 rWeight=4 rHand=45 rLimb=40/41/45 lTarget=39 lWeight=5 lHand=72 lLimb=67/68/72
2026-09-09T16:26:20.103Z preyvr_anim_ik result=0 detail=calibrated hand=1
2026-09-09T16:26:31.435Z preyvr_report smoke=n/a observerFrames=63427 xrSession=1 xrFrames=58750 fovAgreed=13457 fovDiverged=1 projectionPolicy=prey_native cameraEdit=2 lastEye=0 viewObserved=14255 viewApplied=14205 viewPoseFallback=0 posApplied=14205 posRefused=0 posOffsetMm=0 nearApplied=1390781 nearRefused=0 nearNoEye=0 nearReentered=0 nearAlreadyOffset=0 nearNoProvenance=33722 eyeLookupMiss=33722 nearDeltaUm=31500 handMatched=0 handSkipped=0 handApplied=0 handRefused=0 handSubtree=0 handRightMm=0 handLeftMm=0 handNoPose=0 handJoints=0 handMode=0 handDriveArmed=0 handCalibrated=0 handRightJoint=-1 handLeftJoint=-1 handWristArmed=0 handWristApplied=0 handTurnYaw=0 ikMode=2 ikHooked=1 ikOwner=0x14113108ee0 ikEquipGen=8 ikPoseSeq=58750 ikNoOwner=387 ikBusy=0 ikCalls=155940 ikMatched=13083 ikRig=0x140403d1890 ikJoints=101 ikGate=1 ikCvar=1 ikTargetR=38 ikWeightR=4 ikLimbEndR=45 ikLimbTagR=0x4b494232 ikTargetL=39 ikWeightL=5 ikLimbEndL=72 ikWrittenR=13083 ikWrittenL=13083 ikNoPose=0 ikClamped=2 ikReach=65 ikCalR=0 ikCalL=1 ikLocMm=328332,746548,479500 ikLocYawMdeg=111524 ikGoalMm=190,185,1407 handZeroRightMm=0,0,0 handWorldRightMm=0,0,0 handCalibYawMdeg=0 handLastYawMdeg=0 handLastCharacter=0x0 weaponAttachment=0x14104c28890 weaponBone=47 weaponSim=0x0 muzzleHooked=1 muzzleSamples=0 muzzleSample=unavailable aimOriginApplied=0 aimSamples=48392 aimOriginMode=0 aimMuzzleApplied=0 aimMuzzleUnavailable=0 barrelCalibrations=0 barrelOffsetMm=0,0,0 reticleApplied=14205 reticleOffScreen=0 reticleXY=501,500 reticleCanvasXY=503,500 reticleCanvasMode=1 reticleNativeCanvas=0 reticleNativeCanvasFailed=0 reticleDispatched=14205 reticleDispatchFailed=0 reticleProjection=fresh rpIndex=14205 rpStampNs=745549121036100 rpAgeNs=6726700 rpContext=1 rpSeq=58751 rpEpoch=12 rpRef=8 rpDisplayTime=745549044463341 rpPlayYaw=1.94646478 rpHeadPos=0,1.60000002,0 rpHeadQ=0,0,0,1 rpRawPos=0.200000003,1.29999995,-0.349999994 rpRawQ=0,0,0,1 rpOrigin=328.316254,746.541931,481.200043 rpDir=-0.930262566,-0.366894484,0 rpCamera=-0.366894484,-0.930262566,0,328.420715,0.930262566,-0.366894484,0,746.5495,0,0,1,481.200012 rpTans=-1.73205078,1.73205078,-0.974278569,0.974278569 rpDistance=10 rpRawXY=0.500894189,0.49999845 rpXY=0.500894189,0.49999845 rpClamped=0 rpDispatch=1 rpDispatchResults=0,0 aimDirMilli=-930,-366,0 aimRawQMilli=0,0,0 recenters=1 reticleOriginMm=105 reticleConvergeMm=10000 hudElement=0x14089d90fc0 hudCalls=96782 hudRefused=0 captures=0 aimBodyYaw=1 camYawMdeg=111524 headYawMdeg=0 playYawMdeg=111524 eyeMm=328316,746541,481200 headMm=0,1600,0 yawHeld=4543 yawUnavailable=0 weaponMountMm=551,89,1058 weaponApplied=0 weaponRefused=0 weaponRotApplied=0 weaponRotNoPose=0 weaponRotDrive=0 weaponRotCalib=0 weaponBaseline=1 weaponAimUsable=1 aimApplied=14205 aimNoPose=0 aimNoPlayer=0 aimCompose=0 aimNativeMagMilli=1000 frameCaptures=0 frameTracked=0 frameOverrideApplied=0 frameOverrideRefused=0 menuActions=396 inputPosted=820 moveMode=2 moveHooked=1 moveOursX=6 moveOursY=6 moveNative=0 movePosted=14 moveDropped=0 moveInputObj=0x140899d58d0 moveAxisMilli=0,0 moveCinematic=0 turnEnabled=1 turnPosted=1 turnRefused=0 fireEnabled=1 firePressed=0 fireReleased=0 fireRefused=0 mirrorFovPct=100 xrSyncs=14207 xrNotFocused=3 xrLocatedL=14207 xrLocatedR=14207 stickL=0,0 trigL=0 gripL=-200,1300,-350 gripLok=1 stickR=0,0 trigR=0 gripR=200,1300,-350 gripRok=1 inputDropped=0 inputDrainThread=107112 channelProcessed=28 channelRejected=0
2026-09-09T16:26:49.753Z preyvr_xr_session result=0 detail=ui_panel active=1
2026-09-09T16:27:49.013Z preyvr_xr_session result=0 detail=ui_panel active=0
2026-09-09T16:27:49.665Z preyvr_anim_ik result=0 detail=rig_identified skeleton=0x140403d1890 joints=101 adik=2 rTarget=38 rWeight=4 rHand=45 rLimb=40/41/45 lTarget=39 lWeight=5 lHand=72 lLimb=67/68/72
2026-09-09T16:27:49.673Z preyvr_anim_ik result=0 detail=calibration_requested
2026-09-09T16:27:49.678Z preyvr_anim_ik result=0 detail=calibrated hand=1
2026-09-09T16:28:16.149Z preyvr_report smoke=n/a observerFrames=71397 xrSession=1 xrFrames=66718 fovAgreed=16835 fovDiverged=1 projectionPolicy=prey_native cameraEdit=2 lastEye=0 viewObserved=22225 viewApplied=22175 viewPoseFallback=0 posApplied=22175 posRefused=0 posOffsetMm=0 nearApplied=2171042 nearRefused=0 nearNoEye=0 nearReentered=0 nearAlreadyOffset=0 nearNoProvenance=33722 eyeLookupMiss=33722 nearDeltaUm=31500 handMatched=0 handSkipped=0 handApplied=0 handRefused=0 handSubtree=0 handRightMm=0 handLeftMm=0 handNoPose=0 handJoints=0 handMode=0 handDriveArmed=0 handCalibrated=0 handRightJoint=-1 handLeftJoint=-1 handWristArmed=0 handWristApplied=0 handTurnYaw=0 ikMode=2 ikHooked=1 ikOwner=0x14113108ee0 ikEquipGen=9 ikPoseSeq=66720 ikNoOwner=478 ikBusy=0 ikCalls=190452 ikMatched=16370 ikRig=0x140403d1890 ikJoints=101 ikGate=1 ikCvar=1 ikTargetR=38 ikWeightR=4 ikLimbEndR=45 ikLimbTagR=0x4b494232 ikTargetL=39 ikWeightL=5 ikLimbEndL=72 ikWrittenR=16370 ikWrittenL=16370 ikNoPose=0 ikClamped=2 ikReach=65 ikCalR=0 ikCalL=1 ikLocMm=328332,746548,479500 ikLocYawMdeg=111524 ikGoalMm=202,208,706 handZeroRightMm=0,0,0 handWorldRightMm=0,0,0 handCalibYawMdeg=0 handLastYawMdeg=0 handLastCharacter=0x0 weaponAttachment=0x14104c28890 weaponBone=47 weaponSim=0x0 muzzleHooked=1 muzzleSamples=0 muzzleSample=unavailable aimOriginApplied=0 aimSamples=56362 aimOriginMode=0 aimMuzzleApplied=0 aimMuzzleUnavailable=0 barrelCalibrations=0 barrelOffsetMm=0,0,0 reticleApplied=22175 reticleOffScreen=0 reticleXY=501,500 reticleCanvasXY=503,500 reticleCanvasMode=1 reticleNativeCanvas=0 reticleNativeCanvasFailed=0 reticleDispatched=22175 reticleDispatchFailed=0 reticleProjection=fresh rpIndex=22175 rpStampNs=745653837401300 rpAgeNs=4449100 rpContext=1 rpSeq=66721 rpEpoch=12 rpRef=8 rpDisplayTime=745653772070197 rpPlayYaw=1.9464649 rpHeadPos=0,1.60000002,0 rpHeadQ=0,0,0,1 rpRawPos=0.200000003,1.29999995,-0.349999994 rpRawQ=0,0,0,1 rpOrigin=328.316254,746.541931,480.500031 rpDir=-0.930262566,-0.366894513,0 rpCamera=-0.366894603,-0.930262744,0,328.420715,0.930262744,-0.366894603,0,746.5495,0,0,1,480.5 rpTans=-1.73205078,1.73205078,-0.974278569,0.974278569 rpDistance=10 rpRawXY=0.500894189,0.49999845 rpXY=0.500894189,0.49999845 rpClamped=0 rpDispatch=1 rpDispatchResults=0,0 aimDirMilli=-930,-366,0 aimRawQMilli=0,0,0 recenters=1 reticleOriginMm=105 reticleConvergeMm=10000 hudElement=0x14089d90fc0 hudCalls=112722 hudRefused=0 captures=0 aimBodyYaw=1 camYawMdeg=111524 headYawMdeg=0 playYawMdeg=111524 eyeMm=328316,746541,480500 headMm=0,1600,0 yawHeld=4543 yawUnavailable=0 weaponMountMm=551,89,1058 weaponApplied=0 weaponRefused=0 weaponRotApplied=0 weaponRotNoPose=0 weaponRotDrive=0 weaponRotCalib=0 weaponBaseline=1 weaponAimUsable=1 aimApplied=22175 aimNoPose=0 aimNoPlayer=0 aimCompose=0 aimNativeMagMilli=1000 frameCaptures=0 frameTracked=0 frameOverrideApplied=0 frameOverrideRefused=0 menuActions=398 inputPosted=834 moveMode=2 moveHooked=1 moveOursX=7 moveOursY=7 moveNative=0 movePosted=16 moveDropped=0 moveInputObj=0x140899d58d0 moveAxisMilli=0,0 moveCinematic=0 turnEnabled=1 turnPosted=1 turnRefused=0 fireEnabled=1 firePressed=0 fireReleased=0 fireRefused=0 mirrorFovPct=100 xrSyncs=22177 xrNotFocused=3 xrLocatedL=22177 xrLocatedR=22177 stickL=0,0 trigL=0 gripL=-200,1300,-350 gripLok=1 stickR=0,0 trigR=0 gripR=200,1300,-350 gripRok=1 inputDropped=0 inputDrainThread=107112 channelProcessed=34 channelRejected=0
2026-09-09T16:29:11.356Z preyvr_camera_edit result=0 detail=stereo_disarmed
2026-09-09T16:29:11.356Z preyvr_head_tracking result=0 detail=view_applying value=0
2026-09-09T16:29:11.356Z preyvr_view_hook result=0 detail=position_applying value=0
2026-09-09T16:29:11.356Z preyvr_near_stereo result=0 detail=enabled value=0
2026-09-09T16:29:11.356Z preyvr_near_fov result=0 detail=setting_accepted
2026-09-09T16:29:11.356Z preyvr_reticle result=0 detail=enabled value=0
2026-09-09T16:29:11.356Z preyvr_aim_takeover result=0 detail=enabled value=0
2026-09-09T16:29:11.356Z preyvr_anim_ik result=0 detail=controller_drive value=0
2026-09-09T16:29:11.356Z preyvr_anim_ik result=0 detail=mode value=0
2026-09-09T16:29:11.356Z preyvr_xr_input result=0 detail=menu_navigation value=0
2026-09-09T16:29:11.356Z preyvr_move result=0 detail=mode value=0
2026-09-09T16:29:11.356Z preyvr_move result=0 detail=turn value=0
2026-09-09T16:29:11.356Z preyvr_move result=0 detail=fire value=0
2026-09-09T16:29:11.356Z preyvr_vr state=off
2026-09-09T16:29:11.383Z preyvr_xr_session result=0 detail=torn_down
