2026-10-03T23:38:40.961Z preyvr_smoke_start version=0.3.1-static-ik-integration dll="D:\Dev Debug\PreyVR\build\psi-medkit\Release\PreyVR.dll" dllSha256=F0B66E1BFE680F908462E7C6278FE2F49B2F4D3847CB3484C70549306A77E24E host="D:\SteamLibrary\steamapps\common\Prey\Binaries\Danielle\x64\Release\Prey.exe" expectedLandmarks=34 hooks=compiled_default_off openxr=preflight_only
2026-10-03T23:38:40.962Z preyvr_landmark id=renderer.begin rva=0xF7D710 status=match
2026-10-03T23:38:40.962Z preyvr_landmark id=renderer.end rva=0xF7E210 status=match
2026-10-03T23:38:40.962Z preyvr_landmark id=renderer.present rva=0xF7E48A status=match
2026-10-03T23:38:40.962Z preyvr_landmark id=renderer.device_removed rva=0xF7E4DA status=match
2026-10-03T23:38:40.962Z preyvr_landmark id=renderer.dispatch rva=0xFE9D14 status=match
2026-10-03T23:38:40.962Z preyvr_landmark id=renderer.device_init rva=0xF50000 status=match
2026-10-03T23:38:40.962Z preyvr_landmark id=camera.update_view rva=0x148B820 status=match
2026-10-03T23:38:40.962Z preyvr_landmark id=camera.set_custom_view rva=0x1456460 status=match
2026-10-03T23:38:40.962Z preyvr_landmark id=camera.custom_view rva=0x15CA580 status=match
2026-10-03T23:38:40.962Z preyvr_landmark id=player.get_instance rva=0x157C990 status=match
2026-10-03T23:38:40.962Z preyvr_landmark id=aim.update_cached_ray rva=0x1585320 status=match
2026-10-03T23:38:40.962Z preyvr_landmark id=aim.get_cached_ray rva=0x157CBB0 status=match
2026-10-03T23:38:40.962Z preyvr_landmark id=aim.weapon_firing_query rva=0x1694890 status=match
2026-10-03T23:38:40.962Z preyvr_landmark id=aim.weapon_reticle_position rva=0x1694A20 status=match
2026-10-03T23:38:40.962Z preyvr_landmark id=anim.process_adik rva=0x877B50 status=match
2026-10-03T23:38:40.962Z preyvr_landmark id=movement.get_state rva=0x159AF10 status=match
2026-10-03T23:38:40.962Z preyvr_landmark id=wrench.attack_primary rva=0x16B1FD0 status=match
2026-10-03T23:38:40.962Z preyvr_landmark id=wrench.weapon_hit rva=0x16B2BC0 status=match
2026-10-03T23:38:40.962Z preyvr_landmark id=wrench.component_hit rva=0x13BF730 status=match
2026-10-03T23:38:40.962Z preyvr_landmark id=wrench.get_hits rva=0x13BD620 status=match
2026-10-03T23:38:40.962Z preyvr_landmark id=interaction.player_dispatch rva=0x15850DC status=match
2026-10-03T23:38:40.962Z preyvr_landmark id=interaction.select_candidates rva=0x159A660 status=match
2026-10-03T23:38:40.962Z preyvr_landmark id=interaction.interact rva=0x1593690 status=match
2026-10-03T23:38:40.962Z preyvr_landmark id=view.set_camera rva=0xEE7E80 status=match
2026-10-03T23:38:40.962Z preyvr_landmark id=view.ctor rva=0xEDF390 status=match
2026-10-03T23:38:40.962Z preyvr_landmark id=view.get_for_thread rva=0xFE5620 status=match
2026-10-03T23:38:40.962Z preyvr_landmark id=view.collect_looking_glass rva=0xEE44D0 status=match
2026-10-03T23:38:40.962Z preyvr_landmark id=view.enable_looking_glass rva=0xEE4B00 status=match
2026-10-03T23:38:40.962Z preyvr_landmark id=view.job_post_write rva=0xEE63C0 status=match
2026-10-03T23:38:40.962Z preyvr_landmark id=pass.create_general rva=0x1E5B30 status=match
2026-10-03T23:38:40.962Z preyvr_landmark id=world.render_world rva=0x21F520 status=match
2026-10-03T23:38:40.962Z preyvr_landmark id=system.render_begin rva=0xE0BD80 status=match
2026-10-03T23:38:40.962Z preyvr_landmark id=system.get_view_camera rva=0xDF2BB0 status=match
2026-10-03T23:38:40.962Z preyvr_landmark id=system.set_view_camera rva=0xDF4560 status=match
2026-10-03T23:38:40.962Z preyvr_frame_observer_plan status=ready targetRva=0xF7E210 target=0x7FFD568EE210 enabled=0
2026-10-03T23:38:40.962Z preyvr_snapshot module_base=0x7FFD55970000 gEnv=0x7FFD57BBD980
2026-10-03T23:38:40.962Z preyvr_snapshot ptr=gEnv.pSystem value=0x1C6BAFD4100 read=yes plausible=yes
2026-10-03T23:38:40.962Z preyvr_snapshot ptr=gEnv.pRenderer value=0x7FFD58494E80 read=yes plausible=yes
2026-10-03T23:38:40.962Z preyvr_snapshot ptr=gEnv.p3DEngine value=0x0 read=yes plausible=no
2026-10-03T23:38:40.962Z preyvr_snapshot ptr=renderer.singleton value=0x7FFD58494E80 read=yes plausible=yes
2026-10-03T23:38:40.962Z preyvr_snapshot identity system_vtable=yes engine_vtable=no render_world_slot=no renderer_agrees=yes
2026-10-03T23:38:40.962Z preyvr_snapshot view_camera pos=0.0000,0.0000,0.0000 fov=0.959931 res=640x480 ratio=1.333333 near=0.1000 far=8000.00
2026-10-03T23:38:40.962Z preyvr_snapshot view_camera_asym l=0.000000 r=0.000000 b=0.000000 t=0.000000 plausible=yes
2026-10-03T23:38:40.962Z preyvr_snapshot result=partial
2026-10-03T23:38:41.029Z preyvr_openxr_preflight status=ready runtimeSource=environment runtimeManifest="D:\Dev Debug\PreyVR\build\twohand-no-alias-20261004\runtime\xrsim-x64.json" loader="D:\Dev Debug\PreyVR\build\psi-medkit\Release\openxr_loader.dll" action=none
2026-10-03T23:38:41.029Z preyvr_channel result=0 detail=armed
2026-10-03T23:38:41.029Z preyvr_lifecycle module=pinned unload=process_exit_only
2026-10-03T23:38:41.029Z preyvr_smoke_result status=verified landmarks=34 hooks=compiled_default_off observer=ready module=pinned openxr=preflight_only openxrStatus=ready next=supported_host_smoke
2026-10-03T23:38:41.029Z preyvr_channel result=0 detail=started commands="D:\Dev Debug\PreyVR\build\twohand-no-alias-20261004\runs\run-20261004-103830\log\commands.txt" results="D:\Dev Debug\PreyVR\build\twohand-no-alias-20261004\runs\run-20261004-103830\log\results.txt"
2026-10-03T23:39:00.782Z preyvr_minhook result=0 detail=initialised
2026-10-03T23:39:00.997Z preyvr_frame_observer_result status=enabled mutation=none telemetry=bounded
2026-10-03T23:39:01.211Z preyvr_camera_edit result=ready targetRva=0xE0BA30 target=0x7FFD5677BA30
2026-10-03T23:39:01.211Z preyvr_camera_edit result=0 detail=native_projection enabled=1
2026-10-03T23:39:01.439Z preyvr_head_tracking result=0 detail=view_hook_installed target=ArkPlayerCamera::UpdateView
2026-10-03T23:39:01.439Z preyvr_head_tracking result=0 detail=view_observing value=1
2026-10-03T23:39:01.439Z preyvr_xr_session result=0 detail=ui_scale percent=100
2026-10-03T23:39:01.439Z preyvr_xr_session result=0 detail=ui_margin percent=72
2026-10-03T23:39:01.439Z preyvr_xr_session result=0 detail=ui_guide enabled=0
2026-10-03T23:39:01.439Z preyvr_reticle result=0 detail=convergence mm=10000
2026-10-03T23:39:01.439Z preyvr_vr state=waiting_for_renderer controls=F11_enable,F12_recenter
2026-10-03T23:39:02.018Z preyvr_input_path result=0 detail=resolved gEnv=0x7ffd57bbd980 pInput=0x1c73ccf6f80 vtable=0x7ffd576cc4f0 alignment_pair_slot=10 confirmed=1 post_input_event_slot=12 post_input_event_rva=0x9d6d30
2026-10-03T23:39:02.018Z preyvr_input_path result=0 detail=vtable_slots 0=0x9d1860 1=0x9d5d20 2=0x9d7160 3=0x9d5c40 4=0x9826f0 5=0x9d5e60 6=0x9d71b0 7=0x9843b0 8=0x16fe0d0 9=0x9d5e00 10=0x9d6310 11=0x9d6a60 12=0x9d6d30 13=0x9d6fd0 14=0x1706520 15=0x9d6350 16=0x9d6480 17=0x9d1940 18=0x9d6ce0 19=0x9d1b70
2026-10-03T23:39:02.018Z preyvr_input_path result=0 detail=resolved gEnv=0x7ffd57bbd980 pInput=0x1c73ccf6f80 vtable=0x7ffd576cc4f0 alignment_pair_slot=10 confirmed=1 post_input_event_slot=12 post_input_event_rva=0x9d6d30
2026-10-03T23:39:02.018Z preyvr_input_path result=0 detail=vtable_slots 0=0x9d1860 1=0x9d5d20 2=0x9d7160 3=0x9d5c40 4=0x9826f0 5=0x9d5e60 6=0x9d71b0 7=0x9843b0 8=0x16fe0d0 9=0x9d5e00 10=0x9d6310 11=0x9d6a60 12=0x9d6d30 13=0x9d6fd0 14=0x1706520 15=0x9d6350 16=0x9d6480 17=0x9d1940 18=0x9d6ce0 19=0x9d1b70
2026-10-03T23:39:02.018Z preyvr_input_post result=0 detail=resolved slot=10
2026-10-03T23:39:02.018Z preyvr_input_post result=0 detail=enabled value=1
2026-10-03T23:39:02.018Z preyvr_xr_session result=0 detail=prefer_srgb enabled=1
2026-10-03T23:39:02.019Z preyvr_input_post result=0 detail=drain_thread id=113132
2026-10-03T23:39:02.043Z preyvr_xr_session xr_depth extension_supported=0
2026-10-03T23:39:02.043Z preyvr_xr_session ui_cylinder supported=0 flat_fallback=1
2026-10-03T23:39:02.046Z preyvr_xr_session instance created api_version=1.1.60
2026-10-03T23:39:02.082Z preyvr_xr_session runtime name="xr-sim"
2026-10-03T23:39:02.128Z preyvr_xr_session adapter prey_luid=0x0:15d97 required_luid=0x0:15d97 prey_index=0 required_index=0
2026-10-03T23:39:02.128Z preyvr_xr_session adapter result=agree
2026-10-03T23:39:02.226Z preyvr_xr_session tracking_space selected=STAGE
2026-10-03T23:39:02.227Z preyvr_xr_input result=0 detail=input_created profile=oculus/touch_controller
2026-10-03T23:39:02.227Z preyvr_xr_session result=0 detail=view_configuration views=2 recommended=2064x2208 max=16384x16384 recommendedSamples=1 maxSamples=1 viewsDiffer=0 submitting=1344x1440 note=submitted_size_is_preys_backbuffer_not_the_recommendation
2026-10-03T23:39:02.228Z preyvr_xr_session swapchain created 1344x1440 format=29 arraySize=2 images=3 colour_conversion=yes
2026-10-03T23:39:02.228Z preyvr_xr_session result=0 detail=started
2026-10-03T23:39:02.228Z preyvr_xr_input result=0 detail=menu_nav_gate value=1
2026-10-03T23:39:02.228Z preyvr_xr_input result=0 detail=menu_navigation value=1
2026-10-03T23:39:02.228Z preyvr_vr state=starting renderer=settled
2026-10-03T23:39:02.234Z preyvr_console result=0 detail=queued_to_engine command="r_MotionBlur 0"
2026-10-03T23:39:02.241Z preyvr_console result=0 detail=verified_readback command="r_MotionBlur 0"
2026-10-03T23:39:02.255Z preyvr_console result=0 detail=queued_to_engine command="r_AntialiasingMode 1"
2026-10-03T23:39:02.262Z preyvr_console result=0 detail=verified_readback command="r_AntialiasingMode 1"
2026-10-03T23:39:02.270Z preyvr_vr state=waiting_for_headset put_on_headset=1
2026-10-03T23:39:02.380Z preyvr_xr_session session begun
2026-10-03T23:39:02.382Z preyvr_xr_session result=0 detail=ui_panel active=1
2026-10-03T23:39:02.382Z preyvr_xr_session ui_surface angle_degrees=0.000000
2026-10-03T23:39:02.384Z preyvr_xr_session ui_pointer texture_ready=1
2026-10-03T23:39:02.384Z preyvr_xr_session result=0 detail=first_frame_submitted
2026-10-03T23:39:02.415Z preyvr_head_tracking result=0 detail=recentered yawRadians=-0 origin=0,1.6,0 heightCalibrated=0
2026-10-03T23:39:02.415Z preyvr_head_tracking result=0 detail=view_applying value=1
2026-10-03T23:39:02.415Z preyvr_view_hook result=0 detail=position_applying value=1
2026-10-03T23:39:02.415Z preyvr_camera_edit result=0 detail=stereo_armed ipd=0.063 halfFovDegrees=50 projectionPolicy=prey_native
2026-10-03T23:39:02.415Z preyvr_xr_session result=0 detail=stereo_submission enabled=1
2026-10-03T23:39:02.416Z preyvr_render_contract head_missing valid=0 thread=113132
2026-10-03T23:39:02.416Z preyvr_camera_edit result=0 detail=first_application mode=stereo ipd=0.063 eye=0 originalPos=0,0,0 applied=1
2026-10-03T23:39:02.426Z preyvr_xr_session ui_surface angle_degrees=0.000000
2026-10-03T23:39:02.605Z preyvr_near_stereo result=0 detail=hook_installed target=PackViewInfo rva=0xFB57A0
2026-10-03T23:39:02.605Z preyvr_near_stereo result=0 detail=enabled value=1
2026-10-03T23:39:02.801Z preyvr_near_fov result=0 detail=hook_installed seam=RT_BeginFrame_return
2026-10-03T23:39:02.802Z preyvr_near_fov result=0 detail=setting_accepted
2026-10-03T23:39:03.178Z preyvr_move result=0 detail=hooks_installed x=0x158FD20 y=0x158FD80
2026-10-03T23:39:03.178Z preyvr_input_post result=0 detail=enabled value=1
2026-10-03T23:39:03.178Z preyvr_move result=0 detail=mode value=2
2026-10-03T23:39:03.178Z preyvr_input_post result=0 detail=enabled value=1
2026-10-03T23:39:03.178Z preyvr_move result=0 detail=turn value=1
2026-10-03T23:39:03.178Z preyvr_input_post result=0 detail=enabled value=1
2026-10-03T23:39:03.178Z preyvr_move result=0 detail=fire value=1
2026-10-03T23:39:03.374Z preyvr_aim_takeover result=0 detail=hook_installed target=ArkPlayer::UpdateCachedReticleViewPosAndDir
2026-10-03T23:39:03.374Z preyvr_aim_takeover result=0 detail=enabled value=1
2026-10-03T23:39:03.374Z preyvr_reticle result=0 detail=enabled value=1
2026-10-03T23:39:03.374Z preyvr_reticle result=0 detail=dispatch value=1
2026-10-03T23:39:03.564Z preyvr_weapon_attach result=0 detail=hook_installed target=CArkWeapon::AttachToHand
2026-10-03T23:39:03.758Z preyvr_weapon_attach result=0 detail=observing value=1 note=re-equip a weapon to capture
2026-10-03T23:39:03.951Z preyvr_anim_ik result=0 detail=hook_installed target=ProcessAnimationDrivenIK rva=0x877B50
2026-10-03T23:39:03.951Z preyvr_anim_ik result=0 detail=mode value=2
2026-10-03T23:39:03.951Z preyvr_anim_ik result=0 detail=controller_drive value=1
2026-10-03T23:39:03.951Z preyvr_anim_ik result=0 detail=hands mask=3
2026-10-03T23:39:03.951Z preyvr_anim_ik result=0 detail=reach_percent value=65
2026-10-03T23:39:04.137Z preyvr_vr state=active panel=automatic recenter=F12_or_grips_and_left_Y
2026-10-03T23:39:04.330Z preyvr_pointer inventory_capture_hook=installed
2026-10-03T23:39:07.633Z preyvr_render_contract head_missing valid=0 thread=113132
2026-10-03T23:39:10.966Z preyvr_render_contract head_missing valid=0 thread=113132
2026-10-03T23:39:14.299Z preyvr_render_contract head_missing valid=0 thread=113132
2026-10-03T23:39:17.632Z preyvr_render_contract head_missing valid=0 thread=113132
2026-10-03T23:39:20.966Z preyvr_render_contract head_missing valid=0 thread=113132
2026-10-03T23:39:24.299Z preyvr_render_contract head_missing valid=0 thread=113132
2026-10-03T23:39:27.633Z preyvr_render_contract head_missing valid=0 thread=113132
2026-10-03T23:39:39.437Z preyvr_report smoke=n/a observerFrames=2561 xrSession=1 xrFrames=2362 fovAgreed=0 fovDiverged=0 projectionPolicy=prey_native cameraEdit=2 lastEye=1 viewObserved=0 viewApplied=0 viewPoseFallback=0 posApplied=0 posRefused=0 posOffsetMm=0 nearApplied=0 nearRefused=0 nearNoEye=0 nearReentered=0 nearAlreadyOffset=0 nearNoProvenance=9437 eyeLookupMiss=9437 nearDeltaUm=0 handMatched=0 handSkipped=0 handApplied=0 handRefused=0 handSubtree=0 handRightMm=0 handLeftMm=0 handNoPose=0 handJoints=0 handMode=0 handDriveArmed=0 handCalibrated=0 handRightJoint=-1 handLeftJoint=-1 handWristArmed=0 handWristApplied=0 handTurnYaw=0 ikMode=2 ikHooked=1 ikOwner=0x0 ikEquipGen=0 ikPoseSeq=0 ikNoOwner=0 ikBusy=0 ikCalls=0 ikMatched=0 ikRig=0x0 ikJoints=0 ikGate=0 ikCvar=-1 ikTargetR=-1 ikWeightR=-1 ikLimbEndR=-1 ikLimbTagR=0x0 ikTargetL=-1 ikWeightL=-1 ikLimbEndL=-1 ikWrittenR=0 ikWrittenL=0 ikNoPose=0 ikClamped=0 ikReach=65 ikCalR=0 ikCalL=0 ikLocMm=0,0,0 ikLocYawMdeg=0 ikGoalMm=0,0,0 handZeroRightMm=0,0,0 handWorldRightMm=0,0,0 handCalibYawMdeg=0 handLastYawMdeg=0 handLastCharacter=0x0 weaponAttachment=0x0 weaponBone=-1 weaponSim=0x0 muzzleHooked=1 muzzleSamples=0 muzzleSample=unavailable aimOriginApplied=0 aimSamples=0 aimOriginMode=0 aimMuzzleApplied=0 aimMuzzleUnavailable=0 barrelCalibrations=0 barrelOffsetMm=0,0,0 reticleApplied=0 reticleOffScreen=0 reticleXY=500,500 reticleCanvasXY=500,500 reticleCanvasMode=1 reticleNativeCanvas=0 reticleNativeCanvasFailed=0 reticleDispatched=0 reticleDispatchFailed=0 reticleProjection=unavailable aimDirMilli=0,0,0 aimRawQMilli=0,0,0 recenters=0 reticleOriginMm=0 reticleConvergeMm=10000 hudElement=0x0 hudCalls=0 hudRefused=0 captures=0 aimBodyYaw=1 camYawMdeg=0 headYawMdeg=0 playYawMdeg=0 eyeMm=0,0,0 headMm=0,0,0 yawHeld=0 yawUnavailable=0 weaponMountMm=0,0,0 weaponApplied=0 weaponRefused=0 weaponRotApplied=0 weaponRotNoPose=0 weaponRotDrive=0 weaponRotCalib=0 weaponBaseline=0 weaponAimUsable=0 aimApplied=0 aimNoPose=0 aimNoPlayer=0 aimCompose=0 aimNativeMagMilli=0 frameCaptures=0 frameTracked=0 frameOverrideApplied=0 frameOverrideRefused=0 menuActions=0 inputPosted=8 menuDiscarded=0 moveMode=2 moveHooked=1 moveOursX=0 moveOursY=0 moveNative=0 movePosted=0 moveDropped=0 moveInputObj=0x0 moveAxisMilli=0,0 moveCinematic=0 turnEnabled=1 turnPosted=0 turnRefused=0 fireEnabled=1 firePressed=0 fireReleased=0 fireRefused=0 mirrorFovPct=100 xrSyncs=2359 xrNotFocused=3 xrLocatedL=2359 xrLocatedR=2359 stickL=unavailable stickR=unavailable inputDropped=0 inputDrainThread=113132 channelProcessed=7 channelRejected=0
2026-10-03T23:40:03.893Z preyvr_xr_session result=0 detail=ui_panel active=0
2026-10-03T23:40:03.893Z preyvr_xr_session result=refused detail=render_contract eye=0 valid=0 time=0 lag=0 dropped=0
2026-10-03T23:40:03.990Z preyvr_anim_ik result=0 detail=rig_identified skeleton=0x1c6b23b4da0 joints=101 adik=2 rTarget=38 rWeight=4 rHand=45 rLimb=40/41/45 lTarget=39 lWeight=5 lHand=72 lLimb=67/68/72
2026-10-03T23:40:04.000Z preyvr_anim_ik result=0 detail=calibration_requested
2026-10-03T23:40:04.112Z preyvr_xr_session result=0 detail=ui_panel active=1
2026-10-03T23:40:04.112Z preyvr_xr_session ui_surface angle_degrees=0.000000
2026-10-03T23:40:25.624Z preyvr_anim_ik result=0 detail=calibrated hand=1
2026-10-03T23:40:25.633Z preyvr_xr_session result=0 detail=ui_panel active=0
2026-10-03T23:40:25.633Z preyvr_xr_session render_contract accepted eye=0 sourceTime=161336313689096 pose=-0.0315,1.65,0 q=0,0,0,1
2026-10-03T23:40:25.645Z preyvr_xr_session render_contract accepted eye=1 sourceTime=161336324800207 pose=0.0315,1.65,0 q=0,0,0,1
2026-10-03T23:40:25.656Z preyvr_xr_session render_contract accepted eye=0 sourceTime=161336335911318 pose=-0.0315,1.65,0 q=0,0,0,1
2026-10-03T23:40:25.667Z preyvr_xr_session render_contract accepted eye=1 sourceTime=161336347022429 pose=0.0315,1.65,0 q=0,0,0,1
2026-10-03T23:40:26.230Z preyvr_report smoke=n/a observerFrames=4561 xrSession=1 xrFrames=4353 fovAgreed=54 fovDiverged=7 projectionPolicy=prey_native cameraEdit=2 lastEye=1 viewObserved=1994 viewApplied=1994 viewPoseFallback=0 posApplied=1994 posRefused=0 posOffsetMm=50 nearApplied=195174 nearRefused=0 nearNoEye=0 nearReentered=0 nearAlreadyOffset=0 nearNoProvenance=9460 eyeLookupMiss=9460 nearDeltaUm=-31500 handMatched=0 handSkipped=0 handApplied=0 handRefused=0 handSubtree=0 handRightMm=0 handLeftMm=0 handNoPose=0 handJoints=0 handMode=0 handDriveArmed=0 handCalibrated=0 handRightJoint=-1 handLeftJoint=-1 handWristArmed=0 handWristApplied=0 handTurnYaw=0 ikMode=2 ikHooked=1 ikOwner=0x1c783b765f0 ikEquipGen=4 ikPoseSeq=4357 ikNoOwner=19 ikBusy=1 ikCalls=310 ikMatched=56 ikRig=0x1c6b23b4da0 ikJoints=101 ikGate=1 ikCvar=1 ikTargetR=38 ikWeightR=4 ikLimbEndR=45 ikLimbTagR=0x4b494232 ikTargetL=39 ikWeightL=5 ikLimbEndL=72 ikWrittenR=56 ikWrittenL=56 ikNoPose=0 ikClamped=2 ikReach=65 ikCalR=0 ikCalL=1 ikLocMm=330488,745282,479500 ikLocYawMdeg=42496 ikGoalMm=177,153,719 handZeroRightMm=0,0,0 handWorldRightMm=0,0,0 handCalibYawMdeg=0 handLastYawMdeg=0 handLastCharacter=0x0 weaponAttachment=0x1c78052b160 weaponBone=47 weaponSim=0x0 muzzleHooked=1 muzzleSamples=0 muzzleSample=unavailable aimOriginApplied=0 aimSamples=2000 aimOriginMode=0 aimMuzzleApplied=0 aimMuzzleUnavailable=0 barrelCalibrations=0 barrelOffsetMm=0,0,0 reticleApplied=2000 reticleOffScreen=0 reticleXY=499,500 reticleCanvasXY=498,500 reticleCanvasMode=1 reticleNativeCanvas=0 reticleNativeCanvasFailed=0 reticleDispatched=2000 reticleDispatchFailed=0 reticleProjection=fresh rpIndex=2000 rpStampNs=161336917164000 rpAgeNs=4897000 rpContext=1 rpSeq=4358 rpEpoch=4 rpRef=2 rpDisplayTime=161336924800201 rpPlayYaw=0.741726696 rpHeadPos=0,1.64999998,0 rpHeadQ=0,0,0,1 rpRawPos=0.180000007,1.29999995,-0.349999994 rpRawQ=0,0,0,1 rpOrigin=330.43573,745.340576,480.549713 rpDir=-0.675562084,0.737303138,0 rpCamera=0.737303197,-0.675562024,0,330.526123,0.675562024,0.737303197,0,745.28772,0,0,1,480.549713 rpTans=-1.73205101,1.73205101,-1.85576892,1.85576892 rpDistance=10 rpSceneHit=0 rpRawXY=0.499115705,0.5 rpXY=0.499115705,0.5 rpClamped=0 rpDispatch=1 rpDispatchResults=0,0 aimDirMilli=-675,737,0 aimRawQMilli=0,0,0 recenters=0 reticleOriginMm=105 reticleConvergeMm=10000 hudElement=0x1c73cab00e0 hudCalls=4000 hudRefused=0 captures=0 aimBodyYaw=1 camYawMdeg=42497 headYawMdeg=0 playYawMdeg=42497 eyeMm=330435,745340,480549 headMm=0,1650,0 yawHeld=0 yawUnavailable=0 weaponMountMm=551,89,1058 weaponApplied=0 weaponRefused=0 weaponRotApplied=0 weaponRotNoPose=0 weaponRotDrive=0 weaponRotCalib=0 weaponBaseline=1 weaponAimUsable=1 aimApplied=2000 aimNoPose=0 aimNoPlayer=0 aimCompose=0 aimNativeMagMilli=1000 frameCaptures=0 frameTracked=0 frameOverrideApplied=0 frameOverrideRefused=0 menuActions=0 inputPosted=19 menuDiscarded=0 moveMode=2 moveHooked=1 moveOursX=1 moveOursY=1 moveNative=0 movePosted=4 moveDropped=0 moveInputObj=0x1c73ca53900 moveAxisMilli=0,0 moveCinematic=0 turnEnabled=1 turnPosted=1 turnRefused=0 fireEnabled=1 firePressed=0 fireReleased=0 fireRefused=0 mirrorFovPct=100 xrSyncs=4358 xrNotFocused=3 xrLocatedL=4358 xrLocatedR=4358 stickL=0,0 trigL=0 gripL=34,1325,-561 gripLok=1 stickR=0,0 trigR=0 gripR=180,1300,-350 gripRok=1 inputDropped=0 inputDrainThread=113132 channelProcessed=11 channelRejected=0
2026-10-03T23:40:36.733Z preyvr_xr_session render_contract accepted eye=1 sourceTime=161347413688985 pose=0.0315,1.65,0 q=0,0,0,1
2026-10-03T23:40:47.844Z preyvr_xr_session render_contract accepted eye=1 sourceTime=161358524799985 pose=0.0315,1.65,0 q=0,0,0,1
2026-10-03T23:40:52.012Z preyvr_head_tracking result=0 detail=recentered yawRadians=-0 origin=0,1.65,0 heightCalibrated=1
2026-10-03T23:40:52.022Z preyvr_anim_ik result=0 detail=rig_identified skeleton=0x1c6b23b4da0 joints=101 adik=2 rTarget=38 rWeight=4 rHand=45 rLimb=40/41/45 lTarget=39 lWeight=5 lHand=72 lLimb=67/68/72
2026-10-03T23:40:52.033Z preyvr_anim_ik result=0 detail=calibration_requested
2026-10-03T23:40:52.034Z preyvr_anim_ik result=0 detail=calibrated hand=1
2026-10-03T23:40:52.424Z preyvr_report smoke=n/a observerFrames=6918 xrSession=1 xrFrames=6709 fovAgreed=2411 fovDiverged=8 projectionPolicy=prey_native cameraEdit=2 lastEye=0 viewObserved=4351 viewApplied=4351 viewPoseFallback=0 posApplied=4351 posRefused=0 posOffsetMm=0 nearApplied=430081 nearRefused=0 nearNoEye=0 nearReentered=0 nearAlreadyOffset=0 nearNoProvenance=9460 eyeLookupMiss=9460 nearDeltaUm=-31500 handMatched=0 handSkipped=0 handApplied=0 handRefused=0 handSubtree=0 handRightMm=0 handLeftMm=0 handNoPose=0 handJoints=0 handMode=0 handDriveArmed=0 handCalibrated=0 handRightJoint=-1 handLeftJoint=-1 handWristArmed=0 handWristApplied=0 handTurnYaw=0 ikMode=2 ikHooked=1 ikOwner=0x1c783b765f0 ikEquipGen=4 ikPoseSeq=6714 ikNoOwner=19 ikBusy=1 ikCalls=14433 ikMatched=2414 ikRig=0x1c6b23b4da0 ikJoints=101 ikGate=1 ikCvar=1 ikTargetR=38 ikWeightR=4 ikLimbEndR=45 ikLimbTagR=0x4b494232 ikTargetL=39 ikWeightL=5 ikLimbEndL=72 ikWrittenR=2413 ikWrittenL=2413 ikNoPose=0 ikClamped=2 ikReach=65 ikCalR=0 ikCalL=1 ikLocMm=330488,745282,479500 ikLocYawMdeg=42496 ikGoalMm=177,156,683 handZeroRightMm=0,0,0 handWorldRightMm=0,0,0 handCalibYawMdeg=0 handLastYawMdeg=0 handLastCharacter=0x0 weaponAttachment=0x1c78052b160 weaponBone=47 weaponSim=0x0 muzzleHooked=1 muzzleSamples=0 muzzleSample=unavailable aimOriginApplied=0 aimSamples=4357 aimOriginMode=0 aimMuzzleApplied=0 aimMuzzleUnavailable=0 barrelCalibrations=0 barrelOffsetMm=0,0,0 reticleApplied=4357 reticleOffScreen=0 reticleXY=501,500 reticleCanvasXY=502,500 reticleCanvasMode=1 reticleNativeCanvas=0 reticleNativeCanvasFailed=0 reticleDispatched=4357 reticleDispatchFailed=0 reticleProjection=fresh rpIndex=4357 rpStampNs=161363106174800 rpAgeNs=10192900 rpContext=1 rpSeq=6715 rpEpoch=4 rpRef=4 rpDisplayTime=161363113688828 rpPlayYaw=0.741727114 rpHeadPos=0,1.64999998,0 rpHeadQ=0,0,0,1 rpRawPos=0.180000007,1.29999995,-0.349999994 rpRawQ=0,0,0,1 rpOrigin=330.432953,745.341858,480.49585 rpDir=-0.675562322,0.737302899,0 rpCamera=0.73730284,-0.675562441,0,330.477722,0.675562441,0.73730284,0,745.247253,0,0,1,480.495819 rpTans=-1.73205101,1.73205101,-1.85576892,1.85576892 rpDistance=10 rpSceneHit=0 rpRawXY=0.500883281,0.499999225 rpXY=0.500883281,0.499999225 rpClamped=0 rpDispatch=1 rpDispatchResults=0,0 aimDirMilli=-675,737,0 aimRawQMilli=0,0,0 recenters=0 reticleOriginMm=105 reticleConvergeMm=10000 hudElement=0x1c73cab00e0 hudCalls=8714 hudRefused=0 captures=0 aimBodyYaw=1 camYawMdeg=42497 headYawMdeg=0 playYawMdeg=42497 eyeMm=330432,745341,480495 headMm=0,1650,0 yawHeld=0 yawUnavailable=0 weaponMountMm=551,89,1058 weaponApplied=0 weaponRefused=0 weaponRotApplied=0 weaponRotNoPose=0 weaponRotDrive=0 weaponRotCalib=0 weaponBaseline=1 weaponAimUsable=1 aimApplied=4357 aimNoPose=0 aimNoPlayer=0 aimCompose=0 aimNativeMagMilli=1000 frameCaptures=0 frameTracked=0 frameOverrideApplied=0 frameOverrideRefused=0 menuActions=0 inputPosted=19 menuDiscarded=0 moveMode=2 moveHooked=1 moveOursX=1 moveOursY=1 moveNative=0 movePosted=4 moveDropped=0 moveInputObj=0x1c73ca53900 moveAxisMilli=0,0 moveCinematic=0 turnEnabled=1 turnPosted=1 turnRefused=0 fireEnabled=1 firePressed=0 fireReleased=0 fireRefused=0 mirrorFovPct=100 xrSyncs=6716 xrNotFocused=3 xrLocatedL=6716 xrLocatedR=6716 stickL=0,0 trigL=0 gripL=34,1325,-561 gripLok=1 stickR=0,0 trigR=0 gripR=180,1300,-350 gripRok=1 inputDropped=0 inputDrainThread=113132 channelProcessed=14 channelRejected=0
2026-10-03T23:40:54.484Z preyvr_report smoke=n/a observerFrames=7104 xrSession=1 xrFrames=6894 fovAgreed=2596 fovDiverged=8 projectionPolicy=prey_native cameraEdit=2 lastEye=0 viewObserved=4537 viewApplied=4537 viewPoseFallback=0 posApplied=4537 posRefused=0 posOffsetMm=0 nearApplied=448618 nearRefused=0 nearNoEye=0 nearReentered=0 nearAlreadyOffset=0 nearNoProvenance=9460 eyeLookupMiss=9460 nearDeltaUm=31500 handMatched=0 handSkipped=0 handApplied=0 handRefused=0 handSubtree=0 handRightMm=0 handLeftMm=0 handNoPose=0 handJoints=0 handMode=0 handDriveArmed=0 handCalibrated=0 handRightJoint=-1 handLeftJoint=-1 handWristArmed=0 handWristApplied=0 handTurnYaw=0 ikMode=2 ikHooked=1 ikOwner=0x1c783b765f0 ikEquipGen=4 ikPoseSeq=6900 ikNoOwner=19 ikBusy=1 ikCalls=15543 ikMatched=2599 ikRig=0x1c6b23b4da0 ikJoints=101 ikGate=1 ikCvar=1 ikTargetR=38 ikWeightR=4 ikLimbEndR=45 ikLimbTagR=0x4b494232 ikTargetL=39 ikWeightL=5 ikLimbEndL=72 ikWrittenR=2599 ikWrittenL=2599 ikNoPose=0 ikClamped=18 ikReach=65 ikCalR=0 ikCalL=1 ikLocMm=330488,745282,479500 ikLocYawMdeg=42496 ikGoalMm=178,157,681 handZeroRightMm=0,0,0 handWorldRightMm=0,0,0 handCalibYawMdeg=0 handLastYawMdeg=0 handLastCharacter=0x0 weaponAttachment=0x1c78052b160 weaponBone=47 weaponSim=0x0 muzzleHooked=1 muzzleSamples=0 muzzleSample=unavailable aimOriginApplied=0 aimSamples=4543 aimOriginMode=0 aimMuzzleApplied=0 aimMuzzleUnavailable=0 barrelCalibrations=0 barrelOffsetMm=0,0,0 reticleApplied=4543 reticleOffScreen=0 reticleXY=501,500 reticleCanvasXY=502,500 reticleCanvasMode=1 reticleNativeCanvas=0 reticleNativeCanvasFailed=0 reticleDispatched=4543 reticleDispatchFailed=0 reticleProjection=fresh rpIndex=4543 rpStampNs=161365172510200 rpAgeNs=3838100 rpContext=1 rpSeq=6901 rpEpoch=4 rpRef=4 rpDisplayTime=161365180355474 rpPlayYaw=0.7435233 rpHeadPos=0,1.64999998,0 rpHeadQ=0,0,0,1 rpRawPos=0.180000007,1.29999995,-0.349999994 rpRawQ=0,0,0,1 rpOrigin=330.433105,745.341187,480.496643 rpDir=-0.676885605,0.736088276,0 rpCamera=0.736088276,-0.676885664,0,330.477997,0.676885664,0.736088276,0,745.246704,0,0,1,480.496582 rpTans=-1.73205101,1.73205101,-1.85576892,1.85576892 rpDistance=10 rpSceneHit=0 rpRawXY=0.50088346,0.499998391 rpXY=0.50088346,0.499998391 rpClamped=0 rpDispatch=1 rpDispatchResults=0,0 aimDirMilli=-676,736,0 aimRawQMilli=0,0,0 recenters=0 reticleOriginMm=105 reticleConvergeMm=10000 hudElement=0x1c73cab00e0 hudCalls=9086 hudRefused=0 captures=0 aimBodyYaw=1 camYawMdeg=42600 headYawMdeg=0 playYawMdeg=42600 eyeMm=330433,745341,480496 headMm=0,1650,0 yawHeld=0 yawUnavailable=0 weaponMountMm=551,89,1058 weaponApplied=0 weaponRefused=0 weaponRotApplied=0 weaponRotNoPose=0 weaponRotDrive=0 weaponRotCalib=0 weaponBaseline=1 weaponAimUsable=1 aimApplied=4543 aimNoPose=0 aimNoPlayer=0 aimCompose=0 aimNativeMagMilli=1000 frameCaptures=0 frameTracked=0 frameOverrideApplied=0 frameOverrideRefused=0 menuActions=0 inputPosted=21 menuDiscarded=0 moveMode=2 moveHooked=1 moveOursX=1 moveOursY=1 moveNative=0 movePosted=4 moveDropped=0 moveInputObj=0x1c73ca53900 moveAxisMilli=0,0 moveCinematic=0 turnEnabled=1 turnPosted=1 turnRefused=0 fireEnabled=1 firePressed=0 fireReleased=0 fireRefused=0 mirrorFovPct=100 xrSyncs=6901 xrNotFocused=3 xrLocatedL=6901 xrLocatedR=6901 stickL=0,0 trigL=0 gripL=34,1325,-561 gripLok=1 stickR=0,0 trigR=0 gripR=180,1300,-350 gripRok=1 inputDropped=0 inputDrainThread=113132 channelProcessed=17 channelRejected=0
2026-10-03T23:40:58.967Z preyvr_xr_session render_contract accepted eye=0 sourceTime=161369647022096 pose=-0.0315,1.65,0 q=0,0,0,1
2026-10-03T23:41:10.078Z preyvr_xr_session render_contract accepted eye=0 sourceTime=161380758133096 pose=-0.0315,1.65,0 q=0,0,0,1
2026-10-03T23:41:21.189Z preyvr_xr_session render_contract accepted eye=0 sourceTime=161391869244096 pose=-0.0315,1.65,0 q=0,0,0,1
2026-10-03T23:41:32.301Z preyvr_xr_session render_contract accepted eye=0 sourceTime=161402980355096 pose=-0.0315,1.65,0 q=0,0,0,1
2026-10-03T23:41:43.733Z preyvr_xr_session render_contract accepted eye=0 sourceTime=161414321127899 pose=-0.0315,1.65,0 q=0,0,0,1
2026-10-03T23:41:55.099Z preyvr_xr_session render_contract accepted eye=0 sourceTime=161425779635144 pose=-0.0315,1.65,0 q=0,0,0,1
2026-10-03T23:41:58.808Z preyvr_report smoke=n/a observerFrames=12841 xrSession=1 xrFrames=12631 fovAgreed=8333 fovDiverged=8 projectionPolicy=prey_native cameraEdit=2 lastEye=1 viewObserved=10274 viewApplied=10274 viewPoseFallback=0 posApplied=10274 posRefused=0 posOffsetMm=0 nearApplied=1015562 nearRefused=0 nearNoEye=0 nearReentered=0 nearAlreadyOffset=0 nearNoProvenance=9460 eyeLookupMiss=9460 nearDeltaUm=-31500 handMatched=0 handSkipped=0 handApplied=0 handRefused=0 handSubtree=0 handRightMm=0 handLeftMm=0 handNoPose=0 handJoints=0 handMode=0 handDriveArmed=0 handCalibrated=0 handRightJoint=-1 handLeftJoint=-1 handWristArmed=0 handWristApplied=0 handTurnYaw=0 ikMode=2 ikHooked=1 ikOwner=0x1c783b765f0 ikEquipGen=4 ikPoseSeq=12637 ikNoOwner=19 ikBusy=1 ikCalls=49964 ikMatched=8336 ikRig=0x1c6b23b4da0 ikJoints=101 ikGate=1 ikCvar=1 ikTargetR=38 ikWeightR=4 ikLimbEndR=45 ikLimbTagR=0x4b494232 ikTargetL=39 ikWeightL=5 ikLimbEndL=72 ikWrittenR=8336 ikWrittenL=8336 ikNoPose=0 ikClamped=1843 ikReach=65 ikCalR=0 ikCalL=1 ikLocMm=330488,745282,479500 ikLocYawMdeg=42496 ikGoalMm=177,153,686 handZeroRightMm=0,0,0 handWorldRightMm=0,0,0 handCalibYawMdeg=0 handLastYawMdeg=0 handLastCharacter=0x0 weaponAttachment=0x1c78052b160 weaponBone=47 weaponSim=0x0 muzzleHooked=1 muzzleSamples=0 muzzleSample=unavailable aimOriginApplied=0 aimSamples=10280 aimOriginMode=0 aimMuzzleApplied=0 aimMuzzleUnavailable=0 barrelCalibrations=0 barrelOffsetMm=0,0,0 reticleApplied=10280 reticleOffScreen=0 reticleXY=498,498 reticleCanvasXY=494,490 reticleCanvasMode=1 reticleNativeCanvas=0 reticleNativeCanvasFailed=0 reticleDispatched=10280 reticleDispatchFailed=0 reticleProjection=fresh rpIndex=10280 rpStampNs=161429493765200 rpAgeNs=6414000 rpContext=1 rpSeq=12638 rpEpoch=4 rpRef=4 rpDisplayTime=161429501857329 rpPlayYaw=0.741705179 rpHeadPos=0,1.64999998,0 rpHeadQ=0,0,0,1 rpRawPos=0.180000007,1.29999995,-0.349999994 rpRawQ=0,0,0,1 rpOrigin=330.435181,745.339661,480.500641 rpDir=-0.679137766,0.733977079,0.0070381104 rpCamera=0.737317681,-0.675546169,0,330.526276,0.675546169,0.737317681,0,745.287537,0,0,1,480.5 rpTans=-1.73205101,1.73205101,-1.85576892,1.85576892 rpDistance=10 rpSceneHit=0 rpRawXY=0.497684717,0.498105347 rpXY=0.497684717,0.498105347 rpClamped=0 rpDispatch=1 rpDispatchResults=0,0 aimDirMilli=-679,733,7 aimRawQMilli=0,0,0 recenters=0 reticleOriginMm=105 reticleConvergeMm=10000 hudElement=0x1c73cab00e0 hudCalls=20560 hudRefused=0 captures=0 aimBodyYaw=1 camYawMdeg=42496 headYawMdeg=0 playYawMdeg=42496 eyeMm=330435,745339,480500 headMm=0,1650,0 yawHeld=0 yawUnavailable=0 weaponMountMm=551,89,1058 weaponApplied=0 weaponRefused=0 weaponRotApplied=0 weaponRotNoPose=0 weaponRotDrive=0 weaponRotCalib=0 weaponBaseline=1 weaponAimUsable=1 aimApplied=10280 aimNoPose=0 aimNoPlayer=0 aimCompose=0 aimNativeMagMilli=1000 frameCaptures=0 frameTracked=0 frameOverrideApplied=0 frameOverrideRefused=0 menuActions=0 inputPosted=21 menuDiscarded=0 moveMode=2 moveHooked=1 moveOursX=1 moveOursY=1 moveNative=0 movePosted=4 moveDropped=0 moveInputObj=0x1c73ca53900 moveAxisMilli=0,0 moveCinematic=0 turnEnabled=1 turnPosted=1 turnRefused=0 fireEnabled=1 firePressed=0 fireReleased=0 fireRefused=0 mirrorFovPct=100 xrSyncs=12638 xrNotFocused=3 xrLocatedL=12638 xrLocatedR=12638 stickL=0,0 trigL=0 gripL=34,1325,-561 gripLok=1 stickR=0,0 trigR=0 gripR=180,1300,-350 gripRok=1 inputDropped=0 inputDrainThread=113132 channelProcessed=22 channelRejected=0
2026-10-03T23:41:59.841Z preyvr_report smoke=n/a observerFrames=12934 xrSession=1 xrFrames=12724 fovAgreed=8426 fovDiverged=8 projectionPolicy=prey_native cameraEdit=2 lastEye=0 viewObserved=10367 viewApplied=10367 viewPoseFallback=0 posApplied=10367 posRefused=0 posOffsetMm=0 nearApplied=1024745 nearRefused=0 nearNoEye=0 nearReentered=0 nearAlreadyOffset=0 nearNoProvenance=9460 eyeLookupMiss=9460 nearDeltaUm=31500 handMatched=0 handSkipped=0 handApplied=0 handRefused=0 handSubtree=0 handRightMm=0 handLeftMm=0 handNoPose=0 handJoints=0 handMode=0 handDriveArmed=0 handCalibrated=0 handRightJoint=-1 handLeftJoint=-1 handWristArmed=0 handWristApplied=0 handTurnYaw=0 ikMode=2 ikHooked=1 ikOwner=0x1c783b765f0 ikEquipGen=4 ikPoseSeq=12730 ikNoOwner=19 ikBusy=1 ikCalls=50522 ikMatched=8429 ikRig=0x1c6b23b4da0 ikJoints=101 ikGate=1 ikCvar=1 ikTargetR=38 ikWeightR=4 ikLimbEndR=45 ikLimbTagR=0x4b494232 ikTargetL=39 ikWeightL=5 ikLimbEndL=72 ikWrittenR=8429 ikWrittenL=8429 ikNoPose=0 ikClamped=1936 ikReach=65 ikCalR=0 ikCalL=1 ikLocMm=330488,745282,479500 ikLocYawMdeg=42496 ikGoalMm=177,153,686 handZeroRightMm=0,0,0 handWorldRightMm=0,0,0 handCalibYawMdeg=0 handLastYawMdeg=0 handLastCharacter=0x0 weaponAttachment=0x1c78052b160 weaponBone=47 weaponSim=0x0 muzzleHooked=1 muzzleSamples=0 muzzleSample=unavailable aimOriginApplied=0 aimSamples=10373 aimOriginMode=0 aimMuzzleApplied=0 aimMuzzleUnavailable=0 barrelCalibrations=0 barrelOffsetMm=0,0,0 reticleApplied=10373 reticleOffScreen=0 reticleXY=630,447 reticleCanvasXY=848,230 reticleCanvasMode=1 reticleNativeCanvas=0 reticleNativeCanvasFailed=0 reticleDispatched=10373 reticleDispatchFailed=0 reticleProjection=fresh rpIndex=10373 rpStampNs=161430527357200 rpAgeNs=6295700 rpContext=1 rpSeq=12731 rpEpoch=4 rpRef=4 rpDisplayTime=161430535190652 rpPlayYaw=0.74170512 rpHeadPos=0,1.64999998,0 rpHeadQ=0,0,0,1 rpRawPos=0.180000007,1.29999995,-0.349999994 rpRawQ=0,0,0,1 rpOrigin=330.497772,745.397034,480.519592 rpDir=-0.31414029,0.93280375,0.176615611 rpCamera=0.737317741,-0.67554611,0,330.479828,0.67554611,0.737317741,0,745.244934,0,0,1,480.5 rpTans=-1.73205101,1.73205101,-1.85576892,1.85576892 rpDistance=10 rpSceneHit=0 rpRawXY=0.630104542,0.447127581 rpXY=0.630104542,0.447127581 rpClamped=0 rpDispatch=1 rpDispatchResults=0,0 aimDirMilli=-314,932,176 aimRawQMilli=0,0,0 recenters=0 reticleOriginMm=154 reticleConvergeMm=10000 hudElement=0x1c73cab00e0 hudCalls=20746 hudRefused=0 captures=0 aimBodyYaw=1 camYawMdeg=42496 headYawMdeg=0 playYawMdeg=42496 eyeMm=330497,745397,480519 headMm=0,1650,0 yawHeld=0 yawUnavailable=0 weaponMountMm=551,89,1058 weaponApplied=0 weaponRefused=0 weaponRotApplied=0 weaponRotNoPose=0 weaponRotDrive=0 weaponRotCalib=0 weaponBaseline=1 weaponAimUsable=1 aimApplied=10373 aimNoPose=0 aimNoPlayer=0 aimCompose=0 aimNativeMagMilli=1000 frameCaptures=0 frameTracked=0 frameOverrideApplied=0 frameOverrideRefused=0 menuActions=0 inputPosted=21 menuDiscarded=0 moveMode=2 moveHooked=1 moveOursX=1 moveOursY=1 moveNative=0 movePosted=4 moveDropped=0 moveInputObj=0x1c73ca53900 moveAxisMilli=0,0 moveCinematic=0 turnEnabled=1 turnPosted=1 turnRefused=0 fireEnabled=1 firePressed=0 fireReleased=0 fireRefused=0 mirrorFovPct=100 xrSyncs=12731 xrNotFocused=3 xrLocatedL=12731 xrLocatedR=12731 stickL=0,0 trigL=0 gripL=200,1400,-560 gripLok=1 stickR=0,0 trigR=0 gripR=180,1300,-350 gripRok=1 inputDropped=0 inputDrainThread=113132 channelProcessed=24 channelRejected=0
2026-10-03T23:42:00.667Z preyvr_report smoke=n/a observerFrames=13008 xrSession=1 xrFrames=12799 fovAgreed=8501 fovDiverged=8 projectionPolicy=prey_native cameraEdit=2 lastEye=0 viewObserved=10441 viewApplied=10441 viewPoseFallback=0 posApplied=10441 posRefused=0 posOffsetMm=0 nearApplied=1032127 nearRefused=0 nearNoEye=0 nearReentered=0 nearAlreadyOffset=0 nearNoProvenance=9460 eyeLookupMiss=9460 nearDeltaUm=-31500 handMatched=0 handSkipped=0 handApplied=0 handRefused=0 handSubtree=0 handRightMm=0 handLeftMm=0 handNoPose=0 handJoints=0 handMode=0 handDriveArmed=0 handCalibrated=0 handRightJoint=-1 handLeftJoint=-1 handWristArmed=0 handWristApplied=0 handTurnYaw=0 ikMode=2 ikHooked=1 ikOwner=0x1c783b765f0 ikEquipGen=4 ikPoseSeq=12805 ikNoOwner=19 ikBusy=1 ikCalls=50969 ikMatched=8504 ikRig=0x1c6b23b4da0 ikJoints=101 ikGate=1 ikCvar=1 ikTargetR=38 ikWeightR=4 ikLimbEndR=45 ikLimbTagR=0x4b494232 ikTargetL=39 ikWeightL=5 ikLimbEndL=72 ikWrittenR=8504 ikWrittenL=8504 ikNoPose=0 ikClamped=1941 ikReach=65 ikCalR=0 ikCalL=1 ikLocMm=330488,745282,479500 ikLocYawMdeg=42496 ikGoalMm=177,153,686 handZeroRightMm=0,0,0 handWorldRightMm=0,0,0 handCalibYawMdeg=0 handLastYawMdeg=0 handLastCharacter=0x0 weaponAttachment=0x1c78052b160 weaponBone=47 weaponSim=0x0 muzzleHooked=1 muzzleSamples=0 muzzleSample=unavailable aimOriginApplied=0 aimSamples=10447 aimOriginMode=0 aimMuzzleApplied=0 aimMuzzleUnavailable=0 barrelCalibrations=0 barrelOffsetMm=0,0,0 reticleApplied=10447 reticleOffScreen=0 reticleXY=501,500 reticleCanvasXY=502,500 reticleCanvasMode=1 reticleNativeCanvas=0 reticleNativeCanvasFailed=0 reticleDispatched=10447 reticleDispatchFailed=0 reticleProjection=fresh rpIndex=10447 rpStampNs=161431350368400 rpAgeNs=9149500 rpContext=1 rpSeq=12805 rpEpoch=4 rpRef=4 rpDisplayTime=161431357412866 rpPlayYaw=0.74170512 rpHeadPos=0,1.64999998,0 rpHeadQ=0,0,0,1 rpRawPos=0.180000007,1.29999995,-0.349999994 rpRawQ=0,0,0,1 rpOrigin=330.434998,745.339539,480.499939 rpDir=-0.67554611,0.737317741,0 rpCamera=0.737317741,-0.67554611,0,330.479828,0.67554611,0.737317741,0,745.244934,0,0,1,480.5 rpTans=-1.73205101,1.73205101,-1.85576892,1.85576892 rpDistance=10 rpSceneHit=0 rpRawXY=0.50088191,0.500001669 rpXY=0.50088191,0.500001669 rpClamped=0 rpDispatch=1 rpDispatchResults=0,0 aimDirMilli=-675,737,0 aimRawQMilli=0,0,0 recenters=0 reticleOriginMm=105 reticleConvergeMm=10000 hudElement=0x1c73cab00e0 hudCalls=20894 hudRefused=0 captures=0 aimBodyYaw=1 camYawMdeg=42496 headYawMdeg=0 playYawMdeg=42496 eyeMm=330435,745339,480499 headMm=0,1650,0 yawHeld=0 yawUnavailable=0 weaponMountMm=551,89,1058 weaponApplied=0 weaponRefused=0 weaponRotApplied=0 weaponRotNoPose=0 weaponRotDrive=0 weaponRotCalib=0 weaponBaseline=1 weaponAimUsable=1 aimApplied=10447 aimNoPose=0 aimNoPlayer=0 aimCompose=0 aimNativeMagMilli=1000 frameCaptures=0 frameTracked=0 frameOverrideApplied=0 frameOverrideRefused=0 menuActions=0 inputPosted=21 menuDiscarded=0 moveMode=2 moveHooked=1 moveOursX=1 moveOursY=1 moveNative=0 movePosted=4 moveDropped=0 moveInputObj=0x1c73ca53900 moveAxisMilli=0,0 moveCinematic=0 turnEnabled=1 turnPosted=1 turnRefused=0 fireEnabled=1 firePressed=0 fireReleased=0 fireRefused=0 mirrorFovPct=100 xrSyncs=12806 xrNotFocused=3 xrLocatedL=12806 xrLocatedR=12806 stickL=0,0 trigL=0 gripL=200,1400,-560 gripLok=1 stickR=0,0 trigR=0 gripR=180,1300,-350 gripRok=1 inputDropped=0 inputDrainThread=113132 channelProcessed=26 channelRejected=0
2026-10-03T23:42:06.444Z preyvr_xr_session render_contract accepted eye=0 sourceTime=161437123903453 pose=-0.0315,1.65,0 q=0,0,0,1
2026-10-03T23:42:17.555Z preyvr_xr_session render_contract accepted eye=0 sourceTime=161448235014453 pose=-0.0315,1.65,0 q=0,0,0,1
2026-10-03T23:42:28.667Z preyvr_xr_session render_contract accepted eye=0 sourceTime=161459346125453 pose=-0.0315,1.65,0 q=0,0,0,1
2026-10-03T23:42:31.831Z preyvr_xr_session result=0 detail=ui_panel active=1
2026-10-03T23:42:31.831Z preyvr_xr_session ui_surface angle_degrees=0.000000
2026-10-03T23:42:39.261Z preyvr_xr_session result=0 detail=ui_panel active=0
2026-10-03T23:42:39.611Z preyvr_camera_edit result=0 detail=stereo_disarmed
2026-10-03T23:42:39.611Z preyvr_head_tracking result=0 detail=view_applying value=0
2026-10-03T23:42:39.611Z preyvr_view_hook result=0 detail=position_applying value=0
2026-10-03T23:42:39.611Z preyvr_near_stereo result=0 detail=enabled value=0
2026-10-03T23:42:39.611Z preyvr_near_fov result=0 detail=setting_accepted
2026-10-03T23:42:39.611Z preyvr_reticle result=0 detail=enabled value=0
2026-10-03T23:42:39.611Z preyvr_aim_takeover result=0 detail=enabled value=0
2026-10-03T23:42:39.611Z preyvr_anim_ik result=0 detail=controller_drive value=0
2026-10-03T23:42:39.611Z preyvr_anim_ik result=0 detail=mode value=0
2026-10-03T23:42:39.611Z preyvr_xr_input result=0 detail=menu_navigation value=0
2026-10-03T23:42:39.611Z preyvr_move result=0 detail=mode value=0
2026-10-03T23:42:39.611Z preyvr_move result=0 detail=turn value=0
2026-10-03T23:42:39.611Z preyvr_move result=0 detail=fire value=0
2026-10-03T23:42:39.611Z preyvr_vr state=off
2026-10-03T23:42:39.673Z preyvr_xr_session result=0 detail=torn_down
