Logged at Thursday, September 10, 2026 01:51:04
FileVersion: 1.0.1.0
ProductVersion: 1.0.1.0
LogFile: Game.log
GameDir: GameSDK
Executable: D:\SteamLibrary\steamapps\common\Prey\Binaries\Danielle\x64\Release\Prey.exe

Exception Thread: 0x0000B050 (JobSystem_Worker_3(Regular))
Exception Code: 0xC0000005
Exception Addr: 0x0033:0x00007FFD2B1AEC2A
Exception Module: <Unknown>
Exception Description: EXCEPTION_ACCESS_VIOLATION, Attempt to read from address 0xFFFFFFFFFFFFFFFF
The memory could not be "read"
Memory in use: 4957.0MB
Debug Status: 
Out of Memory: 0

Call Stack Trace:
10) function=0x00007FFD2B1AEC2A
 9) function=0x00007FFD2B1AF820
 8) function=0x00007FFD2B1ACD4F
 7) function=0x00007FFD2BD06B72
 6) function=0x00007FFD2BD07565
 5) function=0x00007FFD2B407E8C
 4) function=0x00007FFEF26FCD30
 3) function=0x00007FFEF409CCB7
 2) function=0x00007FFEF4F2AD6C
 1) function=0x00007FFEF4F2AD6C


Suspended thread (JobSystem_Worker_0(Regular)):
 2) function=0x00007FFEF4F2AD6C
 1) function=0x00007FFEF4F2AD6C


Suspended thread (JobSystem_Worker_1(Regular)):
 2) function=0x00007FFEF4F2AD6C
 1) function=0x00007FFEF4F2AD6C


Suspended thread (JobSystem_Worker_2(Regular)):
 2) function=0x00007FFEF4F2AD6C
 1) function=0x00007FFEF4F2AD6C


Suspended thread (JobSystem_Worker_4(Regular)):
 2) function=0x00007FFEF4F2AD6C
 1) function=0x00007FFEF4F2AD6C


Suspended thread (JobSystem_Worker_5(Regular)):
 2) function=0x00007FFEF4F2AD6C
 1) function=0x00007FFEF4F2AD6C


Suspended thread (JobSystem_Worker_6(Regular)):
 2) function=0x00007FFEF4F2AD6C
 1) function=0x00007FFEF4F2AD6C


Suspended thread (JobSystem_Worker_7(Regular)):
 2) function=0x00007FFEF4F2AD6C
 1) function=0x00007FFEF4F2AD6C


Suspended thread (JobSystem_Worker_0(Blocking)):
 2) function=0x00007FFEF4F2AD6C
 1) function=0x00007FFEF4F2AD6C


Suspended thread (RenderThread):
 2) function=0x00007FFEF4F2AD6C
 1) function=0x00007FFEF4F2AD6C


Suspended thread (Main):
 2) function=0x00007FFEF4F2AD6C
 1) function=0x00007FFEF4F2AD6C


Suspended thread (Physics):
 2) function=0x00007FFEF4F2AD6C
 1) function=0x00007FFEF4F2AD6C


Suspended thread (PhysicsWorker1):
 2) function=0x00007FFEF4F2AD6C
 1) function=0x00007FFEF4F2AD6C
