MSBuild version 18.5.4+cb4e32d21 for .NET Framework

  minhook.vcxproj -> D:\Dev Debug\PreyVR\build\inventory-stereo\_deps\minhook-build\Release\minhook.x64.lib
  InventoryDepth.cpp
  preyvr_dxgi_probe.vcxproj -> D:\Dev Debug\PreyVR\build\inventory-stereo\Release\preyvr_dxgi_probe.exe
  preyvr_dll_smoke_host.vcxproj -> D:\Dev Debug\PreyVR\build\inventory-stereo\Release\preyvr_dll_smoke_host.exe
  preyvr_inventory_capture_tests.vcxproj -> D:\Dev Debug\PreyVR\build\inventory-stereo\Release\preyvr_inventory_capture_tests.exe
  preyvr_injector.vcxproj -> D:\Dev Debug\PreyVR\build\inventory-stereo\Release\preyvr_injector.exe
  preyvr_near_fov_tests.vcxproj -> D:\Dev Debug\PreyVR\build\inventory-stereo\Release\preyvr_near_fov_tests.exe
  preyvr_inventory_swapchain_tests.vcxproj -> D:\Dev Debug\PreyVR\build\inventory-stereo\Release\preyvr_inventory_swapchain_tests.exe
  openxr_loader.vcxproj -> D:\Dev Debug\PreyVR\build\inventory-stereo\_deps\openxr-build\src\loader\Release\openxr_loader.dll
  D:\Dev Debug\PreyVR\build\inventory-stereo\_deps\openxr-build\src\loader\Release\openxr_loader.dll
  1 File(s) copied
  preyvr_core.vcxproj -> D:\Dev Debug\PreyVR\build\inventory-stereo\Release\preyvr_core.lib
  D:\Dev Debug\PreyVR\build\inventory-stereo\_deps\openxr-build\src\loader\Release\openxr_loader.dll
  1 File(s) copied
  D:\Dev Debug\PreyVR\build\inventory-stereo\_deps\openxr-build\src\loader\Release\openxr_loader.dll
  1 File(s) copied
  preyvr_win32_bootstrap.vcxproj -> D:\Dev Debug\PreyVR\build\inventory-stereo\Release\preyvr_win32_bootstrap.lib
  preyvr_anim_ik_tests.vcxproj -> D:\Dev Debug\PreyVR\build\inventory-stereo\Release\preyvr_anim_ik_tests.exe
  preyvr_runtime_bootstrap_tests.vcxproj -> D:\Dev Debug\PreyVR\build\inventory-stereo\Release\preyvr_runtime_bootstrap_tests.exe
  preyvr_engine_map_tests.vcxproj -> D:\Dev Debug\PreyVR\build\inventory-stereo\Release\preyvr_engine_map_tests.exe
  preyvr_frame_clock_tests.vcxproj -> D:\Dev Debug\PreyVR\build\inventory-stereo\Release\preyvr_frame_clock_tests.exe
  preyvr_stereo_camera_tests.vcxproj -> D:\Dev Debug\PreyVR\build\inventory-stereo\Release\preyvr_stereo_camera_tests.exe
  preyvr_weapon_rig_alignment_tests.vcxproj -> D:\Dev Debug\PreyVR\build\inventory-stereo\Release\preyvr_weapon_rig_alignment_tests.exe
  preyvr_runtime_snapshot_tests.vcxproj -> D:\Dev Debug\PreyVR\build\inventory-stereo\Release\preyvr_runtime_snapshot_tests.exe
  preyvr_frame_dump_tests.vcxproj -> D:\Dev Debug\PreyVR\build\inventory-stereo\Release\preyvr_frame_dump_tests.exe
  preyvr_ui_pointer_tests.vcxproj -> D:\Dev Debug\PreyVR\build\inventory-stereo\Release\preyvr_ui_pointer_tests.exe
  preyvr_xr_swapchain_format_tests.vcxproj -> D:\Dev Debug\PreyVR\build\inventory-stereo\Release\preyvr_xr_swapchain_format_tests.exe
  preyvr_interaction_query_tests.vcxproj -> D:\Dev Debug\PreyVR\build\inventory-stereo\Release\preyvr_interaction_query_tests.exe
  preyvr_render_frame_table_tests.vcxproj -> D:\Dev Debug\PreyVR\build\inventory-stereo\Release\preyvr_render_frame_table_tests.exe
  InventoryDepthTests.cpp
  preyvr_xr_frame_contract_tests.vcxproj -> D:\Dev Debug\PreyVR\build\inventory-stereo\Release\preyvr_xr_frame_contract_tests.exe
  preyvr_menu_navigator_tests.vcxproj -> D:\Dev Debug\PreyVR\build\inventory-stereo\Release\preyvr_menu_navigator_tests.exe
  preyvr_stereo_frame_tests.vcxproj -> D:\Dev Debug\PreyVR\build\inventory-stereo\Release\preyvr_stereo_frame_tests.exe
  preyvr_vr_math_tests.vcxproj -> D:\Dev Debug\PreyVR\build\inventory-stereo\Release\preyvr_vr_math_tests.exe
  preyvr_input_queue_tests.vcxproj -> D:\Dev Debug\PreyVR\build\inventory-stereo\Release\preyvr_input_queue_tests.exe
  preyvr_wrench_query_tests.vcxproj -> D:\Dev Debug\PreyVR\build\inventory-stereo\Release\preyvr_wrench_query_tests.exe
  preyvr_input_event_tests.vcxproj -> D:\Dev Debug\PreyVR\build\inventory-stereo\Release\preyvr_input_event_tests.exe
  preyvr_ray_probe.vcxproj -> D:\Dev Debug\PreyVR\build\inventory-stereo\Release\preyvr_ray_probe.exe
  preyvr_weapon_aim_tests.vcxproj -> D:\Dev Debug\PreyVR\build\inventory-stereo\Release\preyvr_weapon_aim_tests.exe
  preyvr_frustum_coverage_tests.vcxproj -> D:\Dev Debug\PreyVR\build\inventory-stereo\Release\preyvr_frustum_coverage_tests.exe
C:\Program Files (x86)\Microsoft Visual Studio\18\BuildTools\VC\Tools\MSVC\14.50.35717\include\__msvc_ostream.hpp(781,9): warning C4530: C++ exception handler used, but unwind semantics are not enabled. Specify /EHsc [D:\Dev Debug\PreyVR\build\inventory-stereo\preyvr_inventory_depth_tests.vcxproj]
  (compiling source file '../../tests/InventoryDepthTests.cpp')
      C:\Program Files (x86)\Microsoft Visual Studio\18\BuildTools\VC\Tools\MSVC\14.50.35717\include\__msvc_ostream.hpp(781,9):
      the template instantiation context (the oldest one first) is
          D:\Dev Debug\PreyVR\tests\InventoryDepthTests.cpp(13,19):
          see reference to function template instantiation 'std::basic_ostream<char,std::char_traits<char>> &std::operator <<<std::char_traits<char>>(std::basic_ostream<char,std::char_traits<char>> &,const char *)' being compiled
  
  preyvr_frame_timing_tests.vcxproj -> D:\Dev Debug\PreyVR\build\inventory-stereo\Release\preyvr_frame_timing_tests.exe
  preyvr_ui_panel_tests.vcxproj -> D:\Dev Debug\PreyVR\build\inventory-stereo\Release\preyvr_ui_panel_tests.exe
  preyvr_motion_controller_tests.vcxproj -> D:\Dev Debug\PreyVR\build\inventory-stereo\Release\preyvr_motion_controller_tests.exe
  preyvr_debug_registers_tests.vcxproj -> D:\Dev Debug\PreyVR\build\inventory-stereo\Release\preyvr_debug_registers_tests.exe
  preyvr_openxr_preflight_tests.vcxproj -> D:\Dev Debug\PreyVR\build\inventory-stereo\Release\preyvr_openxr_preflight_tests.exe
  preyvr_frame_diff.vcxproj -> D:\Dev Debug\PreyVR\build\inventory-stereo\Release\preyvr_frame_diff.exe
  preyvr_inventory_depth_tests.vcxproj -> D:\Dev Debug\PreyVR\build\inventory-stereo\Release\preyvr_inventory_depth_tests.exe
  preyvr_locomotion_tests.vcxproj -> D:\Dev Debug\PreyVR\build\inventory-stereo\Release\preyvr_locomotion_tests.exe
  preyvr_engine_map_probe.vcxproj -> D:\Dev Debug\PreyVR\build\inventory-stereo\Release\preyvr_engine_map_probe.exe
  preyvr_xr_adapter_probe.vcxproj -> D:\Dev Debug\PreyVR\build\inventory-stereo\Release\preyvr_xr_adapter_probe.exe
  preyvr_xr_session_probe.vcxproj -> D:\Dev Debug\PreyVR\build\inventory-stereo\Release\preyvr_xr_session_probe.exe
  preyvr_depth_submission_tests.vcxproj -> D:\Dev Debug\PreyVR\build\inventory-stereo\Release\preyvr_depth_submission_tests.exe
  preyvr_console_policy_tests.vcxproj -> D:\Dev Debug\PreyVR\build\inventory-stereo\Release\preyvr_console_policy_tests.exe
  preyvr_camera_edit_tests.vcxproj -> D:\Dev Debug\PreyVR\build\inventory-stereo\Release\preyvr_camera_edit_tests.exe
  preyvr_aim_state_tests.vcxproj -> D:\Dev Debug\PreyVR\build\inventory-stereo\Release\preyvr_aim_state_tests.exe
  HudLayer.cpp
C:\Program Files (x86)\Microsoft Visual Studio\18\BuildTools\VC\Tools\MSVC\14.50.35717\include\chrono(2381,9): warning C4530: C++ exception handler used, but unwind semantics are not enabled. Specify /EHsc [D:\Dev Debug\PreyVR\build\inventory-stereo\preyvr.vcxproj]
  (compiling source file '../../src/dll/HudLayer.cpp')
  
  XrSessionHost.cpp
C:\Program Files (x86)\Microsoft Visual Studio\18\BuildTools\VC\Tools\MSVC\14.50.35717\include\chrono(2381,9): warning C4530: C++ exception handler used, but unwind semantics are not enabled. Specify /EHsc [D:\Dev Debug\PreyVR\build\inventory-stereo\preyvr.vcxproj]
  (compiling source file '../../src/dll/XrSessionHost.cpp')
  
  Generating Code...
  preyvr.vcxproj -> D:\Dev Debug\PreyVR\build\inventory-stereo\Release\PreyVR.dll
